[2026-03-26 12:01:58] ====================================
[2026-03-26 12:01:58] HOST:                     saxa.inf.ed.ac.uk
[2026-03-26 12:01:58] JOB:                      2234611
[2026-03-26 12:01:58] PROJECT_DIR:              /home/s2890639/projects/edin-mls-26-spring
[2026-03-26 12:01:58] OUTPUT_DIR:               /home/s2890639/projects/edin-mls-26-spring/results_kernels/run_2234611
[2026-03-26 12:01:58] LOG_FILE:                 /home/s2890639/projects/edin-mls-26-spring/results_kernels/run_2234611/logs/benchmark_run_2234611_20260326_120158.log
[2026-03-26 12:01:58] RUNS (kernel):            100
[2026-03-26 12:01:58] WARMUP (kernel):          10
[2026-03-26 12:01:58] SEQ_LENS_KERNEL:          64,128,256,512,1024,2048
[2026-03-26 12:01:58] BLOCK_SIZES_ATTN:         16,32,64
[2026-03-26 12:01:58] BLOCK_SIZES_NORM:         256,512,1024,2048
[2026-03-26 12:01:58] BLOCK_SIZES_LINEAR:       32,64,128
[2026-03-26 12:01:58] BLOCK_SIZES_CONV:         32,64,128
[2026-03-26 12:01:58] BLOCK_SIZES_ROPE:         16,32,64
[2026-03-26 12:01:58] MODEL_RUNS:               20
[2026-03-26 12:01:58] MODEL_WARMUP:             5
[2026-03-26 12:01:58] MAX_NEW_TOKENS:           100
[2026-03-26 12:01:58] AUDIO:                    /home/s2890639/projects/edin-mls-26-spring/hw1-asr/test_audio.wav
[2026-03-26 12:01:58] LIBRISPEECH_DATA_DIR:     /home/s2890639/projects/edin-mls-26-spring/hw1-asr/data
[2026-03-26 12:01:58] MODEL_SWEEP_SEQ_LENS:     10,25,50,75,100,150,200
[2026-03-26 12:01:58] MODEL_CORRECTNESS_N:      20
[2026-03-26 12:01:58] ====================================
[2026-03-26 12:01:59] Python: /home/s2890639/.conda/envs/mls/bin/python
Python 3.11.15
Thu Mar 26 12:01:59 2026       
+-----------------------------------------------------------------------------------------+
| NVIDIA-SMI 580.126.09             Driver Version: 580.126.09     CUDA Version: 13.0     |
+-----------------------------------------+------------------------+----------------------+
| GPU  Name                 Persistence-M | Bus-Id          Disp.A | Volatile Uncorr. ECC |
| Fan  Temp   Perf          Pwr:Usage/Cap |           Memory-Usage | GPU-Util  Compute M. |
|                                         |                        |               MIG M. |
|=========================================+========================+======================|
|   0  NVIDIA H200                    On  |   00000000:3B:00.0 Off |                   On |
| N/A   40C    P0            246W /  700W |    8785MiB / 143771MiB |     N/A      Default |
|                                         |                        |              Enabled |
+-----------------------------------------+------------------------+----------------------+

+-----------------------------------------------------------------------------------------+
| MIG devices:                                                                            |
+------------------+----------------------------------+-----------+-----------------------+
| GPU  GI  CI  MIG |              Shared Memory-Usage |        Vol|        Shared         |
|      ID  ID  Dev |                Shared BAR1-Usage | SM     Unc| CE ENC  DEC  OFA  JPG |
|                  |                                  |        ECC|                       |
|==================+==================================+===========+=======================|
|  0   12   0   0  |              15MiB / 16384MiB    | 16      0 |  1   0    1    0    1 |
|                  |               0MiB / 14809MiB    |           |                       |
+------------------+----------------------------------+-----------+-----------------------+

+-----------------------------------------------------------------------------------------+
| Processes:                                                                              |
|  GPU   GI   CI              PID   Type   Process name                        GPU Memory |
|        ID   ID                                                               Usage      |
|=========================================================================================|
|  No running processes found                                                             |
+-----------------------------------------------------------------------------------------+
[2026-03-26 12:01:59] ==== PHASE 1: Kernel microbenchmarks (runs=100, warmup=10) ====
[2026-03-26 12:01:59] -- Kernel: attention (block-sizes: 16,32,64)
========================================================================
GLM-ASR Kernel Benchmarking Framework
template  = glm_asr_triton_template  (student implementation)
example   = glm_asr_triton_example   (reference Triton)
pytorch   = torch.nn.functional      (vendor baseline)
========================================================================

Device: cuda
GPU:    NVIDIA H200 MIG 1g.18gb

────────────────────────────────────────────────────────────────────────
Benchmarking: attention  |  seq_lens=[64, 128, 256, 512, 1024, 2048]  |  block_sizes=[16, 32, 64]
Warmup=10, Runs=100
────────────────────────────────────────────────────────────────────────
  [correctness] flash_attention seq=64: PASS  (max_diff=2.0896e-03)
  [correctness] flash_attention seq=128: PASS  (max_diff=2.1645e-03)
  [correctness] flash_attention seq=256: PASS  (max_diff=2.1393e-03)
  [correctness] flash_attention seq=512: PASS  (max_diff=1.8822e-03)
  [correctness] flash_attention seq=1024: PASS  (max_diff=1.3373e-03)
  [correctness] flash_attention seq=2048: PASS  (max_diff=8.2970e-04)

========================================================================
Attention Benchmark  (B=1, H=16, D=128, cuda)
========================================================================

Latency mean±std (ms) — lower is better  (* = best Triton variant)
+---------+-----------------+-----------------+----------------+
| seq_len | flash_autotuned | example_basic   | pytorch        |
+---------+-----------------+-----------------+----------------+
| 64      | 0.189±0.008ms*  | 0.331±0.016ms   | 0.049±0.004ms  |
| 128     | 0.050±0.001ms*  | 0.360±0.028ms   | 0.051±0.002ms  |
| 256     | 0.099±0.007ms*  | 1.252±0.041ms   | 0.117±0.001ms  |
| 512     | 0.248±0.002ms*  | 0.997±0.033ms   | 0.423±0.002ms  |
| 1024    | 0.855±0.003ms*  | 3.467±0.005ms   | 1.639±0.003ms  |
| 2048    | 3.228±0.018ms*  | 13.715±0.005ms  | 6.250±0.008ms  |
+---------+-----------------+-----------------+----------------+

Latency min–max (ms)
+---------+-----------------+-----------------+---------------+
| seq_len | flash_autotuned | example_basic   | pytorch       |
+---------+-----------------+-----------------+---------------+
| 64      | 0.178–0.244ms   | 0.289–0.378ms   | 0.045–0.068ms |
| 128     | 0.048–0.056ms   | 0.320–0.572ms   | 0.048–0.062ms |
| 256     | 0.091–0.116ms   | 1.198–1.335ms   | 0.116–0.122ms |
| 512     | 0.245–0.253ms   | 0.959–1.091ms   | 0.419–0.431ms |
| 1024    | 0.849–0.864ms   | 3.460–3.489ms   | 1.634–1.650ms |
| 2048    | 3.214–3.349ms   | 13.703–13.734ms | 6.240–6.295ms |
+---------+-----------------+-----------------+---------------+

Speedup vs PyTorch  (>1.0 = faster than PyTorch)
+---------+-----------------+---------------+---------+
| seq_len | flash_autotuned | example_basic | pytorch |
+---------+-----------------+---------------+---------+
| 64      |   0.26x         |   0.15x       |   1.00x |
| 128     |   1.02x         |   0.14x       |   1.00x |
| 256     |   1.18x         |   0.09x       |   1.00x |
| 512     |   1.70x         |   0.42x       |   1.00x |
| 1024    |   1.92x         |   0.47x       |   1.00x |
| 2048    |   1.94x         |   0.46x       |   1.00x |
+---------+-----------------+---------------+---------+

Memory Bandwidth GB/s  (higher is better)
+---------+-----------------+---------------+---------+
| seq_len | flash_autotuned | example_basic | pytorch |
+---------+-----------------+---------------+---------+
| 64      | 11.12 GB/s      | 7.13 GB/s     |  N/A    |
| 128     | 84.51 GB/s      | 14.57 GB/s    |  N/A    |
| 256     | 84.32 GB/s      | 10.05 GB/s    |  N/A    |
| 512     | 67.57 GB/s      | 33.65 GB/s    |  N/A    |
| 1024    | 39.26 GB/s      | 29.03 GB/s    |  N/A    |
| 2048    | 20.79 GB/s      | 24.47 GB/s    |  N/A    |
+---------+-----------------+---------------+---------+

TFLOPS  (higher is better)
+---------+-----------------+---------------+---------+
| seq_len | flash_autotuned | example_basic | pytorch |
+---------+-----------------+---------------+---------+
| 64      | 0.18 TF         | 0.10 TF       | 0.68 TF |
| 128     | 2.70 TF         | 0.37 TF       | 2.64 TF |
| 256     | 5.40 TF         | 0.43 TF       | 4.58 TF |
| 512     | 8.65 TF         | 2.15 TF       | 5.07 TF |
| 1024    | 10.05 TF        | 2.48 TF       | 5.24 TF |
| 2048    | 10.64 TF        | 2.51 TF       | 5.50 TF |
+---------+-----------------+---------------+---------+
  Saved: /home/s2890639/projects/edin-mls-26-spring/results_kernels/run_2234611/kernels/attention.csv
  Plot saved: /home/s2890639/projects/edin-mls-26-spring/results_kernels/run_2234611/kernels/attention.png
[2026-03-26 12:03:39] -- Kernel attention done.
[2026-03-26 12:03:39] -- Kernel: rmsnorm (block-sizes: 256,512,1024,2048)
========================================================================
GLM-ASR Kernel Benchmarking Framework
template  = glm_asr_triton_template  (student implementation)
example   = glm_asr_triton_example   (reference Triton)
pytorch   = torch.nn.functional      (vendor baseline)
========================================================================

Device: cuda
GPU:    NVIDIA H200 MIG 1g.18gb

────────────────────────────────────────────────────────────────────────
Benchmarking: rmsnorm  |  seq_lens=[64, 128, 256, 512, 1024, 2048]  |  block_sizes=[256, 512, 1024, 2048]
Warmup=10, Runs=100
────────────────────────────────────────────────────────────────────────
  [correctness] rmsnorm H=256: PASS  (max_diff=7.1526e-07)
  [correctness] rmsnorm H=512: PASS  (max_diff=4.7684e-07)
  [correctness] rmsnorm H=1024: PASS  (max_diff=4.7684e-07)
  [correctness] rmsnorm H=2048: PASS  (max_diff=7.1526e-07)

========================================================================
RMSNorm Benchmark  (batch_rows=256, sweep hidden_size, cuda)
========================================================================

Latency mean±std (ms) — lower is better  (* = best Triton variant)
+---------+----------------+----------------+----------------+
| seq_len | template       | example        | pytorch        |
+---------+----------------+----------------+----------------+
| 256     | 0.048±0.011ms  | 0.027±0.002ms* | 0.021±0.001ms  |
| 512     | 0.027±0.002ms  | 0.027±0.002ms* | 0.021±0.001ms  |
| 1024    | 0.066±0.004ms* | 0.067±0.005ms  | 0.051±0.003ms  |
| 2048    | 0.064±0.005ms* | 0.067±0.005ms  | 0.049±0.002ms  |
+---------+----------------+----------------+----------------+

Latency min–max (ms)
+---------+---------------+---------------+---------------+
| seq_len | template      | example       | pytorch       |
+---------+---------------+---------------+---------------+
| 256     | 0.034–0.104ms | 0.025–0.040ms | 0.019–0.028ms |
| 512     | 0.024–0.037ms | 0.025–0.040ms | 0.019–0.026ms |
| 1024    | 0.060–0.096ms | 0.060–0.100ms | 0.046–0.071ms |
| 2048    | 0.058–0.098ms | 0.062–0.107ms | 0.045–0.062ms |
+---------+---------------+---------------+---------------+

Speedup vs PyTorch  (>1.0 = faster than PyTorch)
+---------+----------+---------+---------+
| seq_len | template | example | pytorch |
+---------+----------+---------+---------+
| 256     |   0.43x  |   0.76x |   1.00x |
| 512     |   0.77x  |   0.77x |   1.00x |
| 1024    |   0.76x  |   0.75x |   1.00x |
| 2048    |   0.77x  |   0.74x |   1.00x |
+---------+----------+---------+---------+

Memory Bandwidth GB/s  (higher is better)
+---------+------------+------------+------------+
| seq_len | template   | example    | pytorch    |
+---------+------------+------------+------------+
| 256     | 10.97 GB/s | 19.18 GB/s | 25.26 GB/s |
| 512     | 38.70 GB/s | 38.81 GB/s | 50.32 GB/s |
| 1024    | 31.63 GB/s | 31.22 GB/s | 41.52 GB/s |
| 2048    | 65.85 GB/s | 62.88 GB/s | 85.55 GB/s |
+---------+------------+------------+------------+

TFLOPS  (higher is better)
+---------+----------+----------+----------+
| seq_len | template | example  | pytorch  |
+---------+----------+----------+----------+
| 256     | 0.01 TF  |  N/A  TF |  N/A  TF |
| 512     | 0.02 TF  |  N/A  TF |  N/A  TF |
| 1024    | 0.02 TF  |  N/A  TF |  N/A  TF |
| 2048    | 0.04 TF  |  N/A  TF |  N/A  TF |
+---------+----------+----------+----------+
  Saved: /home/s2890639/projects/edin-mls-26-spring/results_kernels/run_2234611/kernels/rmsnorm.csv
  Plot saved: /home/s2890639/projects/edin-mls-26-spring/results_kernels/run_2234611/kernels/rmsnorm.png
[2026-03-26 12:03:45] -- Kernel rmsnorm done.
[2026-03-26 12:03:45] -- Kernel: layernorm (block-sizes: 256,512,1024,2048)
========================================================================
GLM-ASR Kernel Benchmarking Framework
template  = glm_asr_triton_template  (student implementation)
example   = glm_asr_triton_example   (reference Triton)
pytorch   = torch.nn.functional      (vendor baseline)
========================================================================

Device: cuda
GPU:    NVIDIA H200 MIG 1g.18gb

────────────────────────────────────────────────────────────────────────
Benchmarking: layernorm  |  seq_lens=[64, 128, 256, 512, 1024, 2048]  |  block_sizes=[256, 512, 1024, 2048]
Warmup=10, Runs=100
────────────────────────────────────────────────────────────────────────
  [correctness] layernorm H=256: PASS  (max_diff=4.7684e-07)
  [correctness] layernorm H=512: PASS  (max_diff=4.7684e-07)
  [correctness] layernorm H=1024: PASS  (max_diff=4.7684e-07)
  [correctness] layernorm H=2048: PASS  (max_diff=9.5367e-07)

========================================================================
LayerNorm Benchmark  (batch_rows=256, sweep hidden_size, cuda)
========================================================================

Latency mean±std (ms) — lower is better  (* = best Triton variant)
+---------+----------------+----------------+----------------+
| seq_len | template       | example        | pytorch        |
+---------+----------------+----------------+----------------+
| 256     | 0.018±0.002ms* | 0.045±0.004ms  | 0.064±0.004ms  |
| 512     | 0.062±0.007ms* | 0.075±0.005ms  | 0.080±0.004ms  |
| 1024    | 0.076±0.005ms  | 0.074±0.006ms* | 0.079±0.004ms  |
| 2048    | 0.075±0.005ms* | 0.076±0.006ms  | 0.077±0.006ms  |
+---------+----------------+----------------+----------------+

Latency min–max (ms)
+---------+---------------+---------------+---------------+
| seq_len | template      | example       | pytorch       |
+---------+---------------+---------------+---------------+
| 256     | 0.016–0.031ms | 0.040–0.071ms | 0.060–0.095ms |
| 512     | 0.054–0.091ms | 0.067–0.112ms | 0.075–0.110ms |
| 1024    | 0.070–0.107ms | 0.068–0.115ms | 0.074–0.113ms |
| 2048    | 0.069–0.110ms | 0.067–0.117ms | 0.067–0.104ms |
+---------+---------------+---------------+---------------+

Speedup vs PyTorch  (>1.0 = faster than PyTorch)
+---------+----------+---------+---------+
| seq_len | template | example | pytorch |
+---------+----------+---------+---------+
| 256     |   3.58x  |   1.41x |   1.00x |
| 512     |   1.28x  |   1.07x |   1.00x |
| 1024    |   1.04x  |   1.06x |   1.00x |
| 2048    |   1.02x  |   1.02x |   1.00x |
+---------+----------+---------+---------+

Memory Bandwidth GB/s  (higher is better)
+---------+------------+------------+------------+
| seq_len | template   | example    | pytorch    |
+---------+------------+------------+------------+
| 256     | 29.37 GB/s | 11.55 GB/s | 8.20 GB/s  |
| 512     | 16.92 GB/s | 14.06 GB/s | 13.17 GB/s |
| 1024    | 27.58 GB/s | 28.20 GB/s | 26.58 GB/s |
| 2048    | 55.65 GB/s | 55.44 GB/s | 54.56 GB/s |
+---------+------------+------------+------------+
  Saved: /home/s2890639/projects/edin-mls-26-spring/results_kernels/run_2234611/kernels/layernorm.csv
  Plot saved: /home/s2890639/projects/edin-mls-26-spring/results_kernels/run_2234611/kernels/layernorm.png
[2026-03-26 12:03:51] -- Kernel layernorm done.
[2026-03-26 12:03:51] -- Kernel: fused_rmsnorm (block-sizes: 256,512,1024,2048)
========================================================================
GLM-ASR Kernel Benchmarking Framework
template  = glm_asr_triton_template  (student implementation)
example   = glm_asr_triton_example   (reference Triton)
pytorch   = torch.nn.functional      (vendor baseline)
========================================================================

Device: cuda
GPU:    NVIDIA H200 MIG 1g.18gb

────────────────────────────────────────────────────────────────────────
Benchmarking: fused_rmsnorm  |  seq_lens=[64, 128, 256, 512, 1024, 2048]  |  block_sizes=[256, 512, 1024, 2048]
Warmup=10, Runs=100
────────────────────────────────────────────────────────────────────────
  [correctness] fused_rmsnorm H=256: PASS  (max_diff=4.7684e-07)
  [correctness] fused_rmsnorm H=512: PASS  (max_diff=2.3842e-07)
  [correctness] fused_rmsnorm H=1024: PASS  (max_diff=4.7684e-07)
  [correctness] fused_rmsnorm H=2048: PASS  (max_diff=4.7684e-07)

========================================================================
FusedRMSNorm Benchmark  (batch_rows=256, sweep hidden_size, cuda)
========================================================================

Latency mean±std (ms) — lower is better  (* = best Triton variant)
+---------+----------------+-----------------+----------------+
| seq_len | template_fused | example_unfused | pytorch        |
+---------+----------------+-----------------+----------------+
| 256     | 0.057±0.022ms  | 0.031±0.003ms*  | 0.024±0.002ms  |
| 512     | 0.022±0.002ms* | 0.029±0.002ms   | 0.022±0.001ms  |
| 1024    | 0.035±0.002ms* | 0.045±0.004ms   | 0.036±0.003ms  |
| 2048    | 0.053±0.004ms* | 0.098±0.030ms   | 0.054±0.005ms  |
+---------+----------------+-----------------+----------------+

Latency min–max (ms)
+---------+----------------+-----------------+---------------+
| seq_len | template_fused | example_unfused | pytorch       |
+---------+----------------+-----------------+---------------+
| 256     | 0.018–0.122ms  | 0.027–0.047ms   | 0.021–0.039ms |
| 512     | 0.020–0.033ms  | 0.026–0.042ms   | 0.021–0.028ms |
| 1024    | 0.031–0.050ms  | 0.041–0.073ms   | 0.034–0.062ms |
| 2048    | 0.049–0.078ms  | 0.072–0.386ms   | 0.048–0.081ms |
+---------+----------------+-----------------+---------------+

Speedup vs PyTorch  (>1.0 = faster than PyTorch)
+---------+----------------+-----------------+---------+
| seq_len | template_fused | example_unfused | pytorch |
+---------+----------------+-----------------+---------+
| 256     |   0.41x        |   0.77x         |   1.00x |
| 512     |   1.01x        |   0.77x         |   1.00x |
| 1024    |   1.04x        |   0.81x         |   1.00x |
| 2048    |   1.02x        |   0.55x         |   1.00x |
+---------+----------------+-----------------+---------+

Memory Bandwidth GB/s  (higher is better)
+---------+----------------+-----------------+-------------+
| seq_len | template_fused | example_unfused | pytorch     |
+---------+----------------+-----------------+-------------+
| 256     | 18.30 GB/s     | 34.11 GB/s      | 44.55 GB/s  |
| 512     | 95.12 GB/s     | 72.47 GB/s      | 94.07 GB/s  |
| 1024    | 120.55 GB/s    | 93.05 GB/s      | 115.57 GB/s |
| 2048    | 158.16 GB/s    | 85.19 GB/s      | 154.61 GB/s |
+---------+----------------+-----------------+-------------+

TFLOPS  (higher is better)
+---------+----------------+-----------------+----------+
| seq_len | template_fused | example_unfused | pytorch  |
+---------+----------------+-----------------+----------+
| 256     | 0.01 TF        |  N/A  TF        |  N/A  TF |
| 512     | 0.04 TF        |  N/A  TF        |  N/A  TF |
| 1024    | 0.05 TF        |  N/A  TF        |  N/A  TF |
| 2048    | 0.06 TF        |  N/A  TF        |  N/A  TF |
+---------+----------------+-----------------+----------+
  Saved: /home/s2890639/projects/edin-mls-26-spring/results_kernels/run_2234611/kernels/fused_rmsnorm.csv
  Plot saved: /home/s2890639/projects/edin-mls-26-spring/results_kernels/run_2234611/kernels/fused_rmsnorm.png
[2026-03-26 12:03:56] -- Kernel fused_rmsnorm done.
[2026-03-26 12:03:56] -- Kernel: linear (block-sizes: 32,64,128)
========================================================================
GLM-ASR Kernel Benchmarking Framework
template  = glm_asr_triton_template  (student implementation)
example   = glm_asr_triton_example   (reference Triton)
pytorch   = torch.nn.functional      (vendor baseline)
========================================================================

Device: cuda
GPU:    NVIDIA H200 MIG 1g.18gb

────────────────────────────────────────────────────────────────────────
Benchmarking: linear  |  seq_lens=[64, 128, 256, 512, 1024, 2048]  |  block_sizes=[32, 64, 128]
Warmup=10, Runs=100
────────────────────────────────────────────────────────────────────────
  [correctness] linear_tf32 seq=64: PASS  (max_diff=1.7613e-01)
  [correctness] linear_int8 seq=64: PASS  (max_diff=9.7305e-02)
  [correctness] linear_tf32 seq=128: PASS  (max_diff=1.7392e-01)
  [correctness] linear_int8 seq=128: PASS  (max_diff=9.4391e-02)
  [correctness] linear_tf32 seq=256: PASS  (max_diff=1.8593e-01)
  [correctness] linear_int8 seq=256: PASS  (max_diff=9.8862e-02)
  [correctness] linear_tf32 seq=512: PASS  (max_diff=1.8944e-01)
  [correctness] linear_int8 seq=512: PASS  (max_diff=1.0013e-01)
  [correctness] linear_tf32 seq=1024: PASS  (max_diff=1.8599e-01)
  [correctness] linear_int8 seq=1024: PASS  (max_diff=9.4498e-02)
  [correctness] linear_tf32 seq=2048: PASS  (max_diff=1.9743e-01)
  [correctness] linear_int8 seq=2048: PASS  (max_diff=1.0500e-01)

========================================================================
Linear GEMM Benchmark  (M=seq_len, K=2048, N=5632, cuda)
========================================================================

Latency mean±std (ms) — lower is better  (* = best Triton variant)
+---------+--------------------+----------------+----------------+----------------+
| seq_len | template_autotuned | template_int8  | example_cublas | pytorch        |
+---------+--------------------+----------------+----------------+----------------+
| 64      | 0.147±0.006ms*     | 0.232±0.004ms  | 0.370±0.007ms  | 0.373±0.002ms  |
| 128     | 0.254±0.005ms      | 0.230±0.005ms* | 0.580±0.004ms  | 0.582±0.003ms  |
| 256     | 0.474±0.006ms      | 0.399±0.006ms* | 1.056±0.004ms  | 1.065±0.013ms  |
| 512     | 0.909±0.006ms      | 0.766±0.005ms* | 2.010±0.005ms  | 2.012±0.003ms  |
| 1024    | 1.779±0.007ms      | 1.641±0.012ms* | 3.707±0.006ms  | 3.711±0.010ms  |
| 2048    | 3.523±0.017ms      | 3.247±0.013ms* | 7.345±0.006ms  | 7.349±0.007ms  |
+---------+--------------------+----------------+----------------+----------------+

Latency min–max (ms)
+---------+--------------------+---------------+----------------+---------------+
| seq_len | template_autotuned | template_int8 | example_cublas | pytorch       |
+---------+--------------------+---------------+----------------+---------------+
| 64      | 0.141–0.168ms      | 0.226–0.249ms | 0.306–0.384ms  | 0.370–0.383ms |
| 128     | 0.249–0.271ms      | 0.225–0.243ms | 0.576–0.596ms  | 0.578–0.595ms |
| 256     | 0.466–0.494ms      | 0.393–0.416ms | 1.052–1.072ms  | 1.055–1.137ms |
| 512     | 0.902–0.933ms      | 0.758–0.781ms | 2.005–2.054ms  | 2.008–2.028ms |
| 1024    | 1.770–1.802ms      | 1.616–1.672ms | 3.701–3.740ms  | 3.703–3.791ms |
| 2048    | 3.509–3.665ms      | 3.232–3.292ms | 7.339–7.368ms  | 7.342–7.378ms |
+---------+--------------------+---------------+----------------+---------------+

Speedup vs PyTorch  (>1.0 = faster than PyTorch)
+---------+--------------------+---------------+----------------+---------+
| seq_len | template_autotuned | template_int8 | example_cublas | pytorch |
+---------+--------------------+---------------+----------------+---------+
| 64      |   2.53x            |   1.61x       |   1.01x        |   1.00x |
| 128     |   2.29x            |   2.52x       |   1.00x        |   1.00x |
| 256     |   2.25x            |   2.67x       |   1.01x        |   1.00x |
| 512     |   2.21x            |   2.63x       |   1.00x        |   1.00x |
| 1024    |   2.09x            |   2.26x       |   1.00x        |   1.00x |
| 2048    |   2.09x            |   2.26x       |   1.00x        |   1.00x |
+---------+--------------------+---------------+----------------+---------+

Memory Bandwidth GB/s  (higher is better)
+---------+--------------------+---------------+----------------+-------------+
| seq_len | template_autotuned | template_int8 | example_cublas | pytorch     |
+---------+--------------------+---------------+----------------+-------------+
| 64      | 326.80 GB/s        | 207.13 GB/s   | 130.17 GB/s    | 128.95 GB/s |
| 128     | 196.76 GB/s        | 217.23 GB/s   | 86.27 GB/s     | 86.04 GB/s  |
| 256     | 114.01 GB/s        | 135.20 GB/s   | 51.12 GB/s     | 50.73 GB/s  |
| 512     | 68.09 GB/s         | 80.78 GB/s    | 30.78 GB/s     | 30.74 GB/s  |
| 1024    | 43.63 GB/s         | 47.29 GB/s    | 20.93 GB/s     | 20.91 GB/s  |
| 2048    | 30.95 GB/s         | 33.58 GB/s    | 14.85 GB/s     | 14.84 GB/s  |
+---------+--------------------+---------------+----------------+-------------+

TFLOPS  (higher is better)
+---------+--------------------+---------------+----------------+---------+
| seq_len | template_autotuned | template_int8 | example_cublas | pytorch |
+---------+--------------------+---------------+----------------+---------+
| 64      | 10.03 TF           | 6.36 TF       | 4.00 TF        | 3.96 TF |
| 128     | 11.60 TF           | 12.81 TF      | 5.09 TF        | 5.07 TF |
| 256     | 12.47 TF           | 14.78 TF      | 5.59 TF        | 5.55 TF |
| 512     | 13.00 TF           | 15.42 TF      | 5.88 TF        | 5.87 TF |
| 1024    | 13.28 TF           | 14.40 TF      | 6.37 TF        | 6.37 TF |
| 2048    | 13.41 TF           | 14.55 TF      | 6.43 TF        | 6.43 TF |
+---------+--------------------+---------------+----------------+---------+
  Saved: /home/s2890639/projects/edin-mls-26-spring/results_kernels/run_2234611/kernels/linear.csv
  Plot saved: /home/s2890639/projects/edin-mls-26-spring/results_kernels/run_2234611/kernels/linear.png
[2026-03-26 12:04:18] -- Kernel linear done.
[2026-03-26 12:04:18] -- Kernel: swiglu (block-sizes: 32,64,128)
========================================================================
GLM-ASR Kernel Benchmarking Framework
template  = glm_asr_triton_template  (student implementation)
example   = glm_asr_triton_example   (reference Triton)
pytorch   = torch.nn.functional      (vendor baseline)
========================================================================

Device: cuda
GPU:    NVIDIA H200 MIG 1g.18gb

────────────────────────────────────────────────────────────────────────
Benchmarking: swiglu  |  seq_lens=[64, 128, 256, 512, 1024, 2048]  |  block_sizes=[32, 64, 128]
Warmup=10, Runs=100
────────────────────────────────────────────────────────────────────────
  [correctness] swiglu seq=64: PASS  (max_diff=1.5692e-02)
  [correctness] swiglu seq=128: PASS  (max_diff=1.7651e-02)
  [correctness] swiglu seq=256: PASS  (max_diff=1.9039e-02)
  [correctness] swiglu seq=512: PASS  (max_diff=2.0305e-02)
  [correctness] swiglu seq=1024: PASS  (max_diff=1.9672e-02)
  [correctness] swiglu seq=2048: PASS  (max_diff=2.0988e-02)

========================================================================
SwiGLU Benchmark  (M=seq_len, K=2048, N=5632, cuda)
========================================================================

Latency mean±std (ms) — lower is better  (* = best Triton variant)
+---------+--------------------+-----------------+-----------------+
| seq_len | template_autotuned | example_unfused | pytorch         |
+---------+--------------------+-----------------+-----------------+
| 64      | 0.237±0.004ms*     | 0.772±0.019ms   | 0.743±0.005ms   |
| 128     | 0.418±0.065ms*     | 1.188±0.005ms   | 1.180±0.017ms   |
| 256     | 0.725±0.007ms*     | 2.201±0.005ms   | 2.166±0.006ms   |
| 512     | 1.402±0.006ms*     | 4.190±0.006ms   | 4.123±0.012ms   |
| 1024    | 2.766±0.015ms*     | 7.766±0.026ms   | 7.627±0.005ms   |
| 2048    | 5.478±0.014ms*     | 15.397±0.008ms  | 15.131±0.009ms  |
+---------+--------------------+-----------------+-----------------+

Latency min–max (ms)
+---------+--------------------+-----------------+-----------------+
| seq_len | template_autotuned | example_unfused | pytorch         |
+---------+--------------------+-----------------+-----------------+
| 64      | 0.228–0.250ms      | 0.750–0.858ms   | 0.739–0.765ms   |
| 128     | 0.376–0.786ms      | 1.181–1.218ms   | 1.169–1.274ms   |
| 256     | 0.717–0.755ms      | 2.194–2.221ms   | 2.159–2.186ms   |
| 512     | 1.394–1.423ms      | 4.183–4.228ms   | 4.115–4.221ms   |
| 1024    | 2.749–2.834ms      | 7.751–8.011ms   | 7.619–7.645ms   |
| 2048    | 5.463–5.530ms      | 15.383–15.433ms | 15.119–15.194ms |
+---------+--------------------+-----------------+-----------------+

Speedup vs PyTorch  (>1.0 = faster than PyTorch)
+---------+--------------------+-----------------+---------+
| seq_len | template_autotuned | example_unfused | pytorch |
+---------+--------------------+-----------------+---------+
| 64      |   3.14x            |   0.96x         |   1.00x |
| 128     |   2.82x            |   0.99x         |   1.00x |
| 256     |   2.99x            |   0.98x         |   1.00x |
| 512     |   2.94x            |   0.98x         |   1.00x |
| 1024    |   2.76x            |   0.98x         |   1.00x |
| 2048    |   2.76x            |   0.98x         |   1.00x |
+---------+--------------------+-----------------+---------+

TFLOPS  (higher is better)
+---------+--------------------+-----------------+----------+
| seq_len | template_autotuned | example_unfused | pytorch  |
+---------+--------------------+-----------------+----------+
| 64      | 12.49 TF           | 3.82 TF         |  N/A  TF |
| 128     | 14.14 TF           | 4.97 TF         |  N/A  TF |
| 256     | 16.30 TF           | 5.37 TF         |  N/A  TF |
| 512     | 16.85 TF           | 5.64 TF         |  N/A  TF |
| 1024    | 17.08 TF           | 6.08 TF         |  N/A  TF |
| 2048    | 17.25 TF           | 6.14 TF         |  N/A  TF |
+---------+--------------------+-----------------+----------+
  Saved: /home/s2890639/projects/edin-mls-26-spring/results_kernels/run_2234611/kernels/swiglu.csv
  Plot saved: /home/s2890639/projects/edin-mls-26-spring/results_kernels/run_2234611/kernels/swiglu.png
[2026-03-26 12:04:35] -- Kernel swiglu done.
[2026-03-26 12:04:35] -- Kernel: linear_gelu (block-sizes: 32,64,128)
========================================================================
GLM-ASR Kernel Benchmarking Framework
template  = glm_asr_triton_template  (student implementation)
example   = glm_asr_triton_example   (reference Triton)
pytorch   = torch.nn.functional      (vendor baseline)
========================================================================

Device: cuda
GPU:    NVIDIA H200 MIG 1g.18gb

────────────────────────────────────────────────────────────────────────
Benchmarking: linear_gelu  |  seq_lens=[64, 128, 256, 512, 1024, 2048]  |  block_sizes=[32, 64, 128]
Warmup=10, Runs=100
────────────────────────────────────────────────────────────────────────
  [correctness] linear_gelu seq=64: PASS  (max_diff=1.5265e-01)
  [correctness] linear_gelu seq=128: PASS  (max_diff=1.5988e-01)
  [correctness] linear_gelu seq=256: PASS  (max_diff=1.7659e-01)
  [correctness] linear_gelu seq=512: PASS  (max_diff=1.8077e-01)
  [correctness] linear_gelu seq=1024: PASS  (max_diff=1.8394e-01)
  [correctness] linear_gelu seq=2048: PASS  (max_diff=1.7749e-01)

========================================================================
LinearGELU Benchmark  (M=seq_len, K=2048, N=5632, cuda)
========================================================================

Latency mean±std (ms) — lower is better  (* = best Triton variant)
+---------+--------------------+-------------------+-------------------+--------------------+-----------------+----------------+
| seq_len | template_autotuned | example_fused_T32 | example_fused_T64 | example_fused_T128 | example_unfused | pytorch        |
+---------+--------------------+-------------------+-------------------+--------------------+-----------------+----------------+
| 64      | 0.258±0.006ms      | 0.207±0.005ms*    | 0.298±0.005ms     | 0.371±0.004ms      | 0.211±0.004ms   | 0.378±0.003ms  |
| 128     | 0.257±0.006ms*     | 0.384±0.008ms     | 0.520±0.004ms     | 0.376±0.004ms      | 0.389±0.004ms   | 0.592±0.004ms  |
| 256     | 0.476±0.006ms*     | 0.735±0.002ms     | 1.016±0.003ms     | 0.734±0.004ms      | 0.748±0.003ms   | 1.082±0.004ms  |
| 512     | 0.929±0.033ms*     | 1.444±0.004ms     | 2.005±0.003ms     | 1.337±0.012ms      | 1.472±0.003ms   | 2.055±0.003ms  |
| 1024    | 1.794±0.008ms*     | 2.873±0.006ms     | 4.005±0.006ms     | 2.675±0.011ms      | 2.947±0.007ms   | 3.798±0.007ms  |
| 2048    | 3.546±0.010ms*     | 5.781±0.018ms     | 7.998±0.018ms     | 5.375±0.017ms      | 6.127±0.014ms   | 7.532±0.020ms  |
+---------+--------------------+-------------------+-------------------+--------------------+-----------------+----------------+

Latency min–max (ms)
+---------+--------------------+-------------------+-------------------+--------------------+-----------------+---------------+
| seq_len | template_autotuned | example_fused_T32 | example_fused_T64 | example_fused_T128 | example_unfused | pytorch       |
+---------+--------------------+-------------------+-------------------+--------------------+-----------------+---------------+
| 64      | 0.250–0.278ms      | 0.202–0.224ms     | 0.293–0.316ms     | 0.367–0.388ms      | 0.207–0.232ms   | 0.374–0.393ms |
| 128     | 0.251–0.278ms      | 0.379–0.453ms     | 0.517–0.536ms     | 0.372–0.391ms      | 0.384–0.405ms   | 0.589–0.608ms |
| 256     | 0.470–0.510ms      | 0.731–0.745ms     | 1.011–1.027ms     | 0.730–0.760ms      | 0.744–0.762ms   | 1.076–1.109ms |
| 512     | 0.910–1.099ms      | 1.438–1.459ms     | 2.001–2.027ms     | 1.332–1.450ms      | 1.467–1.483ms   | 2.051–2.073ms |
| 1024    | 1.784–1.812ms      | 2.865–2.900ms     | 3.999–4.038ms     | 2.665–2.731ms      | 2.935–2.968ms   | 3.791–3.836ms |
| 2048    | 3.534–3.593ms      | 5.752–5.914ms     | 7.986–8.156ms     | 5.325–5.432ms      | 6.086–6.177ms   | 7.517–7.685ms |
+---------+--------------------+-------------------+-------------------+--------------------+-----------------+---------------+

Speedup vs PyTorch  (>1.0 = faster than PyTorch)
+---------+--------------------+-------------------+-------------------+--------------------+-----------------+---------+
| seq_len | template_autotuned | example_fused_T32 | example_fused_T64 | example_fused_T128 | example_unfused | pytorch |
+---------+--------------------+-------------------+-------------------+--------------------+-----------------+---------+
| 64      |   1.47x            |   1.82x           |   1.27x           |   1.02x            |   1.79x         |   1.00x |
| 128     |   2.30x            |   1.54x           |   1.14x           |   1.58x            |   1.52x         |   1.00x |
| 256     |   2.27x            |   1.47x           |   1.06x           |   1.47x            |   1.45x         |   1.00x |
| 512     |   2.21x            |   1.42x           |   1.03x           |   1.54x            |   1.40x         |   1.00x |
| 1024    |   2.12x            |   1.32x           |   0.95x           |   1.42x            |   1.29x         |   1.00x |
| 2048    |   2.12x            |   1.30x           |   0.94x           |   1.40x            |   1.23x         |   1.00x |
+---------+--------------------+-------------------+-------------------+--------------------+-----------------+---------+

Memory Bandwidth GB/s  (higher is better)
+---------+--------------------+-------------------+-------------------+--------------------+-----------------+-------------+
| seq_len | template_autotuned | example_fused_T32 | example_fused_T64 | example_fused_T128 | example_unfused | pytorch     |
+---------+--------------------+-------------------+-------------------+--------------------+-----------------+-------------+
| 64      | 186.72 GB/s        | 232.13 GB/s       | 161.27 GB/s       | 129.78 GB/s        | 227.96 GB/s     | 127.29 GB/s |
| 128     | 194.46 GB/s        | 130.55 GB/s       | 96.21 GB/s        | 133.29 GB/s        | 128.78 GB/s     | 84.61 GB/s  |
| 256     | 113.34 GB/s        | 73.43 GB/s        | 53.13 GB/s        | 73.53 GB/s         | 72.18 GB/s      | 49.91 GB/s  |
| 512     | 66.62 GB/s         | 42.85 GB/s        | 30.85 GB/s        | 46.27 GB/s         | 42.02 GB/s      | 30.10 GB/s  |
| 1024    | 43.25 GB/s         | 27.01 GB/s        | 19.37 GB/s        | 29.01 GB/s         | 26.33 GB/s      | 20.43 GB/s  |
| 2048    | 30.75 GB/s         | 18.86 GB/s        | 13.63 GB/s        | 20.29 GB/s         | 17.80 GB/s      | 14.48 GB/s  |
+---------+--------------------+-------------------+-------------------+--------------------+-----------------+-------------+

TFLOPS  (higher is better)
+---------+--------------------+-------------------+-------------------+--------------------+-----------------+---------+
| seq_len | template_autotuned | example_fused_T32 | example_fused_T64 | example_fused_T128 | example_unfused | pytorch |
+---------+--------------------+-------------------+-------------------+--------------------+-----------------+---------+
| 64      | 5.73 TF            | 7.13 TF           | 4.95 TF           | 3.98 TF            | 7.00 TF         | 3.91 TF |
| 128     | 11.47 TF           | 7.70 TF           | 5.68 TF           | 7.86 TF            | 7.60 TF         | 4.99 TF |
| 256     | 12.40 TF           | 8.03 TF           | 5.81 TF           | 8.04 TF            | 7.90 TF         | 5.46 TF |
| 512     | 12.72 TF           | 8.18 TF           | 5.89 TF           | 8.84 TF            | 8.02 TF         | 5.75 TF |
| 1024    | 13.17 TF           | 8.23 TF           | 5.90 TF           | 8.83 TF            | 8.02 TF         | 6.22 TF |
| 2048    | 13.33 TF           | 8.17 TF           | 5.91 TF           | 8.79 TF            | 7.71 TF         | 6.27 TF |
+---------+--------------------+-------------------+-------------------+--------------------+-----------------+---------+
  Saved: /home/s2890639/projects/edin-mls-26-spring/results_kernels/run_2234611/kernels/linear_gelu.csv
  Plot saved: /home/s2890639/projects/edin-mls-26-spring/results_kernels/run_2234611/kernels/linear_gelu.png
[2026-03-26 12:04:54] -- Kernel linear_gelu done.
[2026-03-26 12:04:54] -- Kernel: softmax (block-sizes: <default>)
========================================================================
GLM-ASR Kernel Benchmarking Framework
template  = glm_asr_triton_template  (student implementation)
example   = glm_asr_triton_example   (reference Triton)
pytorch   = torch.nn.functional      (vendor baseline)
========================================================================

Device: cuda
GPU:    NVIDIA H200 MIG 1g.18gb

────────────────────────────────────────────────────────────────────────
Benchmarking: softmax  |  seq_lens=[64, 128, 256, 512, 1024, 2048]  |  block_sizes=[]
Warmup=10, Runs=100
────────────────────────────────────────────────────────────────────────
  [correctness] softmax seq=64: PASS  (max_diff=2.9802e-08)
  [correctness] softmax seq=128: PASS  (max_diff=2.2352e-08)
  [correctness] softmax seq=256: PASS  (max_diff=1.4901e-08)
  [correctness] softmax seq=512: PASS  (max_diff=1.4901e-08)
  [correctness] softmax seq=1024: PASS  (max_diff=5.5879e-09)
  [correctness] softmax seq=2048: PASS  (max_diff=2.7940e-09)

========================================================================
Softmax Benchmark  (batch_rows=256, sweep seq_len, cuda)
========================================================================

Latency mean±std (ms) — lower is better  (* = best Triton variant)
+---------+----------------+----------------+----------------+
| seq_len | template       | example        | pytorch        |
+---------+----------------+----------------+----------------+
| 64      | 0.019±0.004ms  | 0.018±0.003ms* | 0.012±0.002ms  |
| 128     | 0.018±0.003ms  | 0.018±0.002ms* | 0.011±0.002ms  |
| 256     | 0.018±0.003ms* | 0.019±0.003ms  | 0.012±0.002ms  |
| 512     | 0.018±0.003ms  | 0.018±0.003ms* | 0.012±0.002ms  |
| 1024    | 0.018±0.003ms* | 0.018±0.003ms  | 0.012±0.002ms  |
| 2048    | 0.018±0.003ms* | 0.019±0.003ms  | 0.015±0.002ms  |
+---------+----------------+----------------+----------------+

Latency min–max (ms)
+---------+---------------+---------------+---------------+
| seq_len | template      | example       | pytorch       |
+---------+---------------+---------------+---------------+
| 64      | 0.015–0.039ms | 0.015–0.028ms | 0.009–0.020ms |
| 128     | 0.014–0.026ms | 0.015–0.025ms | 0.009–0.018ms |
| 256     | 0.014–0.027ms | 0.014–0.036ms | 0.009–0.023ms |
| 512     | 0.015–0.029ms | 0.014–0.039ms | 0.009–0.019ms |
| 1024    | 0.015–0.027ms | 0.015–0.029ms | 0.009–0.025ms |
| 2048    | 0.015–0.027ms | 0.015–0.031ms | 0.013–0.023ms |
+---------+---------------+---------------+---------------+

Speedup vs PyTorch  (>1.0 = faster than PyTorch)
+---------+----------+---------+---------+
| seq_len | template | example | pytorch |
+---------+----------+---------+---------+
| 64      |   0.62x  |   0.63x |   1.00x |
| 128     |   0.63x  |   0.64x |   1.00x |
| 256     |   0.66x  |   0.63x |   1.00x |
| 512     |   0.66x  |   0.67x |   1.00x |
| 1024    |   0.67x  |   0.67x |   1.00x |
| 2048    |   0.81x  |   0.80x |   1.00x |
+---------+----------+---------+---------+

Memory Bandwidth GB/s  (higher is better)
+---------+-------------+-------------+-------------+
| seq_len | template    | example     | pytorch     |
+---------+-------------+-------------+-------------+
| 64      | 7.03 GB/s   | 7.18 GB/s   | 11.37 GB/s  |
| 128     | 14.49 GB/s  | 14.60 GB/s  | 22.92 GB/s  |
| 256     | 29.41 GB/s  | 28.25 GB/s  | 44.86 GB/s  |
| 512     | 57.43 GB/s  | 58.08 GB/s  | 86.68 GB/s  |
| 1024    | 114.11 GB/s | 113.90 GB/s | 170.68 GB/s |
| 2048    | 227.81 GB/s | 225.78 GB/s | 281.40 GB/s |
+---------+-------------+-------------+-------------+

TFLOPS  (higher is better)
+---------+----------+---------+----------+
| seq_len | template | example | pytorch  |
+---------+----------+---------+----------+
| 64      | 0.00 TF  | 0.00 TF |  N/A  TF |
| 128     | 0.01 TF  | 0.01 TF |  N/A  TF |
| 256     | 0.02 TF  | 0.02 TF |  N/A  TF |
| 512     | 0.04 TF  | 0.04 TF |  N/A  TF |
| 1024    | 0.07 TF  | 0.07 TF |  N/A  TF |
| 2048    | 0.14 TF  | 0.14 TF |  N/A  TF |
+---------+----------+---------+----------+
  Saved: /home/s2890639/projects/edin-mls-26-spring/results_kernels/run_2234611/kernels/softmax.csv
  Plot saved: /home/s2890639/projects/edin-mls-26-spring/results_kernels/run_2234611/kernels/softmax.png
[2026-03-26 12:04:58] -- Kernel softmax done.
[2026-03-26 12:04:58] -- Kernel: conv1d (block-sizes: 32,64,128)
========================================================================
GLM-ASR Kernel Benchmarking Framework
template  = glm_asr_triton_template  (student implementation)
example   = glm_asr_triton_example   (reference Triton)
pytorch   = torch.nn.functional      (vendor baseline)
========================================================================

Device: cuda
GPU:    NVIDIA H200 MIG 1g.18gb

────────────────────────────────────────────────────────────────────────
Benchmarking: conv1d  |  seq_lens=[64, 128, 256, 512, 1024, 2048]  |  block_sizes=[32, 64, 128]
Warmup=10, Runs=100
────────────────────────────────────────────────────────────────────────
  Note: using synthetic config in_channels=16, kernel_size=3
  (model's actual config out_channels=1280 exceeds MAX_TILE_DIM=256)
  [correctness] conv1d oc=32 seq=64: PASS  (max_diff=2.0842e-02)
  [correctness] conv1d oc=64 seq=64: PASS  (max_diff=2.5597e-02)
  [correctness] conv1d oc=128 seq=64: PASS  (max_diff=2.4500e-02)
  [correctness] conv1d oc=32 seq=128: PASS  (max_diff=2.3758e-02)
  [correctness] conv1d oc=64 seq=128: PASS  (max_diff=2.9257e-02)
  [correctness] conv1d oc=128 seq=128: PASS  (max_diff=2.9182e-02)
  [correctness] conv1d oc=32 seq=256: PASS  (max_diff=2.1173e-02)
  [correctness] conv1d oc=64 seq=256: PASS  (max_diff=2.6680e-02)
  [correctness] conv1d oc=128 seq=256: PASS  (max_diff=2.6659e-02)
  [correctness] conv1d oc=32 seq=512: PASS  (max_diff=2.8444e-02)
  [correctness] conv1d oc=64 seq=512: PASS  (max_diff=2.3926e-02)
  [correctness] conv1d oc=128 seq=512: PASS  (max_diff=2.4235e-02)
  [correctness] conv1d oc=32 seq=1024: PASS  (max_diff=2.4115e-02)
  [correctness] conv1d oc=64 seq=1024: PASS  (max_diff=2.9472e-02)
  [correctness] conv1d oc=128 seq=1024: PASS  (max_diff=3.2516e-02)
  [correctness] conv1d oc=32 seq=2048: PASS  (max_diff=2.7992e-02)
  [correctness] conv1d oc=64 seq=2048: PASS  (max_diff=2.7880e-02)
  [correctness] conv1d oc=128 seq=2048: PASS  (max_diff=3.5114e-02)

========================================================================
Conv1d Benchmark  (in_channels=16, kernel_size=3, cuda)
========================================================================

Latency mean±std (ms) — lower is better  (* = best Triton variant)
+---------+----------------+----------------+----------------+----------------+----------------+----------------+----------------+
| seq_len | example_oc128  | example_oc32   | example_oc64   | pytorch        | template_oc128 | template_oc32  | template_oc64  |
+---------+----------------+----------------+----------------+----------------+----------------+----------------+----------------+
| 64      | 0.130±0.043ms  | 0.025±0.007ms  | 0.156±0.050ms  | 0.116±0.037ms  | 0.165±0.049ms  | 0.026±0.008ms  | 0.024±0.006ms* |
| 128     | 0.135±0.038ms  | 0.088±0.029ms* | 0.099±0.033ms  | 0.118±0.037ms  | 0.089±0.021ms  | 0.096±0.030ms  | 0.091±0.024ms  |
| 256     | 0.118±0.015ms  | 0.100±0.025ms  | 0.096±0.015ms* | 0.100±0.012ms  | 0.113±0.015ms  | 0.100±0.024ms  | 0.117±0.014ms  |
| 512     | 0.035±0.003ms* | 0.063±0.012ms  | 0.042±0.007ms  | 0.027±0.004ms  | 0.037±0.004ms  | 0.087±0.015ms  | 0.049±0.008ms  |
| 1024    | 0.028±0.003ms  | 0.027±0.005ms  | 0.025±0.003ms* | 0.020±0.003ms  | 0.028±0.002ms  | 0.028±0.004ms  | 0.027±0.004ms  |
| 2048    | 0.112±0.016ms  | 0.022±0.003ms* | 0.024±0.003ms  | 0.078±0.012ms  | 0.114±0.015ms  | 0.022±0.003ms  | 0.024±0.003ms  |
+---------+----------------+----------------+----------------+----------------+----------------+----------------+----------------+

Latency min–max (ms)
+---------+---------------+---------------+---------------+---------------+----------------+---------------+---------------+
| seq_len | example_oc128 | example_oc32  | example_oc64  | pytorch       | template_oc128 | template_oc32 | template_oc64 |
+---------+---------------+---------------+---------------+---------------+----------------+---------------+---------------+
| 64      | 0.072–0.263ms | 0.017–0.043ms | 0.081–0.342ms | 0.067–0.199ms | 0.085–0.300ms  | 0.018–0.066ms | 0.018–0.040ms |
| 128     | 0.083–0.275ms | 0.058–0.256ms | 0.061–0.248ms | 0.066–0.228ms | 0.061–0.141ms  | 0.060–0.202ms | 0.060–0.163ms |
| 256     | 0.084–0.194ms | 0.066–0.176ms | 0.081–0.167ms | 0.075–0.145ms | 0.082–0.163ms  | 0.066–0.172ms | 0.087–0.148ms |
| 512     | 0.029–0.046ms | 0.043–0.124ms | 0.033–0.069ms | 0.022–0.045ms | 0.032–0.051ms  | 0.057–0.120ms | 0.034–0.072ms |
| 1024    | 0.025–0.046ms | 0.020–0.041ms | 0.021–0.033ms | 0.015–0.027ms | 0.022–0.035ms  | 0.022–0.043ms | 0.022–0.045ms |
| 2048    | 0.076–0.165ms | 0.018–0.030ms | 0.021–0.034ms | 0.056–0.120ms | 0.081–0.171ms  | 0.018–0.032ms | 0.020–0.034ms |
+---------+---------------+---------------+---------------+---------------+----------------+---------------+---------------+

Speedup vs PyTorch  (>1.0 = faster than PyTorch)
+---------+---------------+--------------+--------------+---------+----------------+---------------+---------------+
| seq_len | example_oc128 | example_oc32 | example_oc64 | pytorch | template_oc128 | template_oc32 | template_oc64 |
+---------+---------------+--------------+--------------+---------+----------------+---------------+---------------+
| 64      |   0.89x       |   4.61x      |   0.74x      |   1.00x |   0.71x        |   4.56x       |   4.85x       |
| 128     |   0.87x       |   1.35x      |   1.19x      |   1.00x |   1.33x        |   1.23x       |   1.29x       |
| 256     |   0.85x       |   1.00x      |   1.04x      |   1.00x |   0.89x        |   1.00x       |   0.86x       |
| 512     |   0.78x       |   0.43x      |   0.64x      |   1.00x |   0.73x        |   0.31x       |   0.55x       |
| 1024    |   0.70x       |   0.73x      |   0.80x      |   1.00x |   0.70x        |   0.71x       |   0.74x       |
| 2048    |   0.70x       |   3.58x      |   3.29x      |   1.00x |   0.69x        |   3.52x       |   3.28x       |
+---------+---------------+--------------+--------------+---------+----------------+---------------+---------------+

TFLOPS  (higher is better)
+---------+---------------+--------------+--------------+----------+----------------+---------------+---------------+
| seq_len | example_oc128 | example_oc32 | example_oc64 | pytorch  | template_oc128 | template_oc32 | template_oc64 |
+---------+---------------+--------------+--------------+----------+----------------+---------------+---------------+
| 64      | 0.01 TF       | 0.01 TF      | 0.00 TF      |  N/A  TF | 0.00 TF        | 0.01 TF       | 0.02 TF       |
| 128     | 0.01 TF       | 0.00 TF      | 0.01 TF      |  N/A  TF | 0.02 TF        | 0.00 TF       | 0.01 TF       |
| 256     | 0.03 TF       | 0.01 TF      | 0.02 TF      |  N/A  TF | 0.03 TF        | 0.01 TF       | 0.01 TF       |
| 512     | 0.18 TF       | 0.02 TF      | 0.07 TF      |  N/A  TF | 0.17 TF        | 0.02 TF       | 0.06 TF       |
| 1024    | 0.45 TF       | 0.12 TF      | 0.25 TF      |  N/A  TF | 0.45 TF        | 0.11 TF       | 0.24 TF       |
| 2048    | 0.22 TF       | 0.29 TF      | 0.53 TF      |  N/A  TF | 0.22 TF        | 0.28 TF       | 0.53 TF       |
+---------+---------------+--------------+--------------+----------+----------------+---------------+---------------+
  Saved: /home/s2890639/projects/edin-mls-26-spring/results_kernels/run_2234611/kernels/conv1d.csv
  Plot saved: /home/s2890639/projects/edin-mls-26-spring/results_kernels/run_2234611/kernels/conv1d.png
[2026-03-26 12:05:12] -- Kernel conv1d done.
[2026-03-26 12:05:12] -- Kernel: rope (block-sizes: 16,32,64)
========================================================================
GLM-ASR Kernel Benchmarking Framework
template  = glm_asr_triton_template  (student implementation)
example   = glm_asr_triton_example   (reference Triton)
pytorch   = torch.nn.functional      (vendor baseline)
========================================================================

Device: cuda
GPU:    NVIDIA H200 MIG 1g.18gb

────────────────────────────────────────────────────────────────────────
Benchmarking: rope  |  seq_lens=[64, 128, 256, 512, 1024, 2048]  |  block_sizes=[16, 32, 64]
Warmup=10, Runs=100
────────────────────────────────────────────────────────────────────────
  [correctness] rope_cos hd=16 seq=64: PASS  (max_diff=0.0000e+00)
  [correctness] rope_sin hd=16 seq=64: PASS  (max_diff=0.0000e+00)
  [correctness] rope_cos hd=32 seq=64: PASS  (max_diff=0.0000e+00)
  [correctness] rope_sin hd=32 seq=64: PASS  (max_diff=0.0000e+00)
  [correctness] rope_cos hd=64 seq=64: PASS  (max_diff=0.0000e+00)
  [correctness] rope_sin hd=64 seq=64: PASS  (max_diff=0.0000e+00)
  [correctness] rope_cos hd=16 seq=128: PASS  (max_diff=0.0000e+00)
  [correctness] rope_sin hd=16 seq=128: PASS  (max_diff=0.0000e+00)
  [correctness] rope_cos hd=32 seq=128: PASS  (max_diff=0.0000e+00)
  [correctness] rope_sin hd=32 seq=128: PASS  (max_diff=0.0000e+00)
  [correctness] rope_cos hd=64 seq=128: PASS  (max_diff=0.0000e+00)
  [correctness] rope_sin hd=64 seq=128: PASS  (max_diff=0.0000e+00)
  [correctness] rope_cos hd=16 seq=256: PASS  (max_diff=0.0000e+00)
  [correctness] rope_sin hd=16 seq=256: PASS  (max_diff=0.0000e+00)
  [correctness] rope_cos hd=32 seq=256: PASS  (max_diff=0.0000e+00)
  [correctness] rope_sin hd=32 seq=256: PASS  (max_diff=0.0000e+00)
  [correctness] rope_cos hd=64 seq=256: PASS  (max_diff=0.0000e+00)
  [correctness] rope_sin hd=64 seq=256: PASS  (max_diff=0.0000e+00)
  [correctness] rope_cos hd=16 seq=512: PASS  (max_diff=0.0000e+00)
  [correctness] rope_sin hd=16 seq=512: PASS  (max_diff=0.0000e+00)
  [correctness] rope_cos hd=32 seq=512: PASS  (max_diff=0.0000e+00)
  [correctness] rope_sin hd=32 seq=512: PASS  (max_diff=0.0000e+00)
  [correctness] rope_cos hd=64 seq=512: PASS  (max_diff=0.0000e+00)
  [correctness] rope_sin hd=64 seq=512: PASS  (max_diff=0.0000e+00)
  [correctness] rope_cos hd=16 seq=1024: PASS  (max_diff=0.0000e+00)
  [correctness] rope_sin hd=16 seq=1024: PASS  (max_diff=0.0000e+00)
  [correctness] rope_cos hd=32 seq=1024: PASS  (max_diff=0.0000e+00)
  [correctness] rope_sin hd=32 seq=1024: PASS  (max_diff=0.0000e+00)
  [correctness] rope_cos hd=64 seq=1024: PASS  (max_diff=0.0000e+00)
  [correctness] rope_sin hd=64 seq=1024: PASS  (max_diff=0.0000e+00)
  [correctness] rope_cos hd=16 seq=2048: PASS  (max_diff=0.0000e+00)
  [correctness] rope_sin hd=16 seq=2048: PASS  (max_diff=0.0000e+00)
  [correctness] rope_cos hd=32 seq=2048: PASS  (max_diff=0.0000e+00)
  [correctness] rope_sin hd=32 seq=2048: PASS  (max_diff=0.0000e+00)
  [correctness] rope_cos hd=64 seq=2048: PASS  (max_diff=0.0000e+00)
  [correctness] rope_sin hd=64 seq=2048: PASS  (max_diff=0.0000e+00)

========================================================================
RoPE Benchmark  hd=16  (cuda)
========================================================================

Latency mean±std (ms) — lower is better  (* = best Triton variant)
+---------+----------------+----------------+----------------+
| seq_len | template_hd16  | example_hd16   | pytorch_hd16   |
+---------+----------------+----------------+----------------+
| 64      | 0.021±0.005ms  | 0.021±0.005ms* | 0.026±0.006ms  |
| 128     | 0.021±0.005ms  | 0.021±0.005ms* | 0.026±0.005ms  |
| 256     | 0.021±0.005ms* | 0.021±0.006ms  | 0.027±0.006ms  |
| 512     | 0.022±0.006ms  | 0.020±0.005ms* | 0.027±0.006ms  |
| 1024    | 0.021±0.005ms* | 0.021±0.006ms  | 0.026±0.006ms  |
| 2048    | 0.022±0.005ms  | 0.022±0.004ms* | 0.026±0.006ms  |
+---------+----------------+----------------+----------------+

Latency min–max (ms)
+---------+---------------+---------------+---------------+
| seq_len | template_hd16 | example_hd16  | pytorch_hd16  |
+---------+---------------+---------------+---------------+
| 64      | 0.016–0.047ms | 0.015–0.035ms | 0.020–0.040ms |
| 128     | 0.017–0.037ms | 0.016–0.039ms | 0.020–0.043ms |
| 256     | 0.017–0.039ms | 0.016–0.039ms | 0.021–0.044ms |
| 512     | 0.017–0.047ms | 0.016–0.036ms | 0.022–0.046ms |
| 1024    | 0.017–0.036ms | 0.017–0.042ms | 0.020–0.042ms |
| 2048    | 0.018–0.038ms | 0.018–0.035ms | 0.021–0.049ms |
+---------+---------------+---------------+---------------+

Speedup vs PyTorch  (>1.0 = faster than PyTorch)
+---------+---------------+--------------+--------------+
| seq_len | template_hd16 | example_hd16 | pytorch_hd16 |
+---------+---------------+--------------+--------------+
| 64      |   1.25x       |   1.27x      |   1.00x      |
| 128     |   1.23x       |   1.25x      |   1.00x      |
| 256     |   1.27x       |   1.25x      |   1.00x      |
| 512     |   1.23x       |   1.31x      |   1.00x      |
| 1024    |   1.27x       |   1.23x      |   1.00x      |
| 2048    |   1.18x       |   1.20x      |   1.00x      |
+---------+---------------+--------------+--------------+
  Saved: /home/s2890639/projects/edin-mls-26-spring/results_kernels/run_2234611/kernels/rope_hd16.csv
  Plot saved: /home/s2890639/projects/edin-mls-26-spring/results_kernels/run_2234611/kernels/rope_hd16.png

========================================================================
RoPE Benchmark  hd=32  (cuda)
========================================================================

Latency mean±std (ms) — lower is better  (* = best Triton variant)
+---------+----------------+----------------+----------------+
| seq_len | template_hd32  | example_hd32   | pytorch_hd32   |
+---------+----------------+----------------+----------------+
| 64      | 0.021±0.005ms* | 0.022±0.006ms  | 0.027±0.006ms  |
| 128     | 0.023±0.006ms  | 0.022±0.006ms* | 0.026±0.006ms  |
| 256     | 0.022±0.006ms  | 0.022±0.006ms* | 0.026±0.006ms  |
| 512     | 0.022±0.006ms  | 0.022±0.006ms* | 0.026±0.006ms  |
| 1024    | 0.020±0.005ms  | 0.020±0.004ms* | 0.025±0.005ms  |
| 2048    | 0.023±0.005ms* | 0.023±0.005ms  | 0.026±0.006ms  |
+---------+----------------+----------------+----------------+

Latency min–max (ms)
+---------+---------------+---------------+---------------+
| seq_len | template_hd32 | example_hd32  | pytorch_hd32  |
+---------+---------------+---------------+---------------+
| 64      | 0.016–0.038ms | 0.017–0.038ms | 0.021–0.040ms |
| 128     | 0.017–0.048ms | 0.016–0.038ms | 0.022–0.045ms |
| 256     | 0.016–0.047ms | 0.017–0.036ms | 0.021–0.041ms |
| 512     | 0.017–0.052ms | 0.015–0.039ms | 0.021–0.043ms |
| 1024    | 0.017–0.042ms | 0.017–0.038ms | 0.021–0.042ms |
| 2048    | 0.018–0.042ms | 0.019–0.043ms | 0.021–0.048ms |
+---------+---------------+---------------+---------------+

Speedup vs PyTorch  (>1.0 = faster than PyTorch)
+---------+---------------+--------------+--------------+
| seq_len | template_hd32 | example_hd32 | pytorch_hd32 |
+---------+---------------+--------------+--------------+
| 64      |   1.26x       |   1.23x      |   1.00x      |
| 128     |   1.17x       |   1.23x      |   1.00x      |
| 256     |   1.20x       |   1.21x      |   1.00x      |
| 512     |   1.22x       |   1.22x      |   1.00x      |
| 1024    |   1.27x       |   1.28x      |   1.00x      |
| 2048    |   1.17x       |   1.14x      |   1.00x      |
+---------+---------------+--------------+--------------+
  Saved: /home/s2890639/projects/edin-mls-26-spring/results_kernels/run_2234611/kernels/rope_hd32.csv
  Plot saved: /home/s2890639/projects/edin-mls-26-spring/results_kernels/run_2234611/kernels/rope_hd32.png

========================================================================
RoPE Benchmark  hd=64  (cuda)
========================================================================

Latency mean±std (ms) — lower is better  (* = best Triton variant)
+---------+----------------+----------------+----------------+
| seq_len | template_hd64  | example_hd64   | pytorch_hd64   |
+---------+----------------+----------------+----------------+
| 64      | 0.022±0.006ms  | 0.021±0.005ms* | 0.028±0.012ms  |
| 128     | 0.022±0.006ms  | 0.021±0.005ms* | 0.026±0.006ms  |
| 256     | 0.022±0.006ms  | 0.021±0.005ms* | 0.026±0.005ms  |
| 512     | 0.020±0.006ms* | 0.021±0.006ms  | 0.026±0.006ms  |
| 1024    | 0.021±0.005ms* | 0.022±0.005ms  | 0.026±0.005ms  |
| 2048    | 0.024±0.005ms* | 0.024±0.005ms  | 0.028±0.005ms  |
+---------+----------------+----------------+----------------+

Latency min–max (ms)
+---------+---------------+---------------+---------------+
| seq_len | template_hd64 | example_hd64  | pytorch_hd64  |
+---------+---------------+---------------+---------------+
| 64      | 0.016–0.041ms | 0.017–0.037ms | 0.022–0.130ms |
| 128     | 0.016–0.042ms | 0.016–0.036ms | 0.022–0.044ms |
| 256     | 0.016–0.039ms | 0.016–0.038ms | 0.021–0.041ms |
| 512     | 0.015–0.052ms | 0.016–0.036ms | 0.021–0.043ms |
| 1024    | 0.016–0.036ms | 0.017–0.040ms | 0.022–0.040ms |
| 2048    | 0.021–0.044ms | 0.019–0.040ms | 0.022–0.042ms |
+---------+---------------+---------------+---------------+

Speedup vs PyTorch  (>1.0 = faster than PyTorch)
+---------+---------------+--------------+--------------+
| seq_len | template_hd64 | example_hd64 | pytorch_hd64 |
+---------+---------------+--------------+--------------+
| 64      |   1.28x       |   1.32x      |   1.00x      |
| 128     |   1.22x       |   1.28x      |   1.00x      |
| 256     |   1.19x       |   1.23x      |   1.00x      |
| 512     |   1.28x       |   1.26x      |   1.00x      |
| 1024    |   1.23x       |   1.21x      |   1.00x      |
| 2048    |   1.15x       |   1.14x      |   1.00x      |
+---------+---------------+--------------+--------------+
  Saved: /home/s2890639/projects/edin-mls-26-spring/results_kernels/run_2234611/kernels/rope_hd64.csv
  Plot saved: /home/s2890639/projects/edin-mls-26-spring/results_kernels/run_2234611/kernels/rope_hd64.png
[2026-03-26 12:05:17] -- Kernel rope done.
[2026-03-26 12:05:17] -- Kernel: fused_qkv (block-sizes: <default>)
========================================================================
GLM-ASR Kernel Benchmarking Framework
template  = glm_asr_triton_template  (student implementation)
example   = glm_asr_triton_example   (reference Triton)
pytorch   = torch.nn.functional      (vendor baseline)
========================================================================

Device: cuda
GPU:    NVIDIA H200 MIG 1g.18gb

────────────────────────────────────────────────────────────────────────
Benchmarking: fused_qkv  |  seq_lens=[64, 128, 256, 512, 1024, 2048]  |  block_sizes=[16, 32, 64]
Warmup=10, Runs=100
────────────────────────────────────────────────────────────────────────
  [correctness] fused_qkv Q seq=64: PASS  (max_diff=8.1017e-02)
  [correctness] fused_qkv K seq=64: PASS  (max_diff=7.1144e-02)
  [correctness] fused_qkv V seq=64: PASS  (max_diff=6.8054e-02)
  [correctness] fused_qkv Q seq=128: PASS  (max_diff=8.8745e-02)
  [correctness] fused_qkv K seq=128: PASS  (max_diff=8.1291e-02)
  [correctness] fused_qkv V seq=128: PASS  (max_diff=7.5284e-02)
  [correctness] fused_qkv Q seq=256: PASS  (max_diff=9.1500e-02)
  [correctness] fused_qkv K seq=256: PASS  (max_diff=8.0589e-02)
  [correctness] fused_qkv V seq=256: PASS  (max_diff=8.0936e-02)
  [correctness] fused_qkv Q seq=512: PASS  (max_diff=9.3355e-02)
  [correctness] fused_qkv K seq=512: PASS  (max_diff=8.1909e-02)
  [correctness] fused_qkv V seq=512: PASS  (max_diff=8.3146e-02)
  [correctness] fused_qkv Q seq=1024: PASS  (max_diff=8.6006e-02)
  [correctness] fused_qkv K seq=1024: PASS  (max_diff=8.5499e-02)
  [correctness] fused_qkv V seq=1024: PASS  (max_diff=9.0654e-02)
  [correctness] fused_qkv Q seq=2048: PASS  (max_diff=9.0134e-02)
  [correctness] fused_qkv K seq=2048: PASS  (max_diff=9.0860e-02)
  [correctness] fused_qkv V seq=2048: PASS  (max_diff=8.4656e-02)

========================================================================
FusedQKV Benchmark  (M=seq_len, K=3584, N_Q=3584, N_KV=512, BK=64, cuda)
========================================================================

Latency mean±std (ms) — lower is better  (* = best Triton variant)
+---------+--------------------+-----------------+-----------------+
| seq_len | template_autotuned | example_unfused | pytorch         |
+---------+--------------------+-----------------+-----------------+
| 64      | 0.245±0.007ms*     | 0.473±0.006ms   | 0.560±0.005ms   |
| 128     | 0.339±0.006ms*     | 0.912±0.007ms   | 0.826±0.018ms   |
| 256     | 0.538±0.006ms*     | 1.664±0.008ms   | 1.884±0.016ms   |
| 512     | 0.958±0.007ms*     | 3.102±0.005ms   | 3.742±0.023ms   |
| 1024    | 1.824±0.012ms*     | 5.977±0.014ms   | 6.623±0.009ms   |
| 2048    | 3.844±0.027ms*     | 12.834±0.015ms  | 13.259±0.008ms  |
+---------+--------------------+-----------------+-----------------+

Latency min–max (ms)
+---------+--------------------+-----------------+-----------------+
| seq_len | template_autotuned | example_unfused | pytorch         |
+---------+--------------------+-----------------+-----------------+
| 64      | 0.235–0.269ms      | 0.467–0.491ms   | 0.554–0.576ms   |
| 128     | 0.331–0.354ms      | 0.899–0.932ms   | 0.792–0.860ms   |
| 256     | 0.526–0.563ms      | 1.657–1.723ms   | 1.871–1.987ms   |
| 512     | 0.946–0.985ms      | 3.089–3.118ms   | 3.730–3.927ms   |
| 1024    | 1.799–1.849ms      | 5.954–6.076ms   | 6.613–6.684ms   |
| 2048    | 3.801–4.000ms      | 12.811–12.907ms | 13.247–13.313ms |
+---------+--------------------+-----------------+-----------------+

Speedup vs PyTorch  (>1.0 = faster than PyTorch)
+---------+--------------------+-----------------+---------+
| seq_len | template_autotuned | example_unfused | pytorch |
+---------+--------------------+-----------------+---------+
| 64      |   2.28x            |   1.18x         |   1.00x |
| 128     |   2.44x            |   0.91x         |   1.00x |
| 256     |   3.50x            |   1.13x         |   1.00x |
| 512     |   3.91x            |   1.21x         |   1.00x |
| 1024    |   3.63x            |   1.11x         |   1.00x |
| 2048    |   3.45x            |   1.03x         |   1.00x |
+---------+--------------------+-----------------+---------+

TFLOPS  (higher is better)
+---------+--------------------+-----------------+---------+
| seq_len | template_autotuned | example_unfused | pytorch |
+---------+--------------------+-----------------+---------+
| 64      | 8.62 TF            | 4.47 TF         | 3.77 TF |
| 128     | 12.48 TF           | 4.64 TF         | 5.12 TF |
| 256     | 15.73 TF           | 5.08 TF         | 4.49 TF |
| 512     | 17.65 TF           | 5.45 TF         | 4.52 TF |
| 1024    | 18.55 TF           | 5.66 TF         | 5.11 TF |
| 2048    | 17.60 TF           | 5.27 TF         | 5.10 TF |
+---------+--------------------+-----------------+---------+
  Saved: /home/s2890639/projects/edin-mls-26-spring/results_kernels/run_2234611/kernels/fused_qkv.csv
  Plot saved: /home/s2890639/projects/edin-mls-26-spring/results_kernels/run_2234611/kernels/fused_qkv.png
[2026-03-26 12:05:33] -- Kernel fused_qkv done.
[2026-03-26 12:05:33] ==== PHASE 1 complete. CSVs and quick plots in /home/s2890639/projects/edin-mls-26-spring/results_kernels/run_2234611/kernels ====
[2026-03-26 12:05:33] ==== PHASE 2: Model benchmark (audio=/home/s2890639/projects/edin-mls-26-spring/hw1-asr/test_audio.wav, runs=20) ====
========================================================================
GLM-ASR Kernel Benchmarking Framework
template  = glm_asr_triton_template  (student implementation)
example   = glm_asr_triton_example   (reference Triton)
pytorch   = torch.nn.functional      (vendor baseline)
========================================================================

Device: cuda
GPU:    NVIDIA H200 MIG 1g.18gb

========================================================================
MODEL BENCHMARK: glm_asr_triton_template vs glm_asr_triton_example
========================================================================

Loading audio: /home/s2890639/projects/edin-mls-26-spring/hw1-asr/test_audio.wav
  3.50s @ 16kHz, 56080 samples

[template] Loading model from glm_asr_triton_template...
Loading HuggingFace model: zai-org/GLM-ASR-Nano-2512
Creating Triton model with config:
  Audio: hidden=1280, heads=20, layers=32
  Text: hidden=2048, heads=16, kv_heads=4, layers=28
Loading HuggingFace weights...
Loading weights:   0%|          | 0/745 [00:00<?, ?it/s]Loading weights:   1%|          | 4/745 [00:00<02:00,  6.13it/s]Loading weights:   1%|          | 8/745 [00:01<01:51,  6.62it/s]Loading weights:   1%|▏         | 10/745 [00:01<01:33,  7.86it/s]Loading weights:   3%|▎         | 23/745 [00:02<01:07, 10.72it/s]Loading weights:   5%|▌         | 38/745 [00:06<02:19,  5.08it/s]Loading weights:   7%|▋         | 53/745 [00:07<01:33,  7.40it/s]Loading weights:   9%|▉         | 68/745 [00:08<01:17,  8.79it/s]Loading weights:   9%|▉         | 70/745 [00:08<01:16,  8.85it/s]Loading weights:  11%|█         | 83/745 [00:09<00:57, 11.61it/s]Loading weights:  13%|█▎        | 98/745 [00:10<00:52, 12.22it/s]Loading weights:  13%|█▎        | 100/745 [00:10<00:52, 12.17it/s]Loading weights:  15%|█▌        | 113/745 [00:11<00:43, 14.47it/s]Loading weights:  17%|█▋        | 128/745 [00:12<00:43, 14.32it/s]Loading weights:  19%|█▊        | 139/745 [00:16<01:34,  6.42it/s]Loading weights:  19%|█▉        | 143/745 [00:17<01:41,  5.92it/s]Loading weights:  21%|██        | 158/745 [00:18<01:09,  8.48it/s]Loading weights:  21%|██▏       | 160/745 [00:18<01:12,  8.04it/s]Loading weights:  23%|██▎       | 173/745 [00:19<00:56, 10.07it/s]Loading weights:  23%|██▎       | 175/745 [00:19<00:56, 10.03it/s]Loading weights:  25%|██▌       | 188/745 [00:20<00:44, 12.65it/s]Loading weights:  26%|██▌       | 190/745 [00:20<00:47, 11.62it/s]Loading weights:  27%|██▋       | 203/745 [00:21<00:41, 13.10it/s]Loading weights:  28%|██▊       | 205/745 [00:21<00:43, 12.40it/s]Loading weights:  29%|██▉       | 218/745 [00:22<00:39, 13.40it/s]Loading weights:  30%|██▉       | 220/745 [00:22<00:38, 13.54it/s]Loading weights:  31%|███▏      | 233/745 [00:23<00:34, 14.91it/s]Loading weights:  32%|███▏      | 235/745 [00:23<00:36, 13.86it/s]Loading weights:  33%|███▎      | 248/745 [00:24<00:31, 15.73it/s]Loading weights:  34%|███▍      | 253/745 [00:30<02:22,  3.45it/s]Loading weights:  35%|███▌      | 263/745 [00:31<01:46,  4.52it/s]Loading weights:  37%|███▋      | 278/745 [00:31<01:00,  7.77it/s]Loading weights:  38%|███▊      | 282/745 [00:31<00:53,  8.61it/s]Loading weights:  39%|███▉      | 293/745 [00:32<00:49,  9.11it/s]Loading weights:  40%|███▉      | 296/745 [00:32<00:46,  9.60it/s]Loading weights:  41%|████▏     | 308/745 [00:33<00:37, 11.63it/s]Loading weights:  42%|████▏     | 311/745 [00:33<00:35, 12.36it/s]Loading weights:  43%|████▎     | 323/745 [00:34<00:33, 12.50it/s]Loading weights:  45%|████▌     | 338/745 [00:35<00:28, 14.42it/s]Loading weights:  46%|████▌     | 340/745 [00:35<00:27, 14.48it/s]Loading weights:  47%|████▋     | 353/745 [00:36<00:27, 14.25it/s]Loading weights:  49%|████▉     | 368/745 [00:37<00:25, 14.78it/s]Loading weights:  51%|█████▏    | 383/745 [00:38<00:23, 15.46it/s]Loading weights:  52%|█████▏    | 385/745 [00:38<00:24, 14.51it/s]Loading weights:  53%|█████▎    | 398/745 [00:39<00:22, 15.32it/s]Loading weights:  55%|█████▌    | 413/745 [00:40<00:20, 16.39it/s]Loading weights:  56%|█████▌    | 415/745 [00:40<00:21, 15.63it/s]Loading weights:  57%|█████▋    | 428/745 [00:41<00:20, 15.83it/s]Loading weights:  59%|█████▉    | 443/745 [00:42<00:18, 16.12it/s]Loading weights:  60%|█████▉    | 445/745 [00:42<00:20, 14.68it/s]Loading weights:  61%|██████▏   | 458/745 [00:43<00:18, 15.37it/s]Loading weights:  62%|██████▏   | 460/745 [00:49<01:24,  3.39it/s]Loading weights:  63%|██████▎   | 473/745 [00:49<00:47,  5.72it/s]Loading weights:  65%|██████▍   | 484/745 [00:49<00:31,  8.23it/s]Loading weights:  65%|██████▍   | 484/745 [00:59<00:31,  8.23it/s]Loading weights:  65%|██████▌   | 487/745 [01:12<04:12,  1.02it/s]Loading weights:  66%|██████▌   | 488/745 [01:12<04:08,  1.03it/s]Loading weights:  71%|███████   | 528/745 [01:14<01:00,  3.59it/s]Loading weights:  72%|███████▏  | 535/745 [01:15<00:52,  4.02it/s]Loading weights:  72%|███████▏  | 538/745 [01:16<00:52,  3.92it/s]Loading weights:  73%|███████▎  | 544/745 [01:18<00:55,  3.60it/s]Loading weights:  73%|███████▎  | 546/745 [01:18<00:53,  3.73it/s]Loading weights:  74%|███████▍  | 553/745 [01:20<00:52,  3.64it/s]Loading weights:  74%|███████▍  | 554/745 [01:21<00:54,  3.52it/s]Loading weights:  74%|███████▍  | 555/745 [01:21<00:51,  3.66it/s]Loading weights:  75%|███████▌  | 562/745 [01:23<00:50,  3.61it/s]Loading weights:  76%|███████▌  | 563/745 [01:23<00:52,  3.48it/s]Loading weights:  76%|███████▌  | 564/745 [01:24<00:49,  3.68it/s]Loading weights:  77%|███████▋  | 571/745 [01:26<00:48,  3.57it/s]Loading weights:  77%|███████▋  | 572/745 [01:26<00:46,  3.75it/s]Loading weights:  77%|███████▋  | 573/745 [01:26<00:46,  3.73it/s]Loading weights:  78%|███████▊  | 580/745 [01:28<00:45,  3.62it/s]Loading weights:  78%|███████▊  | 581/745 [03:16<30:06, 11.01s/it]Loading weights:  79%|███████▉  | 590/745 [03:17<12:41,  4.91s/it]Loading weights:  79%|███████▉  | 591/745 [03:17<11:35,  4.52s/it]Loading weights:  80%|████████  | 598/745 [03:19<06:18,  2.58s/it]Loading weights:  80%|████████  | 599/745 [03:19<05:49,  2.40s/it]Loading weights:  81%|████████  | 600/745 [03:20<05:19,  2.20s/it]Loading weights:  81%|████████▏ | 607/745 [03:21<02:41,  1.17s/it]Loading weights:  82%|████████▏ | 608/745 [03:22<02:30,  1.10s/it]Loading weights:  82%|████████▏ | 609/745 [03:22<02:16,  1.00s/it]Loading weights:  83%|████████▎ | 616/745 [03:24<01:15,  1.71it/s]Loading weights:  83%|████████▎ | 617/745 [03:24<01:14,  1.72it/s]Loading weights:  83%|████████▎ | 618/745 [03:25<01:09,  1.82it/s]Loading weights:  84%|████████▍ | 625/745 [03:37<02:28,  1.24s/it]Loading weights:  84%|████████▍ | 626/745 [03:38<02:23,  1.20s/it]Loading weights:  84%|████████▍ | 627/745 [03:38<02:06,  1.07s/it]Loading weights:  85%|████████▌ | 634/745 [03:45<01:53,  1.02s/it]Loading weights:  85%|████████▌ | 635/745 [03:45<01:43,  1.06it/s]Loading weights:  85%|████████▌ | 636/745 [03:45<01:32,  1.18it/s]Loading weights:  86%|████████▋ | 643/745 [03:47<00:54,  1.89it/s]Loading weights:  86%|████████▋ | 644/745 [03:51<01:21,  1.23it/s]Loading weights:  88%|████████▊ | 652/745 [03:52<00:40,  2.31it/s]Loading weights:  88%|████████▊ | 654/745 [03:53<00:41,  2.18it/s]Loading weights:  89%|████████▊ | 661/745 [03:53<00:24,  3.37it/s]Loading weights:  89%|████████▉ | 662/745 [03:54<00:24,  3.43it/s]Loading weights:  89%|████████▉ | 663/745 [03:54<00:24,  3.30it/s]Loading weights:  90%|████████▉ | 670/745 [03:56<00:19,  3.81it/s]Loading weights:  90%|█████████ | 671/745 [03:56<00:18,  3.92it/s]Loading weights:  90%|█████████ | 672/745 [03:56<00:17,  4.18it/s]Loading weights:  91%|█████████ | 679/745 [03:57<00:15,  4.38it/s]Loading weights:  91%|█████████▏| 680/745 [03:58<00:16,  3.99it/s]Loading weights:  92%|█████████▏| 688/745 [03:59<00:11,  4.85it/s]Loading weights:  92%|█████████▏| 689/745 [04:00<00:12,  4.55it/s]Loading weights:  93%|█████████▎| 690/745 [04:00<00:11,  4.65it/s]Loading weights:  94%|█████████▎| 697/745 [04:01<00:10,  4.36it/s]Loading weights:  95%|█████████▍| 706/745 [04:04<00:08,  4.41it/s]Loading weights:  96%|█████████▌| 715/745 [04:05<00:06,  4.95it/s]Loading weights:  96%|█████████▌| 716/745 [04:06<00:06,  4.44it/s]Loading weights:  97%|█████████▋| 724/745 [04:07<00:04,  4.73it/s]Loading weights:  97%|█████████▋| 725/745 [04:07<00:04,  4.61it/s]Loading weights:  97%|█████████▋| 726/745 [04:08<00:04,  4.49it/s]Loading weights:  98%|█████████▊| 733/745 [04:09<00:02,  4.42it/s]Loading weights:  99%|█████████▊| 734/745 [04:10<00:02,  4.37it/s]Loading weights: 100%|█████████▉| 743/745 [04:12<00:00,  3.80it/s]Loading weights: 100%|██████████| 745/745 [04:12<00:00,  2.95it/s]
/home/s2890639/.conda/envs/mls/lib/python3.11/site-packages/torch/profiler/profiler.py:217: UserWarning: Warning: Profiler clears events at the end of each cycle.Only events from the current cycle will be reported.To keep events across cycles, set acc_events=True.
  _warn_once(
Loading audio encoder weights...
Loading multi-modal projector weights...
Loading text decoder weights...
Weight loading complete!
  Warming up (5 runs)...
  Timing (5 runs)...
  Profiling components...
    [profiler] skipped: 'FunctionEventAvg' object has no attribute 'self_cuda_time_total'
  Mean: 548.4ms ± 6.3ms  [543.0–556.4ms]  23.7 tok/s
  Peak GPU mem: 12718 MB
  Transcription: "

Please transcribe this audio into text
Concord returned to its place amidst the tents."

[example] Loading model from glm_asr_triton_example...
Loading HuggingFace model: zai-org/GLM-ASR-Nano-2512
Creating Triton model with config:
  Audio: hidden=1280, heads=20, layers=32
  Text: hidden=2048, heads=16, kv_heads=4, layers=28
Loading HuggingFace weights...
Loading weights:   0%|          | 0/745 [00:00<?, ?it/s]Loading weights:   9%|▉         | 68/745 [00:00<00:01, 525.28it/s]Loading weights:  17%|█▋        | 128/745 [00:00<00:01, 517.86it/s]Loading weights:  26%|██▌       | 190/745 [00:00<00:01, 540.09it/s]Loading weights:  33%|███▎      | 245/745 [00:00<00:00, 535.98it/s]Loading weights:  40%|████      | 300/745 [00:00<00:00, 538.43it/s]Loading weights:  48%|████▊     | 355/745 [00:00<00:00, 539.60it/s]Loading weights:  55%|█████▌    | 413/745 [00:00<00:00, 542.26it/s]Loading weights:  63%|██████▎   | 473/745 [00:00<00:00, 546.72it/s]Loading weights:  71%|███████   | 528/745 [00:01<00:01, 210.53it/s]Loading weights:  76%|███████▋  | 569/745 [00:01<00:00, 190.08it/s]Loading weights:  81%|████████  | 602/745 [00:02<00:00, 173.11it/s]Loading weights:  84%|████████▍ | 629/745 [00:02<00:00, 160.00it/s]Loading weights:  88%|████████▊ | 652/745 [00:02<00:00, 157.11it/s]Loading weights:  90%|█████████ | 672/745 [00:02<00:00, 153.11it/s]Loading weights:  93%|█████████▎| 691/745 [00:02<00:00, 153.38it/s]Loading weights:  95%|█████████▌| 709/745 [00:02<00:00, 149.88it/s]Loading weights:  97%|█████████▋| 726/745 [00:02<00:00, 146.17it/s]Loading weights: 100%|█████████▉| 743/745 [00:03<00:00, 149.26it/s]Loading weights: 100%|██████████| 745/745 [00:03<00:00, 244.34it/s]
Loading audio encoder weights...
Loading multi-modal projector weights...
Loading text decoder weights...
Weight loading complete!
  Warming up (5 runs)...
  Timing (5 runs)...
  Profiling components...
    [profiler] skipped: 'FunctionEventAvg' object has no attribute 'self_cuda_time_total'
  Mean: 1445.9ms ± 0.6ms  [1445.1–1446.7ms]  9.0 tok/s
  Peak GPU mem: 11933 MB
  Transcription: "

Please transcribe this audio into text
Concord returned to its place amidst the tents."

========================================================================
SUMMARY
========================================================================

                                  template       example
                                   speedup
----------------------------------------------------------------------
Mean latency (ms)                    548.4        1445.9          2.64x
Std (ms)                               6.3           0.6          0.09x
Min (ms)                             543.0        1445.1          2.66x
Max (ms)                             556.4        1446.7          2.60x
Throughput (tok/s)                    23.7           9.0          0.38x
Peak GPU mem (MB)                    12718         11933          0.94x
Tokens generated                        13            13          1.00x

────────────────────────────────────────────────────────────────────────
Transcription (template): "

Please transcribe this audio into text
Concord returned to its place amidst the tents."
Transcription (example): "

Please transcribe this audio into text
Concord returned to its place amidst the tents."
[2026-03-26 12:13:01] ==== PHASE 2 complete ====
[2026-03-26 12:13:01] ==== PHASE 3: Model sweep (seq-lens=10,25,50,75,100,150,200, runs=20) ====
========================================================================
GLM-ASR Kernel Benchmarking Framework
template  = glm_asr_triton_template  (student implementation)
example   = glm_asr_triton_example   (reference Triton)
pytorch   = torch.nn.functional      (vendor baseline)
========================================================================

Device: cuda
GPU:    NVIDIA H200 MIG 1g.18gb

========================================================================
PERFORMANCE SWEEP: template vs example  (decoder context scaling)
  gen_lens      = [10, 25, 50, 75, 100, 150, 200]
  warmup/runs   = 5/5
========================================================================
Traceback (most recent call last):
  File "/home/s2890639/.conda/envs/mls/lib/python3.11/site-packages/torch/_ops.py", line 1442, in load_library
    ctypes.CDLL(path)
  File "/home/s2890639/.conda/envs/mls/lib/python3.11/ctypes/__init__.py", line 376, in __init__
    self._handle = _dlopen(self._name, mode)
                   ^^^^^^^^^^^^^^^^^^^^^^^^^
OSError: libcudart.so.13: cannot open shared object file: No such file or directory

The above exception was the direct cause of the following exception:

Traceback (most recent call last):
  File "/home/s2890639/projects/edin-mls-26-spring/hw1-asr/benchmark_kernels.py", line 2758, in <module>
    main()
  File "/home/s2890639/projects/edin-mls-26-spring/hw1-asr/benchmark_kernels.py", line 2709, in main
    benchmark_model_sweep(
  File "/home/s2890639/projects/edin-mls-26-spring/hw1-asr/benchmark_kernels.py", line 2413, in benchmark_model_sweep
    audio_full, _segments = _load_librispeech_samples(data_dir, max_samples_needed)
                            ^^^^^^^^^^^^^^^^^^^^^^^^^^^^^^^^^^^^^^^^^^^^^^^^^^^^^^^
  File "/home/s2890639/projects/edin-mls-26-spring/hw1-asr/benchmark_kernels.py", line 2069, in _load_librispeech_samples
    import torchaudio  # type: ignore
    ^^^^^^^^^^^^^^^^^
  File "/home/s2890639/.conda/envs/mls/lib/python3.11/site-packages/torchaudio/__init__.py", line 7, in <module>
    from . import _extension  # noqa  # usort: skip
    ^^^^^^^^^^^^^^^^^^^^^^^^
  File "/home/s2890639/.conda/envs/mls/lib/python3.11/site-packages/torchaudio/_extension/__init__.py", line 30, in <module>
    _IS_TORCHAUDIO_EXT_AVAILABLE = _load_lib("_torchaudio")
                                   ^^^^^^^^^^^^^^^^^^^^^^^^
  File "/home/s2890639/.conda/envs/mls/lib/python3.11/site-packages/torchaudio/_extension/utils.py", line 56, in _load_lib
    torch.ops.load_library(paths[0])
  File "/home/s2890639/.conda/envs/mls/lib/python3.11/site-packages/torch/_ops.py", line 1444, in load_library
    raise OSError(f"Could not load this library: {path}") from e
OSError: Could not load this library: /home/s2890639/.conda/envs/mls/lib/python3.11/site-packages/torchaudio/lib/_torchaudio.abi3.so
[2026-03-26 12:13:05] ERROR: command failed (exit=1) at line 222
[2026-03-26 12:13:05] ERROR: last command: python "$HW1_DIR/benchmark_kernels.py" --kernel model_sweep --seq-lens "$MODEL_SWEEP_SEQ_LENS" --runs "$MODEL_RUNS" --warmup "$MODEL_WARMUP" --save "$OUTPUT_DIR/model_sweep" --data-dir "$LIBRISPEECH_DATA_DIR" --plot
[2026-03-26 12:13:05] ERROR: full log: /home/s2890639/projects/edin-mls-26-spring/results_kernels/run_2234611/logs/benchmark_run_2234611_20260326_120158.log
[2026-03-26 12:13:05] Benchmark suite exited with status 1.
[2026-03-26 12:13:05] Check log file: /home/s2890639/projects/edin-mls-26-spring/results_kernels/run_2234611/logs/benchmark_run_2234611_20260326_120158.log
