[2026-03-26 01:04:28] ====================================
[2026-03-26 01:04:28] HOST:                     saxa.inf.ed.ac.uk
[2026-03-26 01:04:28] JOB:                      2234420
[2026-03-26 01:04:28] PROJECT_DIR:              /home/s2890639/projects/edin-mls-26-spring
[2026-03-26 01:04:28] OUTPUT_DIR:               /home/s2890639/projects/edin-mls-26-spring/results_kernels/run_2234420
[2026-03-26 01:04:28] LOG_FILE:                 /home/s2890639/projects/edin-mls-26-spring/results_kernels/run_2234420/logs/benchmark_run_2234420_20260326_010428.log
[2026-03-26 01:04:28] RUNS (kernel):            100
[2026-03-26 01:04:28] WARMUP (kernel):          10
[2026-03-26 01:04:28] SEQ_LENS_KERNEL:          64,128,256,512,1024,2048
[2026-03-26 01:04:28] BLOCK_SIZES_ATTN:         16,32,64
[2026-03-26 01:04:28] BLOCK_SIZES_NORM:         256,512,1024,2048
[2026-03-26 01:04:28] BLOCK_SIZES_LINEAR:       32,64,128
[2026-03-26 01:04:28] BLOCK_SIZES_CONV:         32,64,128
[2026-03-26 01:04:28] BLOCK_SIZES_ROPE:         16,32,64
[2026-03-26 01:04:28] MODEL_RUNS:               20
[2026-03-26 01:04:28] MODEL_WARMUP:             5
[2026-03-26 01:04:28] MAX_NEW_TOKENS:           100
[2026-03-26 01:04:28] AUDIO:                    /home/s2890639/projects/edin-mls-26-spring/test_audio.wav
[2026-03-26 01:04:28] MODEL_SWEEP_SEQ_LENS:     10,25,50,75,100,150,200
[2026-03-26 01:04:28] MODEL_CORRECTNESS_N:      20
[2026-03-26 01:04:28] ====================================
[2026-03-26 01:04:28] Python: /home/s2890639/.conda/envs/mls/bin/python
Python 3.11.15
Thu Mar 26 01:04:29 2026       
+-----------------------------------------------------------------------------------------+
| NVIDIA-SMI 580.126.09             Driver Version: 580.126.09     CUDA Version: 13.0     |
+-----------------------------------------+------------------------+----------------------+
| GPU  Name                 Persistence-M | Bus-Id          Disp.A | Volatile Uncorr. ECC |
| Fan  Temp   Perf          Pwr:Usage/Cap |           Memory-Usage | GPU-Util  Compute M. |
|                                         |                        |               MIG M. |
|=========================================+========================+======================|
|   0  NVIDIA H200                    On  |   00000000:5D:00.0 Off |                   On |
| N/A   53C    P0            265W /  700W |   24206MiB / 143771MiB |     N/A      Default |
|                                         |                        |              Enabled |
+-----------------------------------------+------------------------+----------------------+

+-----------------------------------------------------------------------------------------+
| MIG devices:                                                                            |
+------------------+----------------------------------+-----------+-----------------------+
| GPU  GI  CI  MIG |              Shared Memory-Usage |        Vol|        Shared         |
|      ID  ID  Dev |                Shared BAR1-Usage | SM     Unc| CE ENC  DEC  OFA  JPG |
|                  |                                  |        ECC|                       |
|==================+==================================+===========+=======================|
|  0   11   0   0  |              15MiB / 16384MiB    | 16      0 |  1   0    1    0    1 |
|                  |               0MiB / 14809MiB    |           |                       |
+------------------+----------------------------------+-----------+-----------------------+

+-----------------------------------------------------------------------------------------+
| Processes:                                                                              |
|  GPU   GI   CI              PID   Type   Process name                        GPU Memory |
|        ID   ID                                                               Usage      |
|=========================================================================================|
|  No running processes found                                                             |
+-----------------------------------------------------------------------------------------+
[2026-03-26 01:04:29] ==== PHASE 1: Kernel microbenchmarks (runs=100, warmup=10) ====
[2026-03-26 01:04:29] -- Kernel: attention (block-sizes: 16,32,64)
========================================================================
GLM-ASR Kernel Benchmarking Framework
template  = glm_asr_triton_template  (student implementation)
example   = glm_asr_triton_example   (reference Triton)
pytorch   = torch.nn.functional      (vendor baseline)
========================================================================

Device: cuda
GPU:    NVIDIA H200 MIG 1g.18gb

────────────────────────────────────────────────────────────────────────
Benchmarking: attention  |  seq_lens=[64, 128, 256, 512, 1024, 2048]  |  block_sizes=[16, 32, 64]
Warmup=10, Runs=100
────────────────────────────────────────────────────────────────────────
  [correctness] flash_attention seq=64: PASS  (max_diff=1.9529e-03)
  [correctness] flash_attention seq=128: PASS  (max_diff=2.4402e-03)
  [correctness] flash_attention seq=256: PASS  (max_diff=2.4225e-03)
  [correctness] flash_attention seq=512: PASS  (max_diff=1.9041e-03)
  [correctness] flash_attention seq=1024: PASS  (max_diff=1.0063e-03)
  [correctness] flash_attention seq=2048: PASS  (max_diff=9.6801e-04)

========================================================================
Attention Benchmark  (B=1, H=16, D=128, cuda)
========================================================================

Latency mean±std (ms) — lower is better  (* = best Triton variant)
+---------+-----------------+-----------------+----------------+
| seq_len | flash_autotuned | example_basic   | pytorch        |
+---------+-----------------+-----------------+----------------+
| 64      | 0.181±0.011ms*  | 0.315±0.015ms   | 0.053±0.005ms  |
| 128     | 0.050±0.007ms*  | 0.345±0.030ms   | 0.051±0.002ms  |
| 256     | 0.092±0.002ms*  | 1.249±0.038ms   | 0.117±0.001ms  |
| 512     | 0.247±0.002ms*  | 0.988±0.028ms   | 0.423±0.002ms  |
| 1024    | 0.855±0.003ms*  | 3.462±0.004ms   | 1.639±0.002ms  |
| 2048    | 3.220±0.005ms*  | 13.707±0.007ms  | 6.238±0.004ms  |
+---------+-----------------+-----------------+----------------+

Latency min–max (ms)
+---------+-----------------+-----------------+---------------+
| seq_len | flash_autotuned | example_basic   | pytorch       |
+---------+-----------------+-----------------+---------------+
| 64      | 0.151–0.263ms   | 0.273–0.384ms   | 0.046–0.070ms |
| 128     | 0.045–0.112ms   | 0.306–0.573ms   | 0.048–0.060ms |
| 256     | 0.090–0.100ms   | 1.193–1.346ms   | 0.114–0.125ms |
| 512     | 0.242–0.253ms   | 0.957–1.060ms   | 0.418–0.431ms |
| 1024    | 0.849–0.872ms   | 3.456–3.487ms   | 1.634–1.644ms |
| 2048    | 3.209–3.240ms   | 13.697–13.737ms | 6.230–6.249ms |
+---------+-----------------+-----------------+---------------+

Speedup vs PyTorch  (>1.0 = faster than PyTorch)
+---------+-----------------+---------------+---------+
| seq_len | flash_autotuned | example_basic | pytorch |
+---------+-----------------+---------------+---------+
| 64      |   0.29x         |   0.17x       |   1.00x |
| 128     |   1.02x         |   0.15x       |   1.00x |
| 256     |   1.27x         |   0.09x       |   1.00x |
| 512     |   1.71x         |   0.43x       |   1.00x |
| 1024    |   1.92x         |   0.47x       |   1.00x |
| 2048    |   1.94x         |   0.46x       |   1.00x |
+---------+-----------------+---------------+---------+

Memory Bandwidth GB/s  (higher is better)
+---------+-----------------+---------------+---------+
| seq_len | flash_autotuned | example_basic | pytorch |
+---------+-----------------+---------------+---------+
| 64      | 11.58 GB/s      | 7.50 GB/s     |  N/A    |
| 128     | 84.28 GB/s      | 15.18 GB/s    |  N/A    |
| 256     | 91.20 GB/s      | 10.08 GB/s    |  N/A    |
| 512     | 67.93 GB/s      | 33.95 GB/s    |  N/A    |
| 1024    | 39.25 GB/s      | 29.08 GB/s    |  N/A    |
| 2048    | 20.84 GB/s      | 24.48 GB/s    |  N/A    |
+---------+-----------------+---------------+---------+

TFLOPS  (higher is better)
+---------+-----------------+---------------+---------+
| seq_len | flash_autotuned | example_basic | pytorch |
+---------+-----------------+---------------+---------+
| 64      | 0.19 TF         | 0.11 TF       | 0.63 TF |
| 128     | 2.70 TF         | 0.39 TF       | 2.64 TF |
| 256     | 5.84 TF         | 0.43 TF       | 4.58 TF |
| 512     | 8.70 TF         | 2.17 TF       | 5.08 TF |
| 1024    | 10.05 TF        | 2.48 TF       | 5.24 TF |
| 2048    | 10.67 TF        | 2.51 TF       | 5.51 TF |
+---------+-----------------+---------------+---------+
  Saved: /home/s2890639/projects/edin-mls-26-spring/results_kernels/run_2234420/kernels/attention.csv
  matplotlib not available; skipping plot
[2026-03-26 01:05:47] -- Kernel attention done.
[2026-03-26 01:05:47] -- Kernel: rmsnorm (block-sizes: 256,512,1024,2048)
========================================================================
GLM-ASR Kernel Benchmarking Framework
template  = glm_asr_triton_template  (student implementation)
example   = glm_asr_triton_example   (reference Triton)
pytorch   = torch.nn.functional      (vendor baseline)
========================================================================

Device: cuda
GPU:    NVIDIA H200 MIG 1g.18gb

────────────────────────────────────────────────────────────────────────
Benchmarking: rmsnorm  |  seq_lens=[64, 128, 256, 512, 1024, 2048]  |  block_sizes=[256, 512, 1024, 2048]
Warmup=10, Runs=100
────────────────────────────────────────────────────────────────────────
  [correctness] rmsnorm H=256: PASS  (max_diff=7.1526e-07)
  [correctness] rmsnorm H=512: PASS  (max_diff=4.7684e-07)
  [correctness] rmsnorm H=1024: PASS  (max_diff=4.7684e-07)
  [correctness] rmsnorm H=2048: PASS  (max_diff=9.5367e-07)

========================================================================
RMSNorm Benchmark  (batch_rows=256, sweep hidden_size, cuda)
========================================================================

Latency mean±std (ms) — lower is better  (* = best Triton variant)
+---------+----------------+----------------+----------------+
| seq_len | template       | example        | pytorch        |
+---------+----------------+----------------+----------------+
| 256     | 0.018±0.002ms* | 0.073±0.007ms  | 0.050±0.010ms  |
| 512     | 0.053±0.004ms  | 0.053±0.004ms* | 0.041±0.003ms  |
| 1024    | 0.053±0.004ms* | 0.054±0.005ms  | 0.041±0.003ms  |
| 2048    | 0.052±0.004ms* | 0.073±0.005ms  | 0.057±0.003ms  |
+---------+----------------+----------------+----------------+

Latency min–max (ms)
+---------+---------------+---------------+---------------+
| seq_len | template      | example       | pytorch       |
+---------+---------------+---------------+---------------+
| 256     | 0.016–0.035ms | 0.066–0.117ms | 0.042–0.132ms |
| 512     | 0.048–0.081ms | 0.048–0.083ms | 0.038–0.056ms |
| 1024    | 0.048–0.086ms | 0.047–0.084ms | 0.037–0.056ms |
| 2048    | 0.047–0.082ms | 0.064–0.108ms | 0.053–0.072ms |
+---------+---------------+---------------+---------------+

Speedup vs PyTorch  (>1.0 = faster than PyTorch)
+---------+----------+---------+---------+
| seq_len | template | example | pytorch |
+---------+----------+---------+---------+
| 256     |   2.74x  |   0.68x |   1.00x |
| 512     |   0.78x  |   0.78x |   1.00x |
| 1024    |   0.79x  |   0.77x |   1.00x |
| 2048    |   1.09x  |   0.78x |   1.00x |
+---------+----------+---------+---------+

Memory Bandwidth GB/s  (higher is better)
+---------+------------+------------+------------+
| seq_len | template   | example    | pytorch    |
+---------+------------+------------+------------+
| 256     | 28.88 GB/s | 7.15 GB/s  | 10.53 GB/s |
| 512     | 19.85 GB/s | 19.87 GB/s | 25.45 GB/s |
| 1024    | 39.77 GB/s | 39.17 GB/s | 50.55 GB/s |
| 2048    | 80.70 GB/s | 57.65 GB/s | 74.22 GB/s |
+---------+------------+------------+------------+

TFLOPS  (higher is better)
+---------+----------+----------+----------+
| seq_len | template | example  | pytorch  |
+---------+----------+----------+----------+
| 256     | 0.02 TF  |  N/A  TF |  N/A  TF |
| 512     | 0.01 TF  |  N/A  TF |  N/A  TF |
| 1024    | 0.02 TF  |  N/A  TF |  N/A  TF |
| 2048    | 0.05 TF  |  N/A  TF |  N/A  TF |
+---------+----------+----------+----------+
  Saved: /home/s2890639/projects/edin-mls-26-spring/results_kernels/run_2234420/kernels/rmsnorm.csv
  matplotlib not available; skipping plot
[2026-03-26 01:05:53] -- Kernel rmsnorm done.
[2026-03-26 01:05:53] -- Kernel: layernorm (block-sizes: 256,512,1024,2048)
========================================================================
GLM-ASR Kernel Benchmarking Framework
template  = glm_asr_triton_template  (student implementation)
example   = glm_asr_triton_example   (reference Triton)
pytorch   = torch.nn.functional      (vendor baseline)
========================================================================

Device: cuda
GPU:    NVIDIA H200 MIG 1g.18gb

────────────────────────────────────────────────────────────────────────
Benchmarking: layernorm  |  seq_lens=[64, 128, 256, 512, 1024, 2048]  |  block_sizes=[256, 512, 1024, 2048]
Warmup=10, Runs=100
────────────────────────────────────────────────────────────────────────
  [correctness] layernorm H=256: PASS  (max_diff=4.7684e-07)
  [correctness] layernorm H=512: PASS  (max_diff=4.7684e-07)
  [correctness] layernorm H=1024: PASS  (max_diff=4.7684e-07)
  [correctness] layernorm H=2048: PASS  (max_diff=4.7684e-07)

========================================================================
LayerNorm Benchmark  (batch_rows=256, sweep hidden_size, cuda)
========================================================================

Latency mean±std (ms) — lower is better  (* = best Triton variant)
+---------+----------------+----------------+----------------+
| seq_len | template       | example        | pytorch        |
+---------+----------------+----------------+----------------+
| 256     | 0.018±0.002ms* | 0.025±0.002ms  | 0.035±0.004ms  |
| 512     | 0.032±0.003ms* | 0.032±0.004ms  | 0.034±0.003ms  |
| 1024    | 0.032±0.003ms* | 0.032±0.003ms  | 0.034±0.002ms  |
| 2048    | 0.033±0.003ms  | 0.032±0.003ms* | 0.034±0.002ms  |
+---------+----------------+----------------+----------------+

Latency min–max (ms)
+---------+---------------+---------------+---------------+
| seq_len | template      | example       | pytorch       |
+---------+---------------+---------------+---------------+
| 256     | 0.016–0.032ms | 0.021–0.039ms | 0.031–0.056ms |
| 512     | 0.028–0.047ms | 0.029–0.058ms | 0.031–0.050ms |
| 1024    | 0.028–0.051ms | 0.028–0.051ms | 0.032–0.048ms |
| 2048    | 0.028–0.048ms | 0.029–0.049ms | 0.031–0.048ms |
+---------+---------------+---------------+---------------+

Speedup vs PyTorch  (>1.0 = faster than PyTorch)
+---------+----------+---------+---------+
| seq_len | template | example | pytorch |
+---------+----------+---------+---------+
| 256     |   1.92x  |   1.43x |   1.00x |
| 512     |   1.07x  |   1.06x |   1.00x |
| 1024    |   1.08x  |   1.06x |   1.00x |
| 2048    |   1.05x  |   1.05x |   1.00x |
+---------+----------+---------+---------+

Memory Bandwidth GB/s  (higher is better)
+---------+-------------+-------------+-------------+
| seq_len | template    | example     | pytorch     |
+---------+-------------+-------------+-------------+
| 256     | 28.67 GB/s  | 21.38 GB/s  | 14.95 GB/s  |
| 512     | 32.61 GB/s  | 32.26 GB/s  | 30.52 GB/s  |
| 1024    | 66.53 GB/s  | 65.37 GB/s  | 61.88 GB/s  |
| 2048    | 128.39 GB/s | 129.21 GB/s | 122.51 GB/s |
+---------+-------------+-------------+-------------+
  Saved: /home/s2890639/projects/edin-mls-26-spring/results_kernels/run_2234420/kernels/layernorm.csv
  matplotlib not available; skipping plot
[2026-03-26 01:05:57] -- Kernel layernorm done.
[2026-03-26 01:05:57] -- Kernel: fused_rmsnorm (block-sizes: 256,512,1024,2048)
========================================================================
GLM-ASR Kernel Benchmarking Framework
template  = glm_asr_triton_template  (student implementation)
example   = glm_asr_triton_example   (reference Triton)
pytorch   = torch.nn.functional      (vendor baseline)
========================================================================

Device: cuda
GPU:    NVIDIA H200 MIG 1g.18gb

────────────────────────────────────────────────────────────────────────
Benchmarking: fused_rmsnorm  |  seq_lens=[64, 128, 256, 512, 1024, 2048]  |  block_sizes=[256, 512, 1024, 2048]
Warmup=10, Runs=100
────────────────────────────────────────────────────────────────────────
  [correctness] fused_rmsnorm H=256: PASS  (max_diff=4.7684e-07)
  [correctness] fused_rmsnorm H=512: PASS  (max_diff=4.7684e-07)
  [correctness] fused_rmsnorm H=1024: PASS  (max_diff=4.7684e-07)
  [correctness] fused_rmsnorm H=2048: PASS  (max_diff=4.7684e-07)

========================================================================
FusedRMSNorm Benchmark  (batch_rows=256, sweep hidden_size, cuda)
========================================================================

Latency mean±std (ms) — lower is better  (* = best Triton variant)
+---------+----------------+-----------------+----------------+
| seq_len | template_fused | example_unfused | pytorch        |
+---------+----------------+-----------------+----------------+
| 256     | 0.018±0.002ms* | 0.023±0.002ms   | 0.018±0.001ms  |
| 512     | 0.017±0.001ms* | 0.023±0.002ms   | 0.019±0.001ms  |
| 1024    | 0.018±0.002ms* | 0.023±0.001ms   | 0.019±0.001ms  |
| 2048    | 0.023±0.001ms* | 0.025±0.001ms   | 0.026±0.001ms  |
+---------+----------------+-----------------+----------------+

Latency min–max (ms)
+---------+----------------+-----------------+---------------+
| seq_len | template_fused | example_unfused | pytorch       |
+---------+----------------+-----------------+---------------+
| 256     | 0.014–0.029ms  | 0.021–0.035ms   | 0.016–0.025ms |
| 512     | 0.016–0.027ms  | 0.021–0.033ms   | 0.018–0.027ms |
| 1024    | 0.016–0.029ms  | 0.021–0.034ms   | 0.015–0.022ms |
| 2048    | 0.021–0.028ms  | 0.023–0.032ms   | 0.024–0.035ms |
+---------+----------------+-----------------+---------------+

Speedup vs PyTorch  (>1.0 = faster than PyTorch)
+---------+----------------+-----------------+---------+
| seq_len | template_fused | example_unfused | pytorch |
+---------+----------------+-----------------+---------+
| 256     |   1.04x        |   0.80x         |   1.00x |
| 512     |   1.08x        |   0.83x         |   1.00x |
| 1024    |   1.05x        |   0.81x         |   1.00x |
| 2048    |   1.14x        |   1.03x         |   1.00x |
+---------+----------------+-----------------+---------+

Memory Bandwidth GB/s  (higher is better)
+---------+----------------+-----------------+-------------+
| seq_len | template_fused | example_unfused | pytorch     |
+---------+----------------+-----------------+-------------+
| 256     | 58.93 GB/s     | 45.55 GB/s      | 56.89 GB/s  |
| 512     | 121.09 GB/s    | 92.81 GB/s      | 111.73 GB/s |
| 1024    | 236.87 GB/s    | 182.61 GB/s     | 226.56 GB/s |
| 2048    | 371.21 GB/s    | 334.82 GB/s     | 324.25 GB/s |
+---------+----------------+-----------------+-------------+

TFLOPS  (higher is better)
+---------+----------------+-----------------+----------+
| seq_len | template_fused | example_unfused | pytorch  |
+---------+----------------+-----------------+----------+
| 256     | 0.02 TF        |  N/A  TF        |  N/A  TF |
| 512     | 0.05 TF        |  N/A  TF        |  N/A  TF |
| 1024    | 0.09 TF        |  N/A  TF        |  N/A  TF |
| 2048    | 0.14 TF        |  N/A  TF        |  N/A  TF |
+---------+----------------+-----------------+----------+
  Saved: /home/s2890639/projects/edin-mls-26-spring/results_kernels/run_2234420/kernels/fused_rmsnorm.csv
  matplotlib not available; skipping plot
[2026-03-26 01:06:01] -- Kernel fused_rmsnorm done.
[2026-03-26 01:06:01] -- Kernel: linear (block-sizes: 32,64,128)
========================================================================
GLM-ASR Kernel Benchmarking Framework
template  = glm_asr_triton_template  (student implementation)
example   = glm_asr_triton_example   (reference Triton)
pytorch   = torch.nn.functional      (vendor baseline)
========================================================================

Device: cuda
GPU:    NVIDIA H200 MIG 1g.18gb

────────────────────────────────────────────────────────────────────────
Benchmarking: linear  |  seq_lens=[64, 128, 256, 512, 1024, 2048]  |  block_sizes=[32, 64, 128]
Warmup=10, Runs=100
────────────────────────────────────────────────────────────────────────
  [correctness] linear_tf32 seq=64: PASS  (max_diff=1.7712e-01)
  [correctness] linear_int8 seq=64: PASS  (max_diff=8.5526e-02)
  [correctness] linear_tf32 seq=128: PASS  (max_diff=1.7636e-01)
  [correctness] linear_int8 seq=128: PASS  (max_diff=9.2621e-02)
  [correctness] linear_tf32 seq=256: PASS  (max_diff=1.7220e-01)
  [correctness] linear_int8 seq=256: PASS  (max_diff=1.0226e-01)
  [correctness] linear_tf32 seq=512: PASS  (max_diff=1.8353e-01)
  [correctness] linear_int8 seq=512: PASS  (max_diff=9.3842e-02)
  [correctness] linear_tf32 seq=1024: PASS  (max_diff=1.9131e-01)
  [correctness] linear_int8 seq=1024: PASS  (max_diff=1.0446e-01)
  [correctness] linear_tf32 seq=2048: PASS  (max_diff=1.9249e-01)
  [correctness] linear_int8 seq=2048: PASS  (max_diff=1.0481e-01)

========================================================================
Linear GEMM Benchmark  (M=seq_len, K=2048, N=5632, cuda)
========================================================================

Latency mean±std (ms) — lower is better  (* = best Triton variant)
+---------+--------------------+----------------+----------------+----------------+
| seq_len | template_autotuned | template_int8  | example_cublas | pytorch        |
+---------+--------------------+----------------+----------------+----------------+
| 64      | 0.144±0.002ms*     | 0.229±0.003ms  | 0.368±0.001ms  | 0.370±0.001ms  |
| 128     | 0.251±0.002ms      | 0.227±0.002ms* | 0.578±0.001ms  | 0.581±0.001ms  |
| 256     | 0.467±0.001ms      | 0.393±0.002ms* | 1.053±0.002ms  | 1.055±0.001ms  |
| 512     | 0.903±0.002ms      | 0.763±0.009ms* | 2.004±0.001ms  | 2.007±0.001ms  |
| 1024    | 1.773±0.002ms      | 1.638±0.009ms* | 3.699±0.002ms  | 3.701±0.002ms  |
| 2048    | 3.511±0.004ms      | 3.241±0.012ms* | 7.334±0.002ms  | 7.338±0.009ms  |
+---------+--------------------+----------------+----------------+----------------+

Latency min–max (ms)
+---------+--------------------+---------------+----------------+---------------+
| seq_len | template_autotuned | template_int8 | example_cublas | pytorch       |
+---------+--------------------+---------------+----------------+---------------+
| 64      | 0.140–0.154ms      | 0.222–0.243ms | 0.366–0.373ms  | 0.367–0.373ms |
| 128     | 0.247–0.258ms      | 0.224–0.234ms | 0.576–0.584ms  | 0.578–0.586ms |
| 256     | 0.466–0.477ms      | 0.389–0.403ms | 1.050–1.061ms  | 1.052–1.063ms |
| 512     | 0.900–0.916ms      | 0.756–0.836ms | 2.002–2.008ms  | 2.003–2.013ms |
| 1024    | 1.771–1.785ms      | 1.614–1.660ms | 3.695–3.716ms  | 3.697–3.713ms |
| 2048    | 3.504–3.524ms      | 3.226–3.296ms | 7.330–7.339ms  | 7.331–7.420ms |
+---------+--------------------+---------------+----------------+---------------+

Speedup vs PyTorch  (>1.0 = faster than PyTorch)
+---------+--------------------+---------------+----------------+---------+
| seq_len | template_autotuned | template_int8 | example_cublas | pytorch |
+---------+--------------------+---------------+----------------+---------+
| 64      |   2.57x            |   1.61x       |   1.01x        |   1.00x |
| 128     |   2.32x            |   2.57x       |   1.00x        |   1.00x |
| 256     |   2.26x            |   2.69x       |   1.00x        |   1.00x |
| 512     |   2.22x            |   2.63x       |   1.00x        |   1.00x |
| 1024    |   2.09x            |   2.26x       |   1.00x        |   1.00x |
| 2048    |   2.09x            |   2.26x       |   1.00x        |   1.00x |
+---------+--------------------+---------------+----------------+---------+

Memory Bandwidth GB/s  (higher is better)
+---------+--------------------+---------------+----------------+-------------+
| seq_len | template_autotuned | template_int8 | example_cublas | pytorch     |
+---------+--------------------+---------------+----------------+-------------+
| 64      | 333.89 GB/s        | 209.98 GB/s   | 130.86 GB/s    | 130.11 GB/s |
| 128     | 199.73 GB/s        | 221.06 GB/s   | 86.58 GB/s     | 86.18 GB/s  |
| 256     | 115.57 GB/s        | 137.45 GB/s   | 51.26 GB/s     | 51.18 GB/s  |
| 512     | 68.51 GB/s         | 81.12 GB/s    | 30.87 GB/s     | 30.83 GB/s  |
| 1024    | 43.75 GB/s         | 47.37 GB/s    | 20.98 GB/s     | 20.97 GB/s  |
| 2048    | 31.06 GB/s         | 33.65 GB/s    | 14.87 GB/s     | 14.86 GB/s  |
+---------+--------------------+---------------+----------------+-------------+

TFLOPS  (higher is better)
+---------+--------------------+---------------+----------------+---------+
| seq_len | template_autotuned | template_int8 | example_cublas | pytorch |
+---------+--------------------+---------------+----------------+---------+
| 64      | 10.25 TF           | 6.44 TF       | 4.02 TF        | 3.99 TF |
| 128     | 11.78 TF           | 13.04 TF      | 5.11 TF        | 5.08 TF |
| 256     | 12.64 TF           | 15.03 TF      | 5.61 TF        | 5.60 TF |
| 512     | 13.08 TF           | 15.49 TF      | 5.89 TF        | 5.89 TF |
| 1024    | 13.32 TF           | 14.42 TF      | 6.39 TF        | 6.38 TF |
| 2048    | 13.46 TF           | 14.58 TF      | 6.44 TF        | 6.44 TF |
+---------+--------------------+---------------+----------------+---------+
  Saved: /home/s2890639/projects/edin-mls-26-spring/results_kernels/run_2234420/kernels/linear.csv
  matplotlib not available; skipping plot
[2026-03-26 01:06:21] -- Kernel linear done.
[2026-03-26 01:06:21] -- Kernel: swiglu (block-sizes: 32,64,128)
========================================================================
GLM-ASR Kernel Benchmarking Framework
template  = glm_asr_triton_template  (student implementation)
example   = glm_asr_triton_example   (reference Triton)
pytorch   = torch.nn.functional      (vendor baseline)
========================================================================

Device: cuda
GPU:    NVIDIA H200 MIG 1g.18gb

────────────────────────────────────────────────────────────────────────
Benchmarking: swiglu  |  seq_lens=[64, 128, 256, 512, 1024, 2048]  |  block_sizes=[32, 64, 128]
Warmup=10, Runs=100
────────────────────────────────────────────────────────────────────────
  [correctness] swiglu seq=64: PASS  (max_diff=1.6875e-02)
  [correctness] swiglu seq=128: PASS  (max_diff=2.0052e-02)
  [correctness] swiglu seq=256: PASS  (max_diff=2.4095e-02)
  [correctness] swiglu seq=512: PASS  (max_diff=1.8783e-02)
  [correctness] swiglu seq=1024: PASS  (max_diff=2.1525e-02)
  [correctness] swiglu seq=2048: PASS  (max_diff=2.3610e-02)

========================================================================
SwiGLU Benchmark  (M=seq_len, K=2048, N=5632, cuda)
========================================================================

Latency mean±std (ms) — lower is better  (* = best Triton variant)
+---------+--------------------+-----------------+-----------------+
| seq_len | template_autotuned | example_unfused | pytorch         |
+---------+--------------------+-----------------+-----------------+
| 64      | 0.232±0.003ms*     | 0.763±0.011ms   | 0.741±0.002ms   |
| 128     | 0.376±0.002ms*     | 1.184±0.009ms   | 1.171±0.001ms   |
| 256     | 0.713±0.001ms*     | 2.195±0.008ms   | 2.160±0.003ms   |
| 512     | 1.393±0.001ms*     | 4.186±0.007ms   | 4.117±0.002ms   |
| 1024    | 2.749±0.004ms*     | 7.752±0.008ms   | 7.616±0.004ms   |
| 2048    | 5.462±0.007ms*     | 15.372±0.005ms  | 15.110±0.006ms  |
+---------+--------------------+-----------------+-----------------+

Latency min–max (ms)
+---------+--------------------+-----------------+-----------------+
| seq_len | template_autotuned | example_unfused | pytorch         |
+---------+--------------------+-----------------+-----------------+
| 64      | 0.227–0.243ms      | 0.749–0.831ms   | 0.739–0.751ms   |
| 128     | 0.373–0.383ms      | 1.180–1.269ms   | 1.167–1.176ms   |
| 256     | 0.711–0.720ms      | 2.188–2.238ms   | 2.155–2.167ms   |
| 512     | 1.391–1.399ms      | 4.180–4.249ms   | 4.112–4.124ms   |
| 1024    | 2.744–2.764ms      | 7.743–7.811ms   | 7.610–7.634ms   |
| 2048    | 5.455–5.494ms      | 15.364–15.388ms | 15.102–15.159ms |
+---------+--------------------+-----------------+-----------------+

Speedup vs PyTorch  (>1.0 = faster than PyTorch)
+---------+--------------------+-----------------+---------+
| seq_len | template_autotuned | example_unfused | pytorch |
+---------+--------------------+-----------------+---------+
| 64      |   3.20x            |   0.97x         |   1.00x |
| 128     |   3.12x            |   0.99x         |   1.00x |
| 256     |   3.03x            |   0.98x         |   1.00x |
| 512     |   2.95x            |   0.98x         |   1.00x |
| 1024    |   2.77x            |   0.98x         |   1.00x |
| 2048    |   2.77x            |   0.98x         |   1.00x |
+---------+--------------------+-----------------+---------+

TFLOPS  (higher is better)
+---------+--------------------+-----------------+----------+
| seq_len | template_autotuned | example_unfused | pytorch  |
+---------+--------------------+-----------------+----------+
| 64      | 12.74 TF           | 3.87 TF         |  N/A  TF |
| 128     | 15.72 TF           | 4.99 TF         |  N/A  TF |
| 256     | 16.56 TF           | 5.38 TF         |  N/A  TF |
| 512     | 16.96 TF           | 5.64 TF         |  N/A  TF |
| 1024    | 17.19 TF           | 6.09 TF         |  N/A  TF |
| 2048    | 17.30 TF           | 6.15 TF         |  N/A  TF |
+---------+--------------------+-----------------+----------+
  Saved: /home/s2890639/projects/edin-mls-26-spring/results_kernels/run_2234420/kernels/swiglu.csv
  matplotlib not available; skipping plot
[2026-03-26 01:06:38] -- Kernel swiglu done.
[2026-03-26 01:06:38] -- Kernel: linear_gelu (block-sizes: 32,64,128)
========================================================================
GLM-ASR Kernel Benchmarking Framework
template  = glm_asr_triton_template  (student implementation)
example   = glm_asr_triton_example   (reference Triton)
pytorch   = torch.nn.functional      (vendor baseline)
========================================================================

Device: cuda
GPU:    NVIDIA H200 MIG 1g.18gb

────────────────────────────────────────────────────────────────────────
Benchmarking: linear_gelu  |  seq_lens=[64, 128, 256, 512, 1024, 2048]  |  block_sizes=[32, 64, 128]
Warmup=10, Runs=100
────────────────────────────────────────────────────────────────────────
  [correctness] linear_gelu seq=64: PASS  (max_diff=1.6824e-01)
  [correctness] linear_gelu seq=128: PASS  (max_diff=1.6174e-01)
  [correctness] linear_gelu seq=256: PASS  (max_diff=1.7432e-01)
  [correctness] linear_gelu seq=512: PASS  (max_diff=1.7082e-01)
  [correctness] linear_gelu seq=1024: PASS  (max_diff=1.8347e-01)
  [correctness] linear_gelu seq=2048: PASS  (max_diff=1.9443e-01)

========================================================================
LinearGELU Benchmark  (M=seq_len, K=2048, N=5632, cuda)
========================================================================

Latency mean±std (ms) — lower is better  (* = best Triton variant)
+---------+--------------------+-------------------+-------------------+--------------------+-----------------+----------------+
| seq_len | template_autotuned | example_fused_T32 | example_fused_T64 | example_fused_T128 | example_unfused | pytorch        |
+---------+--------------------+-------------------+-------------------+--------------------+-----------------+----------------+
| 64      | 0.253±0.002ms      | 0.243±0.006ms*    | 0.335±0.004ms     | 0.405±0.006ms      | 0.248±0.005ms   | 0.393±0.006ms  |
| 128     | 0.263±0.005ms*     | 0.380±0.002ms     | 0.518±0.001ms     | 0.373±0.001ms      | 0.387±0.009ms   | 0.590±0.002ms  |
| 256     | 0.472±0.002ms*     | 0.732±0.002ms     | 1.012±0.002ms     | 0.730±0.001ms      | 0.745±0.002ms   | 1.077±0.002ms  |
| 512     | 0.910±0.002ms*     | 1.439±0.003ms     | 2.000±0.001ms     | 1.332±0.002ms      | 1.469±0.002ms   | 2.052±0.002ms  |
| 1024    | 1.788±0.004ms*     | 2.873±0.004ms     | 3.998±0.002ms     | 2.662±0.006ms      | 2.941±0.003ms   | 3.792±0.002ms  |
| 2048    | 3.540±0.005ms*     | 5.771±0.004ms     | 7.981±0.003ms     | 5.364±0.014ms      | 6.124±0.013ms   | 7.515±0.008ms  |
+---------+--------------------+-------------------+-------------------+--------------------+-----------------+----------------+

Latency min–max (ms)
+---------+--------------------+-------------------+-------------------+--------------------+-----------------+---------------+
| seq_len | template_autotuned | example_fused_T32 | example_fused_T64 | example_fused_T128 | example_unfused | pytorch       |
+---------+--------------------+-------------------+-------------------+--------------------+-----------------+---------------+
| 64      | 0.250–0.263ms      | 0.232–0.278ms     | 0.328–0.361ms     | 0.390–0.437ms      | 0.239–0.283ms   | 0.384–0.414ms |
| 128     | 0.256–0.279ms      | 0.377–0.387ms     | 0.516–0.524ms     | 0.371–0.382ms      | 0.382–0.475ms   | 0.587–0.600ms |
| 256     | 0.468–0.481ms      | 0.728–0.739ms     | 1.008–1.017ms     | 0.728–0.733ms      | 0.742–0.765ms   | 1.072–1.083ms |
| 512     | 0.907–0.918ms      | 1.435–1.458ms     | 1.997–2.004ms     | 1.328–1.339ms      | 1.464–1.475ms   | 2.047–2.061ms |
| 1024    | 1.782–1.809ms      | 2.865–2.883ms     | 3.994–4.010ms     | 2.656–2.715ms      | 2.935–2.951ms   | 3.786–3.797ms |
| 2048    | 3.534–3.583ms      | 5.756–5.779ms     | 7.975–7.998ms     | 5.302–5.401ms      | 6.095–6.158ms   | 7.509–7.596ms |
+---------+--------------------+-------------------+-------------------+--------------------+-----------------+---------------+

Speedup vs PyTorch  (>1.0 = faster than PyTorch)
+---------+--------------------+-------------------+-------------------+--------------------+-----------------+---------+
| seq_len | template_autotuned | example_fused_T32 | example_fused_T64 | example_fused_T128 | example_unfused | pytorch |
+---------+--------------------+-------------------+-------------------+--------------------+-----------------+---------+
| 64      |   1.55x            |   1.62x           |   1.17x           |   0.97x            |   1.59x         |   1.00x |
| 128     |   2.24x            |   1.55x           |   1.14x           |   1.58x            |   1.52x         |   1.00x |
| 256     |   2.28x            |   1.47x           |   1.06x           |   1.47x            |   1.44x         |   1.00x |
| 512     |   2.26x            |   1.43x           |   1.03x           |   1.54x            |   1.40x         |   1.00x |
| 1024    |   2.12x            |   1.32x           |   0.95x           |   1.42x            |   1.29x         |   1.00x |
| 2048    |   2.12x            |   1.30x           |   0.94x           |   1.40x            |   1.23x         |   1.00x |
+---------+--------------------+-------------------+-------------------+--------------------+-----------------+---------+

Memory Bandwidth GB/s  (higher is better)
+---------+--------------------+-------------------+-------------------+--------------------+-----------------+-------------+
| seq_len | template_autotuned | example_fused_T32 | example_fused_T64 | example_fused_T128 | example_unfused | pytorch     |
+---------+--------------------+-------------------+-------------------+--------------------+-----------------+-------------+
| 64      | 190.24 GB/s        | 197.89 GB/s       | 143.78 GB/s       | 118.67 GB/s        | 194.10 GB/s     | 122.40 GB/s |
| 128     | 190.17 GB/s        | 131.89 GB/s       | 96.61 GB/s        | 134.17 GB/s        | 129.34 GB/s     | 84.85 GB/s  |
| 256     | 114.52 GB/s        | 73.77 GB/s        | 53.34 GB/s        | 73.94 GB/s         | 72.46 GB/s      | 50.16 GB/s  |
| 512     | 68.00 GB/s         | 43.00 GB/s        | 30.94 GB/s        | 46.45 GB/s         | 42.11 GB/s      | 30.15 GB/s  |
| 1024    | 43.39 GB/s         | 27.00 GB/s        | 19.41 GB/s        | 29.15 GB/s         | 26.39 GB/s      | 20.47 GB/s  |
| 2048    | 30.80 GB/s         | 18.90 GB/s        | 13.66 GB/s        | 20.33 GB/s         | 17.81 GB/s      | 14.51 GB/s  |
+---------+--------------------+-------------------+-------------------+--------------------+-----------------+-------------+

TFLOPS  (higher is better)
+---------+--------------------+-------------------+-------------------+--------------------+-----------------+---------+
| seq_len | template_autotuned | example_fused_T32 | example_fused_T64 | example_fused_T128 | example_unfused | pytorch |
+---------+--------------------+-------------------+-------------------+--------------------+-----------------+---------+
| 64      | 5.84 TF            | 6.08 TF           | 4.41 TF           | 3.64 TF            | 5.96 TF         | 3.76 TF |
| 128     | 11.22 TF           | 7.78 TF           | 5.70 TF           | 7.91 TF            | 7.63 TF         | 5.01 TF |
| 256     | 12.53 TF           | 8.07 TF           | 5.83 TF           | 8.09 TF            | 7.93 TF         | 5.49 TF |
| 512     | 12.99 TF           | 8.21 TF           | 5.91 TF           | 8.87 TF            | 8.04 TF         | 5.76 TF |
| 1024    | 13.21 TF           | 8.22 TF           | 5.91 TF           | 8.88 TF            | 8.04 TF         | 6.23 TF |
| 2048    | 13.35 TF           | 8.19 TF           | 5.92 TF           | 8.81 TF            | 7.72 TF         | 6.29 TF |
+---------+--------------------+-------------------+-------------------+--------------------+-----------------+---------+
  Saved: /home/s2890639/projects/edin-mls-26-spring/results_kernels/run_2234420/kernels/linear_gelu.csv
  matplotlib not available; skipping plot
[2026-03-26 01:06:55] -- Kernel linear_gelu done.
[2026-03-26 01:06:55] -- Kernel: softmax (block-sizes: <default>)
========================================================================
GLM-ASR Kernel Benchmarking Framework
template  = glm_asr_triton_template  (student implementation)
example   = glm_asr_triton_example   (reference Triton)
pytorch   = torch.nn.functional      (vendor baseline)
========================================================================

Device: cuda
GPU:    NVIDIA H200 MIG 1g.18gb

────────────────────────────────────────────────────────────────────────
Benchmarking: softmax  |  seq_lens=[64, 128, 256, 512, 1024, 2048]  |  block_sizes=[]
Warmup=10, Runs=100
────────────────────────────────────────────────────────────────────────
  [correctness] softmax seq=64: PASS  (max_diff=2.9802e-08)
  [correctness] softmax seq=128: PASS  (max_diff=1.4901e-08)
  [correctness] softmax seq=256: PASS  (max_diff=1.4901e-08)
  [correctness] softmax seq=512: PASS  (max_diff=7.4506e-09)
  [correctness] softmax seq=1024: PASS  (max_diff=3.7253e-09)
  [correctness] softmax seq=2048: PASS  (max_diff=1.8626e-09)

========================================================================
Softmax Benchmark  (batch_rows=256, sweep seq_len, cuda)
========================================================================

Latency mean±std (ms) — lower is better  (* = best Triton variant)
+---------+----------------+----------------+----------------+
| seq_len | template       | example        | pytorch        |
+---------+----------------+----------------+----------------+
| 64      | 0.020±0.002ms  | 0.019±0.002ms* | 0.012±0.002ms  |
| 128     | 0.019±0.002ms* | 0.070±0.005ms  | 0.039±0.027ms  |
| 256     | 0.062±0.005ms* | 0.070±0.005ms  | 0.045±0.003ms  |
| 512     | 0.070±0.007ms  | 0.070±0.007ms* | 0.045±0.003ms  |
| 1024    | 0.071±0.005ms  | 0.070±0.006ms* | 0.044±0.004ms  |
| 2048    | 0.069±0.006ms* | 0.070±0.006ms  | 0.043±0.002ms  |
+---------+----------------+----------------+----------------+

Latency min–max (ms)
+---------+---------------+---------------+---------------+
| seq_len | template      | example       | pytorch       |
+---------+---------------+---------------+---------------+
| 64      | 0.017–0.036ms | 0.017–0.030ms | 0.010–0.023ms |
| 128     | 0.015–0.035ms | 0.064–0.107ms | 0.031–0.303ms |
| 256     | 0.055–0.095ms | 0.063–0.107ms | 0.040–0.058ms |
| 512     | 0.063–0.103ms | 0.062–0.109ms | 0.042–0.070ms |
| 1024    | 0.064–0.108ms | 0.064–0.116ms | 0.041–0.066ms |
| 2048    | 0.063–0.108ms | 0.063–0.110ms | 0.040–0.055ms |
+---------+---------------+---------------+---------------+

Speedup vs PyTorch  (>1.0 = faster than PyTorch)
+---------+----------+---------+---------+
| seq_len | template | example | pytorch |
+---------+----------+---------+---------+
| 64      |   0.62x  |   0.65x |   1.00x |
| 128     |   2.10x  |   0.56x |   1.00x |
| 256     |   0.72x  |   0.64x |   1.00x |
| 512     |   0.64x  |   0.64x |   1.00x |
| 1024    |   0.63x  |   0.63x |   1.00x |
| 2048    |   0.62x  |   0.62x |   1.00x |
+---------+----------+---------+---------+

Memory Bandwidth GB/s  (higher is better)
+---------+------------+------------+------------+
| seq_len | template   | example    | pytorch    |
+---------+------------+------------+------------+
| 64      | 6.67 GB/s  | 6.92 GB/s  | 10.71 GB/s |
| 128     | 14.04 GB/s | 3.75 GB/s  | 6.69 GB/s  |
| 256     | 8.39 GB/s  | 7.52 GB/s  | 11.71 GB/s |
| 512     | 14.91 GB/s | 14.97 GB/s | 23.23 GB/s |
| 1024    | 29.64 GB/s | 29.84 GB/s | 47.21 GB/s |
| 2048    | 60.43 GB/s | 60.26 GB/s | 96.87 GB/s |
+---------+------------+------------+------------+

TFLOPS  (higher is better)
+---------+----------+---------+----------+
| seq_len | template | example | pytorch  |
+---------+----------+---------+----------+
| 64      | 0.00 TF  | 0.00 TF |  N/A  TF |
| 128     | 0.01 TF  | 0.00 TF |  N/A  TF |
| 256     | 0.01 TF  | 0.00 TF |  N/A  TF |
| 512     | 0.01 TF  | 0.01 TF |  N/A  TF |
| 1024    | 0.02 TF  | 0.02 TF |  N/A  TF |
| 2048    | 0.04 TF  | 0.04 TF |  N/A  TF |
+---------+----------+---------+----------+
  Saved: /home/s2890639/projects/edin-mls-26-spring/results_kernels/run_2234420/kernels/softmax.csv
  matplotlib not available; skipping plot
[2026-03-26 01:06:59] -- Kernel softmax done.
[2026-03-26 01:06:59] -- Kernel: conv1d (block-sizes: 32,64,128)
========================================================================
GLM-ASR Kernel Benchmarking Framework
template  = glm_asr_triton_template  (student implementation)
example   = glm_asr_triton_example   (reference Triton)
pytorch   = torch.nn.functional      (vendor baseline)
========================================================================

Device: cuda
GPU:    NVIDIA H200 MIG 1g.18gb

────────────────────────────────────────────────────────────────────────
Benchmarking: conv1d  |  seq_lens=[64, 128, 256, 512, 1024, 2048]  |  block_sizes=[32, 64, 128]
Warmup=10, Runs=100
────────────────────────────────────────────────────────────────────────
  Note: using synthetic config in_channels=16, kernel_size=3
  (model's actual config out_channels=1280 exceeds MAX_TILE_DIM=256)
  [correctness] conv1d oc=32 seq=64: PASS  (max_diff=1.9083e-02)
  [correctness] conv1d oc=64 seq=64: PASS  (max_diff=2.0687e-02)
  [correctness] conv1d oc=128 seq=64: PASS  (max_diff=2.6415e-02)
  [correctness] conv1d oc=32 seq=128: PASS  (max_diff=2.2932e-02)
  [correctness] conv1d oc=64 seq=128: PASS  (max_diff=2.1227e-02)
  [correctness] conv1d oc=128 seq=128: PASS  (max_diff=2.1164e-02)
  [correctness] conv1d oc=32 seq=256: PASS  (max_diff=2.3825e-02)
  [correctness] conv1d oc=64 seq=256: PASS  (max_diff=2.9148e-02)
  [correctness] conv1d oc=128 seq=256: PASS  (max_diff=2.7203e-02)
  [correctness] conv1d oc=32 seq=512: PASS  (max_diff=2.3506e-02)
  [correctness] conv1d oc=64 seq=512: PASS  (max_diff=2.2135e-02)
  [correctness] conv1d oc=128 seq=512: PASS  (max_diff=2.6424e-02)
  [correctness] conv1d oc=32 seq=1024: PASS  (max_diff=2.5639e-02)
  [correctness] conv1d oc=64 seq=1024: PASS  (max_diff=2.5848e-02)
  [correctness] conv1d oc=128 seq=1024: PASS  (max_diff=3.1460e-02)
  [correctness] conv1d oc=32 seq=2048: PASS  (max_diff=2.7235e-02)
  [correctness] conv1d oc=64 seq=2048: PASS  (max_diff=2.8616e-02)
  [correctness] conv1d oc=128 seq=2048: PASS  (max_diff=3.4653e-02)

========================================================================
Conv1d Benchmark  (in_channels=16, kernel_size=3, cuda)
========================================================================

Latency mean±std (ms) — lower is better  (* = best Triton variant)
+---------+----------------+----------------+----------------+----------------+----------------+----------------+----------------+
| seq_len | example_oc128  | example_oc32   | example_oc64   | pytorch        | template_oc128 | template_oc32  | template_oc64  |
+---------+----------------+----------------+----------------+----------------+----------------+----------------+----------------+
| 64      | 0.086±0.006ms  | 0.085±0.007ms  | 0.087±0.009ms  | 0.074±0.005ms  | 0.087±0.007ms  | 0.023±0.003ms* | 0.086±0.005ms  |
| 128     | 0.088±0.007ms  | 0.086±0.006ms  | 0.087±0.007ms  | 0.074±0.005ms  | 0.086±0.006ms  | 0.086±0.006ms* | 0.087±0.006ms  |
| 256     | 0.085±0.005ms  | 0.085±0.006ms* | 0.086±0.005ms  | 0.074±0.003ms  | 0.086±0.006ms  | 0.089±0.010ms  | 0.089±0.007ms  |
| 512     | 0.035±0.002ms* | 0.066±0.007ms  | 0.043±0.004ms  | 0.026±0.002ms  | 0.037±0.003ms  | 0.083±0.009ms  | 0.049±0.004ms  |
| 1024    | 0.027±0.001ms  | 0.027±0.009ms  | 0.024±0.002ms* | 0.018±0.001ms  | 0.027±0.001ms  | 0.027±0.002ms  | 0.024±0.002ms  |
| 2048    | 0.084±0.006ms  | 0.020±0.001ms* | 0.022±0.001ms  | 0.072±0.003ms  | 0.084±0.006ms  | 0.020±0.001ms  | 0.022±0.002ms  |
+---------+----------------+----------------+----------------+----------------+----------------+----------------+----------------+

Latency min–max (ms)
+---------+---------------+---------------+---------------+---------------+----------------+---------------+---------------+
| seq_len | example_oc128 | example_oc32  | example_oc64  | pytorch       | template_oc128 | template_oc32 | template_oc64 |
+---------+---------------+---------------+---------------+---------------+----------------+---------------+---------------+
| 64      | 0.078–0.124ms | 0.069–0.120ms | 0.080–0.143ms | 0.068–0.104ms | 0.077–0.126ms  | 0.020–0.038ms | 0.078–0.118ms |
| 128     | 0.079–0.147ms | 0.079–0.125ms | 0.079–0.121ms | 0.069–0.106ms | 0.080–0.125ms  | 0.079–0.125ms | 0.077–0.126ms |
| 256     | 0.079–0.120ms | 0.077–0.121ms | 0.081–0.121ms | 0.069–0.093ms | 0.078–0.117ms  | 0.078–0.142ms | 0.080–0.126ms |
| 512     | 0.032–0.044ms | 0.056–0.101ms | 0.035–0.065ms | 0.022–0.035ms | 0.033–0.052ms  | 0.067–0.134ms | 0.044–0.069ms |
| 1024    | 0.023–0.034ms | 0.023–0.118ms | 0.022–0.033ms | 0.016–0.023ms | 0.025–0.032ms  | 0.025–0.038ms | 0.021–0.033ms |
| 2048    | 0.075–0.122ms | 0.018–0.027ms | 0.020–0.031ms | 0.068–0.088ms | 0.077–0.115ms  | 0.018–0.027ms | 0.020–0.030ms |
+---------+---------------+---------------+---------------+---------------+----------------+---------------+---------------+

Speedup vs PyTorch  (>1.0 = faster than PyTorch)
+---------+---------------+--------------+--------------+---------+----------------+---------------+---------------+
| seq_len | example_oc128 | example_oc32 | example_oc64 | pytorch | template_oc128 | template_oc32 | template_oc64 |
+---------+---------------+--------------+--------------+---------+----------------+---------------+---------------+
| 64      |   0.86x       |   0.87x      |   0.84x      |   1.00x |   0.85x        |   3.23x       |   0.85x       |
| 128     |   0.84x       |   0.86x      |   0.85x      |   1.00x |   0.86x        |   0.86x       |   0.85x       |
| 256     |   0.87x       |   0.87x      |   0.85x      |   1.00x |   0.86x        |   0.83x       |   0.83x       |
| 512     |   0.75x       |   0.40x      |   0.61x      |   1.00x |   0.70x        |   0.32x       |   0.54x       |
| 1024    |   0.66x       |   0.65x      |   0.74x      |   1.00x |   0.65x        |   0.64x       |   0.72x       |
| 2048    |   0.86x       |   3.58x      |   3.24x      |   1.00x |   0.85x        |   3.56x       |   3.29x       |
+---------+---------------+--------------+--------------+---------+----------------+---------------+---------------+

TFLOPS  (higher is better)
+---------+---------------+--------------+--------------+----------+----------------+---------------+---------------+
| seq_len | example_oc128 | example_oc32 | example_oc64 | pytorch  | template_oc128 | template_oc32 | template_oc64 |
+---------+---------------+--------------+--------------+----------+----------------+---------------+---------------+
| 64      | 0.01 TF       | 0.00 TF      | 0.00 TF      |  N/A  TF | 0.01 TF        | 0.01 TF       | 0.00 TF       |
| 128     | 0.02 TF       | 0.00 TF      | 0.01 TF      |  N/A  TF | 0.02 TF        | 0.00 TF       | 0.01 TF       |
| 256     | 0.04 TF       | 0.01 TF      | 0.02 TF      |  N/A  TF | 0.04 TF        | 0.01 TF       | 0.02 TF       |
| 512     | 0.18 TF       | 0.02 TF      | 0.07 TF      |  N/A  TF | 0.17 TF        | 0.02 TF       | 0.06 TF       |
| 1024    | 0.47 TF       | 0.12 TF      | 0.26 TF      |  N/A  TF | 0.46 TF        | 0.11 TF       | 0.26 TF       |
| 2048    | 0.30 TF       | 0.31 TF      | 0.57 TF      |  N/A  TF | 0.30 TF        | 0.31 TF       | 0.57 TF       |
+---------+---------------+--------------+--------------+----------+----------------+---------------+---------------+
  Saved: /home/s2890639/projects/edin-mls-26-spring/results_kernels/run_2234420/kernels/conv1d.csv
  matplotlib not available; skipping plot
[2026-03-26 01:07:09] -- Kernel conv1d done.
[2026-03-26 01:07:09] -- Kernel: rope (block-sizes: 16,32,64)
========================================================================
GLM-ASR Kernel Benchmarking Framework
template  = glm_asr_triton_template  (student implementation)
example   = glm_asr_triton_example   (reference Triton)
pytorch   = torch.nn.functional      (vendor baseline)
========================================================================

Device: cuda
GPU:    NVIDIA H200 MIG 1g.18gb

────────────────────────────────────────────────────────────────────────
Benchmarking: rope  |  seq_lens=[64, 128, 256, 512, 1024, 2048]  |  block_sizes=[16, 32, 64]
Warmup=10, Runs=100
────────────────────────────────────────────────────────────────────────
  [correctness] rope_cos hd=16 seq=64: PASS  (max_diff=0.0000e+00)
  [correctness] rope_sin hd=16 seq=64: PASS  (max_diff=0.0000e+00)
  [correctness] rope_cos hd=32 seq=64: PASS  (max_diff=0.0000e+00)
  [correctness] rope_sin hd=32 seq=64: PASS  (max_diff=0.0000e+00)
  [correctness] rope_cos hd=64 seq=64: PASS  (max_diff=0.0000e+00)
  [correctness] rope_sin hd=64 seq=64: PASS  (max_diff=0.0000e+00)
  [correctness] rope_cos hd=16 seq=128: PASS  (max_diff=0.0000e+00)
  [correctness] rope_sin hd=16 seq=128: PASS  (max_diff=0.0000e+00)
  [correctness] rope_cos hd=32 seq=128: PASS  (max_diff=0.0000e+00)
  [correctness] rope_sin hd=32 seq=128: PASS  (max_diff=0.0000e+00)
  [correctness] rope_cos hd=64 seq=128: PASS  (max_diff=0.0000e+00)
  [correctness] rope_sin hd=64 seq=128: PASS  (max_diff=0.0000e+00)
  [correctness] rope_cos hd=16 seq=256: PASS  (max_diff=0.0000e+00)
  [correctness] rope_sin hd=16 seq=256: PASS  (max_diff=0.0000e+00)
  [correctness] rope_cos hd=32 seq=256: PASS  (max_diff=0.0000e+00)
  [correctness] rope_sin hd=32 seq=256: PASS  (max_diff=0.0000e+00)
  [correctness] rope_cos hd=64 seq=256: PASS  (max_diff=0.0000e+00)
  [correctness] rope_sin hd=64 seq=256: PASS  (max_diff=0.0000e+00)
  [correctness] rope_cos hd=16 seq=512: PASS  (max_diff=0.0000e+00)
  [correctness] rope_sin hd=16 seq=512: PASS  (max_diff=0.0000e+00)
  [correctness] rope_cos hd=32 seq=512: PASS  (max_diff=0.0000e+00)
  [correctness] rope_sin hd=32 seq=512: PASS  (max_diff=0.0000e+00)
  [correctness] rope_cos hd=64 seq=512: PASS  (max_diff=0.0000e+00)
  [correctness] rope_sin hd=64 seq=512: PASS  (max_diff=0.0000e+00)
  [correctness] rope_cos hd=16 seq=1024: PASS  (max_diff=0.0000e+00)
  [correctness] rope_sin hd=16 seq=1024: PASS  (max_diff=0.0000e+00)
  [correctness] rope_cos hd=32 seq=1024: PASS  (max_diff=0.0000e+00)
  [correctness] rope_sin hd=32 seq=1024: PASS  (max_diff=0.0000e+00)
  [correctness] rope_cos hd=64 seq=1024: PASS  (max_diff=0.0000e+00)
  [correctness] rope_sin hd=64 seq=1024: PASS  (max_diff=0.0000e+00)
  [correctness] rope_cos hd=16 seq=2048: PASS  (max_diff=0.0000e+00)
  [correctness] rope_sin hd=16 seq=2048: PASS  (max_diff=0.0000e+00)
  [correctness] rope_cos hd=32 seq=2048: PASS  (max_diff=0.0000e+00)
  [correctness] rope_sin hd=32 seq=2048: PASS  (max_diff=0.0000e+00)
  [correctness] rope_cos hd=64 seq=2048: PASS  (max_diff=0.0000e+00)
  [correctness] rope_sin hd=64 seq=2048: PASS  (max_diff=0.0000e+00)

========================================================================
RoPE Benchmark  hd=16  (cuda)
========================================================================

Latency mean±std (ms) — lower is better  (* = best Triton variant)
+---------+----------------+----------------+----------------+
| seq_len | template_hd16  | example_hd16   | pytorch_hd16   |
+---------+----------------+----------------+----------------+
| 64      | 0.022±0.003ms* | 0.079±0.005ms  | 0.078±0.007ms  |
| 128     | 0.059±0.005ms* | 0.059±0.094ms  | 0.051±0.003ms  |
| 256     | 0.024±0.002ms  | 0.023±0.001ms* | 0.027±0.002ms  |
| 512     | 0.019±0.002ms* | 0.019±0.002ms  | 0.024±0.002ms  |
| 1024    | 0.019±0.001ms* | 0.019±0.001ms  | 0.024±0.001ms  |
| 2048    | 0.020±0.001ms* | 0.020±0.001ms  | 0.024±0.002ms  |
+---------+----------------+----------------+----------------+

Latency min–max (ms)
+---------+---------------+---------------+---------------+
| seq_len | template_hd16 | example_hd16  | pytorch_hd16  |
+---------+---------------+---------------+---------------+
| 64      | 0.019–0.041ms | 0.071–0.115ms | 0.068–0.101ms |
| 128     | 0.049–0.086ms | 0.042–0.990ms | 0.046–0.073ms |
| 256     | 0.020–0.037ms | 0.020–0.029ms | 0.025–0.037ms |
| 512     | 0.016–0.031ms | 0.016–0.029ms | 0.021–0.032ms |
| 1024    | 0.016–0.027ms | 0.017–0.023ms | 0.021–0.034ms |
| 2048    | 0.018–0.026ms | 0.019–0.026ms | 0.021–0.039ms |
+---------+---------------+---------------+---------------+

Speedup vs PyTorch  (>1.0 = faster than PyTorch)
+---------+---------------+--------------+--------------+
| seq_len | template_hd16 | example_hd16 | pytorch_hd16 |
+---------+---------------+--------------+--------------+
| 64      |   3.47x       |   0.98x      |   1.00x      |
| 128     |   0.88x       |   0.87x      |   1.00x      |
| 256     |   1.11x       |   1.19x      |   1.00x      |
| 512     |   1.28x       |   1.27x      |   1.00x      |
| 1024    |   1.23x       |   1.23x      |   1.00x      |
| 2048    |   1.20x       |   1.17x      |   1.00x      |
+---------+---------------+--------------+--------------+
  Saved: /home/s2890639/projects/edin-mls-26-spring/results_kernels/run_2234420/kernels/rope_hd16.csv
  matplotlib not available; skipping plot

========================================================================
RoPE Benchmark  hd=32  (cuda)
========================================================================

Latency mean±std (ms) — lower is better  (* = best Triton variant)
+---------+----------------+----------------+----------------+
| seq_len | template_hd32  | example_hd32   | pytorch_hd32   |
+---------+----------------+----------------+----------------+
| 64      | 0.081±0.006ms  | 0.072±0.006ms* | 0.084±0.003ms  |
| 128     | 0.037±0.003ms  | 0.034±0.003ms* | 0.038±0.002ms  |
| 256     | 0.021±0.001ms  | 0.020±0.002ms* | 0.024±0.001ms  |
| 512     | 0.019±0.001ms  | 0.019±0.001ms* | 0.023±0.001ms  |
| 1024    | 0.019±0.001ms  | 0.019±0.001ms* | 0.024±0.002ms  |
| 2048    | 0.020±0.001ms* | 0.020±0.001ms  | 0.023±0.001ms  |
+---------+----------------+----------------+----------------+

Latency min–max (ms)
+---------+---------------+---------------+---------------+
| seq_len | template_hd32 | example_hd32  | pytorch_hd32  |
+---------+---------------+---------------+---------------+
| 64      | 0.073–0.126ms | 0.064–0.108ms | 0.081–0.098ms |
| 128     | 0.032–0.052ms | 0.029–0.043ms | 0.035–0.047ms |
| 256     | 0.017–0.027ms | 0.018–0.033ms | 0.023–0.032ms |
| 512     | 0.017–0.025ms | 0.015–0.024ms | 0.022–0.030ms |
| 1024    | 0.017–0.025ms | 0.017–0.023ms | 0.022–0.032ms |
| 2048    | 0.018–0.027ms | 0.017–0.029ms | 0.021–0.030ms |
+---------+---------------+---------------+---------------+

Speedup vs PyTorch  (>1.0 = faster than PyTorch)
+---------+---------------+--------------+--------------+
| seq_len | template_hd32 | example_hd32 | pytorch_hd32 |
+---------+---------------+--------------+--------------+
| 64      |   1.05x       |   1.17x      |   1.00x      |
| 128     |   1.01x       |   1.10x      |   1.00x      |
| 256     |   1.17x       |   1.19x      |   1.00x      |
| 512     |   1.25x       |   1.26x      |   1.00x      |
| 1024    |   1.25x       |   1.26x      |   1.00x      |
| 2048    |   1.17x       |   1.15x      |   1.00x      |
+---------+---------------+--------------+--------------+
  Saved: /home/s2890639/projects/edin-mls-26-spring/results_kernels/run_2234420/kernels/rope_hd32.csv
  matplotlib not available; skipping plot

========================================================================
RoPE Benchmark  hd=64  (cuda)
========================================================================

Latency mean±std (ms) — lower is better  (* = best Triton variant)
+---------+----------------+----------------+----------------+
| seq_len | template_hd64  | example_hd64   | pytorch_hd64   |
+---------+----------------+----------------+----------------+
| 64      | 0.066±0.005ms  | 0.065±0.005ms* | 0.077±0.005ms  |
| 128     | 0.029±0.002ms  | 0.026±0.002ms* | 0.031±0.002ms  |
| 256     | 0.019±0.001ms  | 0.019±0.001ms* | 0.024±0.002ms  |
| 512     | 0.019±0.002ms  | 0.019±0.001ms* | 0.024±0.001ms  |
| 1024    | 0.019±0.001ms* | 0.019±0.001ms  | 0.024±0.002ms  |
| 2048    | 0.022±0.001ms* | 0.022±0.001ms  | 0.025±0.001ms  |
+---------+----------------+----------------+----------------+

Latency min–max (ms)
+---------+---------------+---------------+---------------+
| seq_len | template_hd64 | example_hd64  | pytorch_hd64  |
+---------+---------------+---------------+---------------+
| 64      | 0.061–0.101ms | 0.059–0.094ms | 0.072–0.116ms |
| 128     | 0.026–0.038ms | 0.022–0.038ms | 0.029–0.037ms |
| 256     | 0.017–0.026ms | 0.016–0.025ms | 0.022–0.037ms |
| 512     | 0.016–0.027ms | 0.016–0.023ms | 0.022–0.030ms |
| 1024    | 0.017–0.025ms | 0.017–0.026ms | 0.022–0.032ms |
| 2048    | 0.020–0.026ms | 0.020–0.026ms | 0.023–0.029ms |
+---------+---------------+---------------+---------------+

Speedup vs PyTorch  (>1.0 = faster than PyTorch)
+---------+---------------+--------------+--------------+
| seq_len | template_hd64 | example_hd64 | pytorch_hd64 |
+---------+---------------+--------------+--------------+
| 64      |   1.17x       |   1.18x      |   1.00x      |
| 128     |   1.07x       |   1.19x      |   1.00x      |
| 256     |   1.22x       |   1.25x      |   1.00x      |
| 512     |   1.26x       |   1.27x      |   1.00x      |
| 1024    |   1.24x       |   1.24x      |   1.00x      |
| 2048    |   1.15x       |   1.13x      |   1.00x      |
+---------+---------------+--------------+--------------+
  Saved: /home/s2890639/projects/edin-mls-26-spring/results_kernels/run_2234420/kernels/rope_hd64.csv
  matplotlib not available; skipping plot
[2026-03-26 01:07:13] -- Kernel rope done.
[2026-03-26 01:07:13] -- Kernel: fused_qkv (block-sizes: <default>)
========================================================================
GLM-ASR Kernel Benchmarking Framework
template  = glm_asr_triton_template  (student implementation)
example   = glm_asr_triton_example   (reference Triton)
pytorch   = torch.nn.functional      (vendor baseline)
========================================================================

Device: cuda
GPU:    NVIDIA H200 MIG 1g.18gb

────────────────────────────────────────────────────────────────────────
Benchmarking: fused_qkv  |  seq_lens=[64, 128, 256, 512, 1024, 2048]  |  block_sizes=[16, 32, 64]
Warmup=10, Runs=100
────────────────────────────────────────────────────────────────────────
  [correctness] fused_qkv Q seq=64: PASS  (max_diff=8.1135e-02)
  [correctness] fused_qkv K seq=64: PASS  (max_diff=8.8737e-02)
  [correctness] fused_qkv V seq=64: PASS  (max_diff=6.8321e-02)
  [correctness] fused_qkv Q seq=128: PASS  (max_diff=8.6457e-02)
  [correctness] fused_qkv K seq=128: PASS  (max_diff=7.1438e-02)
  [correctness] fused_qkv V seq=128: PASS  (max_diff=8.0019e-02)
  [correctness] fused_qkv Q seq=256: PASS  (max_diff=9.1166e-02)
  [correctness] fused_qkv K seq=256: PASS  (max_diff=7.5691e-02)
  [correctness] fused_qkv V seq=256: PASS  (max_diff=7.7076e-02)
  [correctness] fused_qkv Q seq=512: PASS  (max_diff=9.7589e-02)
  [correctness] fused_qkv K seq=512: PASS  (max_diff=9.0641e-02)
  [correctness] fused_qkv V seq=512: PASS  (max_diff=7.6962e-02)
  [correctness] fused_qkv Q seq=1024: PASS  (max_diff=9.7870e-02)
  [correctness] fused_qkv K seq=1024: PASS  (max_diff=8.1772e-02)
  [correctness] fused_qkv V seq=1024: PASS  (max_diff=8.6729e-02)
  [correctness] fused_qkv Q seq=2048: PASS  (max_diff=9.2505e-02)
  [correctness] fused_qkv K seq=2048: PASS  (max_diff=9.2258e-02)
  [correctness] fused_qkv V seq=2048: PASS  (max_diff=9.1342e-02)

========================================================================
FusedQKV Benchmark  (M=seq_len, K=3584, N_Q=3584, N_KV=512, BK=64, cuda)
========================================================================

Latency mean±std (ms) — lower is better  (* = best Triton variant)
+---------+--------------------+-----------------+-----------------+
| seq_len | template_autotuned | example_unfused | pytorch         |
+---------+--------------------+-----------------+-----------------+
| 64      | 0.311±0.022ms*     | 0.484±0.005ms   | 0.562±0.004ms   |
| 128     | 0.334±0.002ms*     | 0.908±0.004ms   | 0.819±0.018ms   |
| 256     | 0.534±0.004ms*     | 1.655±0.005ms   | 1.873±0.003ms   |
| 512     | 0.950±0.004ms*     | 3.098±0.004ms   | 3.731±0.007ms   |
| 1024    | 1.817±0.010ms*     | 5.965±0.006ms   | 6.617±0.006ms   |
| 2048    | 3.838±0.023ms*     | 12.818±0.007ms  | 13.244±0.007ms  |
+---------+--------------------+-----------------+-----------------+

Latency min–max (ms)
+---------+--------------------+-----------------+-----------------+
| seq_len | template_autotuned | example_unfused | pytorch         |
+---------+--------------------+-----------------+-----------------+
| 64      | 0.273–0.363ms      | 0.473–0.509ms   | 0.557–0.580ms   |
| 128     | 0.329–0.341ms      | 0.895–0.922ms   | 0.794–0.843ms   |
| 256     | 0.525–0.543ms      | 1.650–1.699ms   | 1.866–1.885ms   |
| 512     | 0.938–0.962ms      | 3.083–3.105ms   | 3.724–3.794ms   |
| 1024    | 1.792–1.832ms      | 5.952–5.976ms   | 6.610–6.664ms   |
| 2048    | 3.793–3.949ms      | 12.805–12.844ms | 13.230–13.267ms |
+---------+--------------------+-----------------+-----------------+

Speedup vs PyTorch  (>1.0 = faster than PyTorch)
+---------+--------------------+-----------------+---------+
| seq_len | template_autotuned | example_unfused | pytorch |
+---------+--------------------+-----------------+---------+
| 64      |   1.81x            |   1.16x         |   1.00x |
| 128     |   2.45x            |   0.90x         |   1.00x |
| 256     |   3.51x            |   1.13x         |   1.00x |
| 512     |   3.93x            |   1.20x         |   1.00x |
| 1024    |   3.64x            |   1.11x         |   1.00x |
| 2048    |   3.45x            |   1.03x         |   1.00x |
+---------+--------------------+-----------------+---------+

TFLOPS  (higher is better)
+---------+--------------------+-----------------+---------+
| seq_len | template_autotuned | example_unfused | pytorch |
+---------+--------------------+-----------------+---------+
| 64      | 6.80 TF            | 4.37 TF         | 3.76 TF |
| 128     | 12.65 TF           | 4.66 TF         | 5.16 TF |
| 256     | 15.85 TF           | 5.11 TF         | 4.52 TF |
| 512     | 17.81 TF           | 5.46 TF         | 4.53 TF |
| 1024    | 18.62 TF           | 5.67 TF         | 5.11 TF |
| 2048    | 17.63 TF           | 5.28 TF         | 5.11 TF |
+---------+--------------------+-----------------+---------+
  Saved: /home/s2890639/projects/edin-mls-26-spring/results_kernels/run_2234420/kernels/fused_qkv.csv
  matplotlib not available; skipping plot
[2026-03-26 01:07:27] -- Kernel fused_qkv done.
[2026-03-26 01:07:27] ==== PHASE 1 complete. CSVs and quick plots in /home/s2890639/projects/edin-mls-26-spring/results_kernels/run_2234420/kernels ====
[2026-03-26 01:07:27] ==== PHASE 2: Model benchmark (audio=/home/s2890639/projects/edin-mls-26-spring/test_audio.wav, runs=20) ====
========================================================================
GLM-ASR Kernel Benchmarking Framework
template  = glm_asr_triton_template  (student implementation)
example   = glm_asr_triton_example   (reference Triton)
pytorch   = torch.nn.functional      (vendor baseline)
========================================================================

Device: cuda
GPU:    NVIDIA H200 MIG 1g.18gb

========================================================================
MODEL BENCHMARK: glm_asr_triton_template vs glm_asr_triton_example
========================================================================
  Audio file not found: /home/s2890639/projects/edin-mls-26-spring/test_audio.wav
  Skipping model benchmark. Provide --audio <path> to run this.
[2026-03-26 01:07:29] ==== PHASE 2 complete ====
[2026-03-26 01:07:29] ==== PHASE 3: Model sweep (seq-lens=10,25,50,75,100,150,200, runs=20) ====
========================================================================
GLM-ASR Kernel Benchmarking Framework
template  = glm_asr_triton_template  (student implementation)
example   = glm_asr_triton_example   (reference Triton)
pytorch   = torch.nn.functional      (vendor baseline)
========================================================================

Device: cuda
GPU:    NVIDIA H200 MIG 1g.18gb

========================================================================
PERFORMANCE SWEEP: template vs example  (decoder context scaling)
  gen_lens      = [10, 25, 50, 75, 100, 150, 200]
  warmup/runs   = 5/5
========================================================================
  [sweep] torchaudio not found – using synthetic silence.

[template] Loading model from glm_asr_triton_template...
Loading HuggingFace model: zai-org/GLM-ASR-Nano-2512
Creating Triton model with config:
  Audio: hidden=1280, heads=20, layers=32
  Text: hidden=2048, heads=16, kv_heads=4, layers=28
Loading HuggingFace weights...
Loading weights:   0%|          | 0/745 [00:00<?, ?it/s]Loading weights:   1%|          | 4/745 [00:00<01:54,  6.50it/s]Loading weights:   1%|          | 8/745 [00:00<01:22,  8.93it/s]Loading weights:   3%|▎         | 23/745 [00:01<00:49, 14.51it/s]Loading weights:   5%|▌         | 38/745 [00:02<00:41, 17.19it/s]Loading weights:   7%|▋         | 53/745 [00:03<00:37, 18.23it/s]Loading weights:   9%|▉         | 68/745 [00:04<00:36, 18.62it/s]Loading weights:  11%|█         | 83/745 [00:04<00:34, 19.27it/s]Loading weights:  13%|█▎        | 98/745 [00:12<02:20,  4.61it/s]Loading weights:  13%|█▎        | 100/745 [00:13<02:20,  4.59it/s]Loading weights:  15%|█▍        | 109/745 [00:17<03:09,  3.36it/s]Loading weights:  15%|█▌        | 113/745 [00:18<02:55,  3.60it/s]Loading weights:  17%|█▋        | 128/745 [00:19<01:46,  5.80it/s]Loading weights:  19%|█▉        | 143/745 [00:19<01:14,  8.05it/s]Loading weights:  21%|██        | 158/745 [00:20<00:59,  9.95it/s]Loading weights:  23%|██▎       | 173/745 [00:21<00:44, 12.90it/s]Loading weights:  24%|██▎       | 176/745 [00:21<00:44, 12.78it/s]Loading weights:  24%|██▍       | 178/745 [00:26<02:22,  3.97it/s]Loading weights:  25%|██▌       | 188/745 [00:26<01:35,  5.82it/s]Loading weights:  26%|██▌       | 190/745 [00:26<01:32,  6.02it/s]Loading weights:  27%|██▋       | 203/745 [00:27<01:01,  8.79it/s]Loading weights:  28%|██▊       | 205/745 [00:27<01:00,  8.98it/s]Loading weights:  29%|██▉       | 218/745 [00:28<00:40, 13.04it/s]Loading weights:  30%|██▉       | 220/745 [00:32<02:19,  3.77it/s]Loading weights:  30%|███       | 227/745 [00:36<03:00,  2.87it/s]Loading weights:  31%|███▏      | 233/745 [00:37<02:42,  3.15it/s]Loading weights:  34%|███▎      | 250/745 [00:37<01:15,  6.52it/s]Loading weights:  34%|███▍      | 257/745 [00:37<01:00,  8.08it/s]Loading weights:  35%|███▌      | 263/745 [00:38<01:00,  8.01it/s]Loading weights:  36%|███▌      | 267/745 [00:38<00:51,  9.26it/s]Loading weights:  37%|███▋      | 278/745 [00:39<00:39, 11.82it/s]Loading weights:  39%|███▉      | 293/745 [00:39<00:30, 14.87it/s]Loading weights:  40%|███▉      | 296/745 [00:40<00:29, 15.20it/s]Loading weights:  41%|████▏     | 308/745 [00:40<00:29, 14.59it/s]Loading weights:  43%|████▎     | 323/745 [00:41<00:24, 17.13it/s]Loading weights:  44%|████▍     | 326/745 [00:41<00:23, 17.59it/s]Loading weights:  45%|████▌     | 338/745 [00:42<00:21, 18.62it/s]Loading weights:  47%|████▋     | 353/745 [00:43<00:21, 18.14it/s]Loading weights:  48%|████▊     | 356/745 [00:43<00:23, 16.56it/s]Loading weights:  49%|████▉     | 368/745 [00:43<00:20, 18.80it/s]Loading weights:  50%|████▉     | 370/745 [00:44<00:19, 18.82it/s]Loading weights:  51%|█████▏    | 383/745 [00:44<00:19, 18.22it/s]Loading weights:  52%|█████▏    | 385/745 [00:44<00:20, 17.78it/s]Loading weights:  53%|█████▎    | 398/745 [00:45<00:16, 20.48it/s]Loading weights:  54%|█████▎    | 400/745 [00:45<00:16, 20.35it/s]Loading weights:  55%|█████▌    | 413/745 [00:46<00:16, 20.08it/s]Loading weights:  56%|█████▌    | 415/745 [00:46<00:18, 18.30it/s]Loading weights:  57%|█████▋    | 428/745 [00:46<00:15, 21.01it/s]Loading weights:  59%|█████▉    | 443/745 [00:47<00:15, 20.12it/s]Loading weights:  61%|██████▏   | 458/745 [00:48<00:13, 21.53it/s]Loading weights:  62%|██████▏   | 461/745 [00:48<00:13, 20.84it/s]Loading weights:  63%|██████▎   | 473/745 [00:49<00:13, 20.68it/s]Loading weights:  63%|██████▎   | 473/745 [01:02<00:13, 20.68it/s]Loading weights:  65%|██████▌   | 487/745 [01:05<01:58,  2.17it/s]Loading weights:  66%|██████▌   | 488/745 [01:06<02:04,  2.06it/s]Loading weights:  71%|███████   | 526/745 [01:07<00:39,  5.53it/s]Loading weights:  71%|███████   | 529/745 [01:07<00:37,  5.70it/s]Loading weights:  71%|███████▏  | 531/745 [01:08<00:37,  5.71it/s]Loading weights:  72%|███████▏  | 535/745 [01:09<00:45,  4.57it/s]Loading weights:  72%|███████▏  | 537/745 [01:10<00:44,  4.71it/s]Loading weights:  73%|███████▎  | 544/745 [01:12<00:47,  4.21it/s]Loading weights:  73%|███████▎  | 546/745 [01:12<00:43,  4.54it/s]Loading weights:  74%|███████▍  | 553/745 [01:14<00:42,  4.49it/s]Loading weights:  74%|███████▍  | 554/745 [01:14<00:41,  4.57it/s]Loading weights:  75%|███████▌  | 562/745 [01:15<00:39,  4.69it/s]Loading weights:  76%|███████▌  | 563/745 [01:16<00:40,  4.49it/s]Loading weights:  77%|███████▋  | 571/745 [01:17<00:34,  5.02it/s]Loading weights:  77%|███████▋  | 573/745 [01:18<00:35,  4.83it/s]Loading weights:  78%|███████▊  | 580/745 [01:19<00:32,  5.01it/s]Loading weights:  79%|███████▉  | 587/745 [01:19<00:20,  7.57it/s]Loading weights:  79%|███████▉  | 590/745 [01:24<01:05,  2.36it/s]Loading weights:  79%|███████▉  | 592/745 [01:24<00:58,  2.61it/s]Loading weights:  80%|████████  | 598/745 [01:25<00:36,  4.02it/s]Loading weights:  81%|████████  | 600/745 [01:26<00:45,  3.16it/s]Loading weights:  81%|████████▏ | 607/745 [01:27<00:30,  4.59it/s]Loading weights:  82%|████████▏ | 609/745 [01:30<01:01,  2.22it/s]Loading weights:  82%|████████▏ | 612/745 [01:30<00:46,  2.87it/s]Loading weights:  83%|████████▎ | 616/745 [01:31<00:36,  3.58it/s]Loading weights:  83%|████████▎ | 618/745 [01:32<00:44,  2.83it/s]Loading weights:  84%|████████▍ | 625/745 [01:33<00:29,  4.05it/s]Loading weights:  84%|████████▍ | 626/745 [01:33<00:29,  4.03it/s]Loading weights:  84%|████████▍ | 627/745 [01:34<00:31,  3.72it/s]Loading weights:  85%|████████▌ | 634/745 [01:35<00:24,  4.58it/s]Loading weights:  85%|████████▌ | 635/745 [01:35<00:23,  4.70it/s]Loading weights:  85%|████████▌ | 636/745 [01:35<00:23,  4.65it/s]Loading weights:  86%|████████▋ | 643/745 [01:37<00:21,  4.83it/s]Loading weights:  87%|████████▋ | 645/745 [01:38<00:32,  3.10it/s]Loading weights:  88%|████████▊ | 652/745 [01:39<00:19,  4.85it/s]Loading weights:  88%|████████▊ | 653/745 [01:39<00:18,  5.04it/s]Loading weights:  88%|████████▊ | 658/745 [01:40<00:13,  6.31it/s]Loading weights:  89%|████████▊ | 661/745 [01:41<00:19,  4.38it/s]Loading weights:  89%|████████▉ | 662/745 [01:41<00:18,  4.47it/s]Loading weights:  90%|████████▉ | 670/745 [01:43<00:14,  5.03it/s]Loading weights:  90%|█████████ | 671/745 [01:43<00:14,  5.23it/s]Loading weights:  90%|█████████ | 672/745 [01:43<00:18,  3.84it/s]Loading weights:  91%|█████████ | 679/745 [01:45<00:13,  4.86it/s]Loading weights:  91%|█████████▏| 680/745 [01:45<00:12,  5.07it/s]Loading weights:  91%|█████████▏| 681/745 [01:46<00:18,  3.52it/s]Loading weights:  92%|█████████▏| 688/745 [01:50<00:26,  2.17it/s]Loading weights:  93%|█████████▎| 694/745 [01:50<00:14,  3.53it/s]Loading weights:  94%|█████████▎| 697/745 [01:52<00:18,  2.60it/s]Loading weights:  94%|█████████▍| 699/745 [01:52<00:15,  3.01it/s]Loading weights:  95%|█████████▍| 706/745 [01:54<00:11,  3.50it/s]Loading weights:  95%|█████████▌| 708/745 [01:54<00:09,  3.75it/s]Loading weights:  96%|█████████▌| 715/745 [01:56<00:07,  4.25it/s]Loading weights:  96%|█████████▌| 716/745 [01:56<00:06,  4.20it/s]Loading weights:  97%|█████████▋| 724/745 [01:58<00:04,  4.60it/s]Loading weights:  97%|█████████▋| 725/745 [01:58<00:04,  4.71it/s]Loading weights:  97%|█████████▋| 726/745 [01:58<00:04,  4.68it/s]Loading weights:  98%|█████████▊| 733/745 [01:59<00:02,  4.84it/s]Loading weights:  99%|█████████▊| 734/745 [01:59<00:02,  5.03it/s]Loading weights: 100%|█████████▉| 743/745 [02:01<00:00,  5.03it/s]Loading weights: 100%|██████████| 745/745 [02:01<00:00,  6.12it/s]
Loading audio encoder weights...
Loading multi-modal projector weights...
Loading text decoder weights...
Weight loading complete!
  Fixed audio: 20.0s | encoder ctx: 375 tokens
  gen_len=  10  warming up...  333.1ms  30.0tok/s  33.31ms/tok  12718MB
    hyp (  0 words): 
    WER=0.000  CER=0.000
  gen_len=  25  warming up...  333.1ms  75.1tok/s  13.32ms/tok  12718MB
    hyp (  0 words): 
    WER=0.000  CER=0.000
  gen_len=  50  warming up...  332.9ms  150.2tok/s  6.66ms/tok  12718MB
    hyp (  0 words): 
    WER=0.000  CER=0.000
  gen_len=  75  warming up...  333.1ms  225.2tok/s  4.44ms/tok  12718MB
    hyp (  0 words): 
    WER=0.000  CER=0.000
  gen_len= 100  warming up...  333.1ms  300.2tok/s  3.33ms/tok  12718MB
    hyp (  0 words): 
    WER=0.000  CER=0.000
  gen_len= 150  warming up...  333.0ms  450.5tok/s  2.22ms/tok  12718MB
    hyp (  0 words): 
    WER=0.000  CER=0.000
  gen_len= 200  warming up...  333.0ms  600.6tok/s  1.66ms/tok  12718MB
    hyp (  0 words): 
    WER=0.000  CER=0.000

[example] Loading model from glm_asr_triton_example...
Loading HuggingFace model: zai-org/GLM-ASR-Nano-2512
Creating Triton model with config:
  Audio: hidden=1280, heads=20, layers=32
  Text: hidden=2048, heads=16, kv_heads=4, layers=28
Loading HuggingFace weights...
Loading weights:   0%|          | 0/745 [00:00<?, ?it/s]Loading weights:   9%|▊         | 64/745 [00:00<00:01, 617.63it/s]Loading weights:  17%|█▋        | 126/745 [00:00<00:01, 566.26it/s]Loading weights:  25%|██▍       | 184/745 [00:00<00:01, 553.42it/s]Loading weights:  32%|███▏      | 240/745 [00:00<00:00, 548.05it/s]Loading weights:  40%|███▉      | 295/745 [00:00<00:00, 547.55it/s]Loading weights:  47%|████▋     | 353/745 [00:00<00:00, 530.34it/s]Loading weights:  55%|█████▌    | 413/745 [00:00<00:00, 538.79it/s]Loading weights:  63%|██████▎   | 473/745 [00:00<00:00, 550.09it/s]Loading weights:  71%|███████   | 529/745 [00:01<00:01, 206.59it/s]Loading weights:  77%|███████▋  | 570/745 [00:01<00:00, 189.04it/s]Loading weights:  81%|████████  | 603/745 [00:02<00:00, 175.06it/s]Loading weights:  85%|████████▍ | 630/745 [00:02<00:00, 166.36it/s]Loading weights:  88%|████████▊ | 653/745 [00:02<00:00, 151.03it/s]Loading weights:  90%|█████████ | 673/745 [00:02<00:00, 156.46it/s]Loading weights:  93%|█████████▎| 693/745 [00:02<00:00, 154.56it/s]Loading weights:  95%|█████████▌| 711/745 [00:02<00:00, 149.59it/s]Loading weights:  98%|█████████▊| 728/745 [00:02<00:00, 145.74it/s]Loading weights: 100%|██████████| 745/745 [00:03<00:00, 244.90it/s]
Loading audio encoder weights...
Loading multi-modal projector weights...
Loading text decoder weights...
Weight loading complete!
  Fixed audio: 20.0s | encoder ctx: 375 tokens
  gen_len=  10  warming up...  819.4ms  12.2tok/s  81.94ms/tok  11933MB
    hyp (  0 words): 
    WER=0.000  CER=0.000
  gen_len=  25  warming up...  819.4ms  30.5tok/s  32.78ms/tok  11933MB
    hyp (  0 words): 
    WER=0.000  CER=0.000
  gen_len=  50  warming up...  819.4ms  61.0tok/s  16.39ms/tok  11933MB
    hyp (  0 words): 
    WER=0.000  CER=0.000
  gen_len=  75  warming up...  819.5ms  91.5tok/s  10.93ms/tok  11933MB
    hyp (  0 words): 
    WER=0.000  CER=0.000
  gen_len= 100  warming up...  819.4ms  122.0tok/s  8.19ms/tok  11933MB
    hyp (  0 words): 
    WER=0.000  CER=0.000
  gen_len= 150  warming up...  819.4ms  183.1tok/s  5.46ms/tok  11933MB
    hyp (  0 words): 
    WER=0.000  CER=0.000
  gen_len= 200  warming up...  819.4ms  244.1tok/s  4.10ms/tok  11933MB
    hyp (  0 words): 
    WER=0.000  CER=0.000

========================================================================
SWEEP SUMMARY  (template vs example)
========================================================================

Mean latency (ms)
   gen_len     template      example      speedup
-------------------------------------------------
        10        333.1        819.4         2.46x
        25        333.1        819.4         2.46x
        50        332.9        819.4         2.46x
        75        333.1        819.5         2.46x
       100        333.1        819.4         2.46x
       150        333.0        819.4         2.46x
       200        333.0        819.4         2.46x

Throughput (tok/s)
   gen_len     template      example      speedup
-------------------------------------------------
        10         30.0         12.2         2.46x
        25         75.1         30.5         2.46x
        50        150.2         61.0         2.46x
        75        225.2         91.5         2.46x
       100        300.2        122.0         2.46x
       150        450.5        183.1         2.46x
       200        600.6        244.1         2.46x

Latency/token (ms/tok)
   gen_len     template      example      speedup
-------------------------------------------------
        10        33.31        81.94         2.46x
        25        13.32        32.78         2.46x
        50         6.66        16.39         2.46x
        75         4.44        10.93         2.46x
       100         3.33         8.19         2.46x
       150         2.22         5.46         2.46x
       200         1.66         4.10         2.46x

Peak GPU mem (MB)
   gen_len     template      example      speedup
-------------------------------------------------
        10        12718        11933
        25        12718        11933
        50        12718        11933
        75        12718        11933
       100        12718        11933
       150        12718        11933
       200        12718        11933

WER
   gen_len     template      example      speedup
-------------------------------------------------
        10        0.000        0.000
        25        0.000        0.000
        50        0.000        0.000
        75        0.000        0.000
       100        0.000        0.000
       150        0.000        0.000
       200        0.000        0.000

CER
   gen_len     template      example      speedup
-------------------------------------------------
        10        0.000        0.000
        25        0.000        0.000
        50        0.000        0.000
        75        0.000        0.000
       100        0.000        0.000
       150        0.000        0.000
       200        0.000        0.000

────────────────────────────────────────────────────────────────────────
Note: speedup > 1x means template is faster than example.

Output match check (template vs example):
  gen_len=  10: MATCH
  gen_len=  25: MATCH
  gen_len=  50: MATCH
  gen_len=  75: MATCH
  gen_len= 100: MATCH
  gen_len= 150: MATCH
  gen_len= 200: MATCH

  Saved: /home/s2890639/projects/edin-mls-26-spring/results_kernels/run_2234420/model_sweep/sweep_results.csv
  [plot] matplotlib not available – skipping plots.
[2026-03-26 01:12:38] ==== PHASE 3 complete. Sweep CSV + PNGs in /home/s2890639/projects/edin-mls-26-spring/results_kernels/run_2234420/model_sweep ====
[2026-03-26 01:12:38] ==== PHASE 4: Model correctness (utterances=20) ====
========================================================================
GLM-ASR Kernel Benchmarking Framework
template  = glm_asr_triton_template  (student implementation)
example   = glm_asr_triton_example   (reference Triton)
pytorch   = torch.nn.functional      (vendor baseline)
========================================================================

Device: cuda
GPU:    NVIDIA H200 MIG 1g.18gb

========================================================================
CORRECTNESS E2E  (scratch vs example vs template)
  utterances    = 20   max_new_tokens = 200
========================================================================
  [correctness] torchaudio not found – returning empty utterance list.
  No utterances loaded – aborting.
[2026-03-26 01:12:39] ==== PHASE 4 complete. Correctness CSV + PNGs in /home/s2890639/projects/edin-mls-26-spring/results_kernels/run_2234420/model_correctness ====
[2026-03-26 01:12:39] ==== PHASE 5: plot_report.py — generating 4-panel reports ====
Found 13 CSV file(s).
  Detected GPU: NVIDIA H200 MIG 1g.18gb
  Using specs from table: 66.9 TFLOPS FP32, 4800 GB/s
GPU specs: 66.9 TFLOPS FP32, 4800 GB/s

matplotlib not installed. Run: pip install matplotlib
[2026-03-26 01:12:41] ERROR: command failed (exit=1) at line 251
[2026-03-26 01:12:41] ERROR: last command: python "$HW1_DIR/plot_report.py" "$OUTPUT_DIR/kernels" --dpi 150
[2026-03-26 01:12:41] ERROR: full log: /home/s2890639/projects/edin-mls-26-spring/results_kernels/run_2234420/logs/benchmark_run_2234420_20260326_010428.log
[2026-03-26 01:12:41] Benchmark suite exited with status 1.
[2026-03-26 01:12:41] Check log file: /home/s2890639/projects/edin-mls-26-spring/results_kernels/run_2234420/logs/benchmark_run_2234420_20260326_010428.log
