[2026-03-25 16:03:59] ====================================
[2026-03-25 16:03:59] HOST:                     saxa.inf.ed.ac.uk
[2026-03-25 16:03:59] JOB:                      2233732
[2026-03-25 16:03:59] PROJECT_DIR:              /home/s2890639/projects/edin-mls-26-spring
[2026-03-25 16:03:59] OUTPUT_DIR:               /home/s2890639/projects/edin-mls-26-spring/results_kernels/run_2233732
[2026-03-25 16:03:59] LOG_FILE:                 /home/s2890639/projects/edin-mls-26-spring/results_kernels/run_2233732/logs/benchmark_run_2233732_20260325_160358.log
[2026-03-25 16:03:59] RUNS (kernel):            100
[2026-03-25 16:03:59] WARMUP (kernel):          10
[2026-03-25 16:03:59] SEQ_LENS_KERNEL:          64,128,256,512,1024,2048
[2026-03-25 16:03:59] BLOCK_SIZES_ATTN:         16,32,64
[2026-03-25 16:03:59] BLOCK_SIZES_NORM:         256,512,1024,2048
[2026-03-25 16:03:59] BLOCK_SIZES_LINEAR:       32,64,128
[2026-03-25 16:03:59] BLOCK_SIZES_CONV:         32,64,128
[2026-03-25 16:03:59] BLOCK_SIZES_ROPE:         16,32,64
[2026-03-25 16:03:59] MODEL_RUNS:               20
[2026-03-25 16:03:59] MODEL_WARMUP:             5
[2026-03-25 16:03:59] MAX_NEW_TOKENS:           100
[2026-03-25 16:03:59] AUDIO:                    /home/s2890639/projects/edin-mls-26-spring/test_audio.wav
[2026-03-25 16:03:59] MODEL_SWEEP_SEQ_LENS:     10,25,50,75,100,150,200
[2026-03-25 16:03:59] MODEL_CORRECTNESS_N:      20
[2026-03-25 16:03:59] ====================================
[2026-03-25 16:03:59] Python: /home/s2890639/.conda/envs/mls/bin/python
Python 3.11.15
Wed Mar 25 16:03:59 2026       
+-----------------------------------------------------------------------------------------+
| NVIDIA-SMI 580.126.09             Driver Version: 580.126.09     CUDA Version: 13.0     |
+-----------------------------------------+------------------------+----------------------+
| GPU  Name                 Persistence-M | Bus-Id          Disp.A | Volatile Uncorr. ECC |
| Fan  Temp   Perf          Pwr:Usage/Cap |           Memory-Usage | GPU-Util  Compute M. |
|                                         |                        |               MIG M. |
|=========================================+========================+======================|
|   0  NVIDIA H200                    On  |   00000000:19:00.0 Off |                   On |
| N/A   44C    P0            217W /  700W |   24592MiB / 143771MiB |     N/A      Default |
|                                         |                        |              Enabled |
+-----------------------------------------+------------------------+----------------------+

+-----------------------------------------------------------------------------------------+
| MIG devices:                                                                            |
+------------------+----------------------------------+-----------+-----------------------+
| GPU  GI  CI  MIG |              Shared Memory-Usage |        Vol|        Shared         |
|      ID  ID  Dev |                Shared BAR1-Usage | SM     Unc| CE ENC  DEC  OFA  JPG |
|                  |                                  |        ECC|                       |
|==================+==================================+===========+=======================|
|  0   11   0   0  |              15MiB / 16384MiB    | 16      0 |  1   0    1    0    1 |
|                  |               0MiB / 14809MiB    |           |                       |
+------------------+----------------------------------+-----------+-----------------------+

+-----------------------------------------------------------------------------------------+
| Processes:                                                                              |
|  GPU   GI   CI              PID   Type   Process name                        GPU Memory |
|        ID   ID                                                               Usage      |
|=========================================================================================|
|  No running processes found                                                             |
+-----------------------------------------------------------------------------------------+
[2026-03-25 16:03:59] ==== PHASE 1: Kernel microbenchmarks (runs=100, warmup=10) ====
[2026-03-25 16:03:59] -- Kernel: attention (block-sizes: 16,32,64)
========================================================================
GLM-ASR Kernel Benchmarking Framework
template  = glm_asr_triton_template  (student implementation)
example   = glm_asr_triton_example   (reference Triton)
pytorch   = torch.nn.functional      (vendor baseline)
========================================================================

Device: cuda
GPU:    NVIDIA H200 MIG 1g.18gb

────────────────────────────────────────────────────────────────────────
Benchmarking: attention  |  seq_lens=[64, 128, 256, 512, 1024, 2048]  |  block_sizes=[16, 32, 64]
Warmup=10, Runs=100
────────────────────────────────────────────────────────────────────────
  [correctness] flash_attention seq=64: PASS  (max_diff=2.2514e-03)
  [correctness] flash_attention seq=128: PASS  (max_diff=2.4664e-03)
  [correctness] flash_attention seq=256: PASS  (max_diff=1.9498e-03)
  [correctness] flash_attention seq=512: PASS  (max_diff=1.4015e-03)
  [correctness] flash_attention seq=1024: PASS  (max_diff=1.0918e-03)
  [correctness] flash_attention seq=2048: PASS  (max_diff=8.2211e-04)

========================================================================
Attention Benchmark  (B=1, H=16, D=128, cuda)
========================================================================

Latency mean±std (ms) — lower is better  (* = best Triton variant)
+---------+-----------------+-----------------+----------------+
| seq_len | flash_autotuned | example_basic   | pytorch        |
+---------+-----------------+-----------------+----------------+
| 64      | 0.186±0.008ms*  | 0.311±0.032ms   | 0.052±0.004ms  |
| 128     | 0.050±0.003ms*  | 0.345±0.023ms   | 0.050±0.002ms  |
| 256     | 0.092±0.002ms*  | 1.251±0.044ms   | 0.118±0.001ms  |
| 512     | 0.249±0.002ms*  | 0.989±0.029ms   | 0.426±0.002ms  |
| 1024    | 0.860±0.002ms*  | 3.465±0.026ms   | 1.648±0.002ms  |
| 2048    | 3.262±0.039ms*  | 13.717±0.014ms  | 6.291±0.005ms  |
+---------+-----------------+-----------------+----------------+

Latency min–max (ms)
+---------+-----------------+-----------------+---------------+
| seq_len | flash_autotuned | example_basic   | pytorch       |
+---------+-----------------+-----------------+---------------+
| 64      | 0.176–0.231ms   | 0.242–0.400ms   | 0.046–0.071ms |
| 128     | 0.047–0.062ms   | 0.303–0.413ms   | 0.047–0.060ms |
| 256     | 0.089–0.108ms   | 1.192–1.386ms   | 0.116–0.124ms |
| 512     | 0.245–0.257ms   | 0.955–1.087ms   | 0.421–0.434ms |
| 1024    | 0.854–0.867ms   | 3.453–3.698ms   | 1.642–1.654ms |
| 2048    | 3.238–3.493ms   | 13.700–13.822ms | 6.281–6.303ms |
+---------+-----------------+-----------------+---------------+

Speedup vs PyTorch  (>1.0 = faster than PyTorch)
+---------+-----------------+---------------+---------+
| seq_len | flash_autotuned | example_basic | pytorch |
+---------+-----------------+---------------+---------+
| 64      |   0.28x         |   0.17x       |   1.00x |
| 128     |   1.00x         |   0.15x       |   1.00x |
| 256     |   1.27x         |   0.09x       |   1.00x |
| 512     |   1.71x         |   0.43x       |   1.00x |
| 1024    |   1.92x         |   0.48x       |   1.00x |
| 2048    |   1.93x         |   0.46x       |   1.00x |
+---------+-----------------+---------------+---------+

Memory Bandwidth GB/s  (higher is better)
+---------+-----------------+---------------+---------+
| seq_len | flash_autotuned | example_basic | pytorch |
+---------+-----------------+---------------+---------+
| 64      | 11.30 GB/s      | 7.58 GB/s     |  N/A    |
| 128     | 83.22 GB/s      | 15.21 GB/s    |  N/A    |
| 256     | 90.83 GB/s      | 10.06 GB/s    |  N/A    |
| 512     | 67.36 GB/s      | 33.94 GB/s    |  N/A    |
| 1024    | 39.00 GB/s      | 29.05 GB/s    |  N/A    |
| 2048    | 20.57 GB/s      | 24.46 GB/s    |  N/A    |
+---------+-----------------+---------------+---------+

TFLOPS  (higher is better)
+---------+-----------------+---------------+---------+
| seq_len | flash_autotuned | example_basic | pytorch |
+---------+-----------------+---------------+---------+
| 64      | 0.18 TF         | 0.11 TF       | 0.65 TF |
| 128     | 2.66 TF         | 0.39 TF       | 2.67 TF |
| 256     | 5.81 TF         | 0.43 TF       | 4.56 TF |
| 512     | 8.62 TF         | 2.17 TF       | 5.05 TF |
| 1024    | 9.98 TF         | 2.48 TF       | 5.21 TF |
| 2048    | 10.53 TF        | 2.50 TF       | 5.46 TF |
+---------+-----------------+---------------+---------+
  Saved: /home/s2890639/projects/edin-mls-26-spring/results_kernels/run_2233732/kernels/attention.csv
  matplotlib not available; skipping plot
[2026-03-25 16:05:17] -- Kernel attention done.
[2026-03-25 16:05:17] -- Kernel: rmsnorm (block-sizes: 256,512,1024,2048)
========================================================================
GLM-ASR Kernel Benchmarking Framework
template  = glm_asr_triton_template  (student implementation)
example   = glm_asr_triton_example   (reference Triton)
pytorch   = torch.nn.functional      (vendor baseline)
========================================================================

Device: cuda
GPU:    NVIDIA H200 MIG 1g.18gb

────────────────────────────────────────────────────────────────────────
Benchmarking: rmsnorm  |  seq_lens=[64, 128, 256, 512, 1024, 2048]  |  block_sizes=[256, 512, 1024, 2048]
Warmup=10, Runs=100
────────────────────────────────────────────────────────────────────────
  [correctness] rmsnorm H=256: PASS  (max_diff=4.7684e-07)
  [correctness] rmsnorm H=512: PASS  (max_diff=4.7684e-07)
  [correctness] rmsnorm H=1024: PASS  (max_diff=4.7684e-07)
  [correctness] rmsnorm H=2048: PASS  (max_diff=4.7684e-07)

========================================================================
RMSNorm Benchmark  (batch_rows=256, sweep hidden_size, cuda)
========================================================================

Latency mean±std (ms) — lower is better  (* = best Triton variant)
+---------+----------------+----------------+----------------+
| seq_len | template       | example        | pytorch        |
+---------+----------------+----------------+----------------+
| 256     | 0.019±0.002ms* | 0.028±0.005ms  | 0.020±0.002ms  |
| 512     | 0.073±0.006ms  | 0.073±0.005ms* | 0.056±0.004ms  |
| 1024    | 0.072±0.006ms* | 0.072±0.006ms  | 0.056±0.003ms  |
| 2048    | 0.074±0.009ms  | 0.072±0.006ms* | 0.055±0.002ms  |
+---------+----------------+----------------+----------------+

Latency min–max (ms)
+---------+---------------+---------------+---------------+
| seq_len | template      | example       | pytorch       |
+---------+---------------+---------------+---------------+
| 256     | 0.015–0.033ms | 0.016–0.039ms | 0.017–0.026ms |
| 512     | 0.065–0.111ms | 0.065–0.108ms | 0.052–0.083ms |
| 1024    | 0.064–0.104ms | 0.065–0.122ms | 0.053–0.069ms |
| 2048    | 0.064–0.128ms | 0.066–0.112ms | 0.050–0.069ms |
+---------+---------------+---------------+---------------+

Speedup vs PyTorch  (>1.0 = faster than PyTorch)
+---------+----------+---------+---------+
| seq_len | template | example | pytorch |
+---------+----------+---------+---------+
| 256     |   1.05x  |   0.70x |   1.00x |
| 512     |   0.77x  |   0.77x |   1.00x |
| 1024    |   0.78x  |   0.78x |   1.00x |
| 2048    |   0.75x  |   0.76x |   1.00x |
+---------+----------+---------+---------+

Memory Bandwidth GB/s  (higher is better)
+---------+------------+------------+------------+
| seq_len | template   | example    | pytorch    |
+---------+------------+------------+------------+
| 256     | 28.07 GB/s | 18.74 GB/s | 26.71 GB/s |
| 512     | 14.39 GB/s | 14.42 GB/s | 18.74 GB/s |
| 1024    | 29.28 GB/s | 29.24 GB/s | 37.58 GB/s |
| 2048    | 56.76 GB/s | 57.95 GB/s | 76.04 GB/s |
+---------+------------+------------+------------+

TFLOPS  (higher is better)
+---------+----------+----------+----------+
| seq_len | template | example  | pytorch  |
+---------+----------+----------+----------+
| 256     | 0.02 TF  |  N/A  TF |  N/A  TF |
| 512     | 0.01 TF  |  N/A  TF |  N/A  TF |
| 1024    | 0.02 TF  |  N/A  TF |  N/A  TF |
| 2048    | 0.04 TF  |  N/A  TF |  N/A  TF |
+---------+----------+----------+----------+
  Saved: /home/s2890639/projects/edin-mls-26-spring/results_kernels/run_2233732/kernels/rmsnorm.csv
  matplotlib not available; skipping plot
[2026-03-25 16:05:26] -- Kernel rmsnorm done.
[2026-03-25 16:05:26] -- Kernel: layernorm (block-sizes: 256,512,1024,2048)
========================================================================
GLM-ASR Kernel Benchmarking Framework
template  = glm_asr_triton_template  (student implementation)
example   = glm_asr_triton_example   (reference Triton)
pytorch   = torch.nn.functional      (vendor baseline)
========================================================================

Device: cuda
GPU:    NVIDIA H200 MIG 1g.18gb

────────────────────────────────────────────────────────────────────────
Benchmarking: layernorm  |  seq_lens=[64, 128, 256, 512, 1024, 2048]  |  block_sizes=[256, 512, 1024, 2048]
Warmup=10, Runs=100
────────────────────────────────────────────────────────────────────────
  [correctness] layernorm H=256: PASS  (max_diff=7.1526e-07)
  [correctness] layernorm H=512: PASS  (max_diff=4.7684e-07)
  [correctness] layernorm H=1024: PASS  (max_diff=4.7684e-07)
  [correctness] layernorm H=2048: PASS  (max_diff=7.1526e-07)

========================================================================
LayerNorm Benchmark  (batch_rows=256, sweep hidden_size, cuda)
========================================================================

Latency mean±std (ms) — lower is better  (* = best Triton variant)
+---------+----------------+----------------+----------------+
| seq_len | template       | example        | pytorch        |
+---------+----------------+----------------+----------------+
| 256     | 0.019±0.002ms  | 0.018±0.002ms* | 0.077±0.008ms  |
| 512     | 0.019±0.002ms* | 0.076±0.007ms  | 0.082±0.007ms  |
| 1024    | 0.076±0.006ms  | 0.075±0.005ms* | 0.080±0.005ms  |
| 2048    | 0.076±0.005ms  | 0.076±0.007ms* | 0.080±0.004ms  |
+---------+----------------+----------------+----------------+

Latency min–max (ms)
+---------+---------------+---------------+---------------+
| seq_len | template      | example       | pytorch       |
+---------+---------------+---------------+---------------+
| 256     | 0.016–0.033ms | 0.016–0.032ms | 0.067–0.121ms |
| 512     | 0.017–0.030ms | 0.069–0.138ms | 0.076–0.131ms |
| 1024    | 0.067–0.110ms | 0.068–0.117ms | 0.075–0.107ms |
| 2048    | 0.067–0.116ms | 0.068–0.124ms | 0.075–0.104ms |
+---------+---------------+---------------+---------------+

Speedup vs PyTorch  (>1.0 = faster than PyTorch)
+---------+----------+---------+---------+
| seq_len | template | example | pytorch |
+---------+----------+---------+---------+
| 256     |   4.03x  |   4.23x |   1.00x |
| 512     |   4.30x  |   1.07x |   1.00x |
| 1024    |   1.06x  |   1.07x |   1.00x |
| 2048    |   1.05x  |   1.05x |   1.00x |
+---------+----------+---------+---------+

Memory Bandwidth GB/s  (higher is better)
+---------+------------+------------+------------+
| seq_len | template   | example    | pytorch    |
+---------+------------+------------+------------+
| 256     | 27.58 GB/s | 28.97 GB/s | 6.85 GB/s  |
| 512     | 55.17 GB/s | 13.73 GB/s | 12.83 GB/s |
| 1024    | 27.74 GB/s | 28.08 GB/s | 26.21 GB/s |
| 2048    | 55.16 GB/s | 55.31 GB/s | 52.68 GB/s |
+---------+------------+------------+------------+
  Saved: /home/s2890639/projects/edin-mls-26-spring/results_kernels/run_2233732/kernels/layernorm.csv
  matplotlib not available; skipping plot
[2026-03-25 16:05:36] -- Kernel layernorm done.
[2026-03-25 16:05:36] -- Kernel: fused_rmsnorm (block-sizes: 256,512,1024,2048)
========================================================================
GLM-ASR Kernel Benchmarking Framework
template  = glm_asr_triton_template  (student implementation)
example   = glm_asr_triton_example   (reference Triton)
pytorch   = torch.nn.functional      (vendor baseline)
========================================================================

Device: cuda
GPU:    NVIDIA H200 MIG 1g.18gb

────────────────────────────────────────────────────────────────────────
Benchmarking: fused_rmsnorm  |  seq_lens=[64, 128, 256, 512, 1024, 2048]  |  block_sizes=[256, 512, 1024, 2048]
Warmup=10, Runs=100
────────────────────────────────────────────────────────────────────────
  [correctness] fused_rmsnorm H=256: PASS  (max_diff=4.7684e-07)
  [correctness] fused_rmsnorm H=512: PASS  (max_diff=4.7684e-07)
  [correctness] fused_rmsnorm H=1024: PASS  (max_diff=4.7684e-07)
  [correctness] fused_rmsnorm H=2048: PASS  (max_diff=4.7684e-07)

========================================================================
FusedRMSNorm Benchmark  (batch_rows=256, sweep hidden_size, cuda)
========================================================================

Latency mean±std (ms) — lower is better  (* = best Triton variant)
+---------+----------------+-----------------+----------------+
| seq_len | template_fused | example_unfused | pytorch        |
+---------+----------------+-----------------+----------------+
| 256     | 0.018±0.002ms* | 0.023±0.002ms   | 0.018±0.001ms  |
| 512     | 0.074±0.005ms* | 0.097±0.008ms   | 0.074±0.004ms  |
| 1024    | 0.074±0.007ms* | 0.096±0.009ms   | 0.080±0.015ms  |
| 2048    | 0.074±0.006ms* | 0.098±0.008ms   | 0.073±0.005ms  |
+---------+----------------+-----------------+----------------+

Latency min–max (ms)
+---------+----------------+-----------------+---------------+
| seq_len | template_fused | example_unfused | pytorch       |
+---------+----------------+-----------------+---------------+
| 256     | 0.015–0.029ms  | 0.020–0.036ms   | 0.016–0.025ms |
| 512     | 0.067–0.111ms  | 0.089–0.145ms   | 0.070–0.099ms |
| 1024    | 0.065–0.105ms  | 0.087–0.150ms   | 0.064–0.134ms |
| 2048    | 0.066–0.112ms  | 0.089–0.146ms   | 0.064–0.099ms |
+---------+----------------+-----------------+---------------+

Speedup vs PyTorch  (>1.0 = faster than PyTorch)
+---------+----------------+-----------------+---------+
| seq_len | template_fused | example_unfused | pytorch |
+---------+----------------+-----------------+---------+
| 256     |   1.04x        |   0.80x         |   1.00x |
| 512     |   1.00x        |   0.76x         |   1.00x |
| 1024    |   1.08x        |   0.83x         |   1.00x |
| 2048    |   0.99x        |   0.74x         |   1.00x |
+---------+----------------+-----------------+---------+

Memory Bandwidth GB/s  (higher is better)
+---------+----------------+-----------------+-------------+
| seq_len | template_fused | example_unfused | pytorch     |
+---------+----------------+-----------------+-------------+
| 256     | 59.66 GB/s     | 45.87 GB/s      | 57.30 GB/s  |
| 512     | 28.27 GB/s     | 21.62 GB/s      | 28.27 GB/s  |
| 1024    | 56.63 GB/s     | 43.67 GB/s      | 52.39 GB/s  |
| 2048    | 114.13 GB/s    | 85.73 GB/s      | 115.39 GB/s |
+---------+----------------+-----------------+-------------+

TFLOPS  (higher is better)
+---------+----------------+-----------------+----------+
| seq_len | template_fused | example_unfused | pytorch  |
+---------+----------------+-----------------+----------+
| 256     | 0.02 TF        |  N/A  TF        |  N/A  TF |
| 512     | 0.01 TF        |  N/A  TF        |  N/A  TF |
| 1024    | 0.02 TF        |  N/A  TF        |  N/A  TF |
| 2048    | 0.04 TF        |  N/A  TF        |  N/A  TF |
+---------+----------------+-----------------+----------+
  Saved: /home/s2890639/projects/edin-mls-26-spring/results_kernels/run_2233732/kernels/fused_rmsnorm.csv
  matplotlib not available; skipping plot
[2026-03-25 16:05:46] -- Kernel fused_rmsnorm done.
[2026-03-25 16:05:46] -- Kernel: linear (block-sizes: 32,64,128)
========================================================================
GLM-ASR Kernel Benchmarking Framework
template  = glm_asr_triton_template  (student implementation)
example   = glm_asr_triton_example   (reference Triton)
pytorch   = torch.nn.functional      (vendor baseline)
========================================================================

Device: cuda
GPU:    NVIDIA H200 MIG 1g.18gb

────────────────────────────────────────────────────────────────────────
Benchmarking: linear  |  seq_lens=[64, 128, 256, 512, 1024, 2048]  |  block_sizes=[32, 64, 128]
Warmup=10, Runs=100
────────────────────────────────────────────────────────────────────────
  [correctness] linear_tf32 seq=64: PASS  (max_diff=1.6240e-01)
  [correctness] linear_int8 seq=64: PASS  (max_diff=8.2413e-02)
  [correctness] linear_tf32 seq=128: PASS  (max_diff=1.8346e-01)
  [correctness] linear_int8 seq=128: PASS  (max_diff=9.6252e-02)
  [correctness] linear_tf32 seq=256: PASS  (max_diff=1.8732e-01)
  [correctness] linear_int8 seq=256: PASS  (max_diff=9.6970e-02)
  [correctness] linear_tf32 seq=512: PASS  (max_diff=1.7516e-01)
  [correctness] linear_int8 seq=512: PASS  (max_diff=1.0672e-01)
  [correctness] linear_tf32 seq=1024: PASS  (max_diff=2.0004e-01)
  [correctness] linear_int8 seq=1024: PASS  (max_diff=1.0138e-01)
  [correctness] linear_tf32 seq=2048: PASS  (max_diff=2.2095e-01)
  [correctness] linear_int8 seq=2048: PASS  (max_diff=1.1984e-01)

========================================================================
Linear GEMM Benchmark  (M=seq_len, K=2048, N=5632, cuda)
========================================================================

Latency mean±std (ms) — lower is better  (* = best Triton variant)
+---------+--------------------+----------------+----------------+----------------+
| seq_len | template_autotuned | template_int8  | example_cublas | pytorch        |
+---------+--------------------+----------------+----------------+----------------+
| 64      | 0.144±0.002ms*     | 0.229±0.003ms  | 0.368±0.003ms  | 0.371±0.001ms  |
| 128     | 0.252±0.002ms      | 0.228±0.002ms* | 0.583±0.010ms  | 0.582±0.004ms  |
| 256     | 0.471±0.002ms      | 0.396±0.002ms* | 1.055±0.003ms  | 1.057±0.002ms  |
| 512     | 0.915±0.010ms      | 0.770±0.004ms* | 2.007±0.006ms  | 2.010±0.004ms  |
| 1024    | 1.788±0.003ms      | 1.661±0.012ms* | 3.705±0.005ms  | 3.708±0.005ms  |
| 2048    | 3.545±0.006ms      | 3.274±0.013ms* | 7.340±0.009ms  | 7.346±0.007ms  |
+---------+--------------------+----------------+----------------+----------------+

Latency min–max (ms)
+---------+--------------------+---------------+----------------+---------------+
| seq_len | template_autotuned | template_int8 | example_cublas | pytorch       |
+---------+--------------------+---------------+----------------+---------------+
| 64      | 0.140–0.156ms      | 0.225–0.250ms | 0.364–0.398ms  | 0.368–0.373ms |
| 128     | 0.248–0.260ms      | 0.225–0.234ms | 0.576–0.627ms  | 0.577–0.601ms |
| 256     | 0.468–0.478ms      | 0.393–0.403ms | 1.050–1.065ms  | 1.051–1.065ms |
| 512     | 0.907–0.982ms      | 0.762–0.783ms | 2.002–2.057ms  | 2.003–2.021ms |
| 1024    | 1.782–1.798ms      | 1.626–1.686ms | 3.696–3.721ms  | 3.700–3.722ms |
| 2048    | 3.537–3.567ms      | 3.258–3.317ms | 7.330–7.384ms  | 7.335–7.372ms |
+---------+--------------------+---------------+----------------+---------------+

Speedup vs PyTorch  (>1.0 = faster than PyTorch)
+---------+--------------------+---------------+----------------+---------+
| seq_len | template_autotuned | template_int8 | example_cublas | pytorch |
+---------+--------------------+---------------+----------------+---------+
| 64      |   2.57x            |   1.62x       |   1.01x        |   1.00x |
| 128     |   2.31x            |   2.55x       |   1.00x        |   1.00x |
| 256     |   2.24x            |   2.67x       |   1.00x        |   1.00x |
| 512     |   2.20x            |   2.61x       |   1.00x        |   1.00x |
| 1024    |   2.07x            |   2.23x       |   1.00x        |   1.00x |
| 2048    |   2.07x            |   2.24x       |   1.00x        |   1.00x |
+---------+--------------------+---------------+----------------+---------+

Memory Bandwidth GB/s  (higher is better)
+---------+--------------------+---------------+----------------+-------------+
| seq_len | template_autotuned | template_int8 | example_cublas | pytorch     |
+---------+--------------------+---------------+----------------+-------------+
| 64      | 334.26 GB/s        | 209.94 GB/s   | 130.70 GB/s    | 129.82 GB/s |
| 128     | 198.66 GB/s        | 219.64 GB/s   | 85.81 GB/s     | 85.98 GB/s  |
| 256     | 114.66 GB/s        | 136.50 GB/s   | 51.19 GB/s     | 51.10 GB/s  |
| 512     | 67.61 GB/s         | 80.35 GB/s    | 30.82 GB/s     | 30.78 GB/s  |
| 1024    | 43.39 GB/s         | 46.71 GB/s    | 20.94 GB/s     | 20.92 GB/s  |
| 2048    | 30.76 GB/s         | 33.31 GB/s    | 14.86 GB/s     | 14.85 GB/s  |
+---------+--------------------+---------------+----------------+-------------+

TFLOPS  (higher is better)
+---------+--------------------+---------------+----------------+---------+
| seq_len | template_autotuned | template_int8 | example_cublas | pytorch |
+---------+--------------------+---------------+----------------+---------+
| 64      | 10.26 TF           | 6.44 TF       | 4.01 TF        | 3.98 TF |
| 128     | 11.72 TF           | 12.95 TF      | 5.06 TF        | 5.07 TF |
| 256     | 12.54 TF           | 14.93 TF      | 5.60 TF        | 5.59 TF |
| 512     | 12.91 TF           | 15.34 TF      | 5.88 TF        | 5.88 TF |
| 1024    | 13.21 TF           | 14.22 TF      | 6.38 TF        | 6.37 TF |
| 2048    | 13.33 TF           | 14.43 TF      | 6.44 TF        | 6.43 TF |
+---------+--------------------+---------------+----------------+---------+
  Saved: /home/s2890639/projects/edin-mls-26-spring/results_kernels/run_2233732/kernels/linear.csv
  matplotlib not available; skipping plot
[2026-03-25 16:06:25] -- Kernel linear done.
[2026-03-25 16:06:25] -- Kernel: swiglu (block-sizes: 32,64,128)
========================================================================
GLM-ASR Kernel Benchmarking Framework
template  = glm_asr_triton_template  (student implementation)
example   = glm_asr_triton_example   (reference Triton)
pytorch   = torch.nn.functional      (vendor baseline)
========================================================================

Device: cuda
GPU:    NVIDIA H200 MIG 1g.18gb

────────────────────────────────────────────────────────────────────────
Benchmarking: swiglu  |  seq_lens=[64, 128, 256, 512, 1024, 2048]  |  block_sizes=[32, 64, 128]
Warmup=10, Runs=100
────────────────────────────────────────────────────────────────────────
  [correctness] swiglu seq=64: PASS  (max_diff=1.5981e-02)
  [correctness] swiglu seq=128: PASS  (max_diff=1.4911e-02)
  [correctness] swiglu seq=256: PASS  (max_diff=1.6859e-02)
  [correctness] swiglu seq=512: PASS  (max_diff=2.0941e-02)
  [correctness] swiglu seq=1024: PASS  (max_diff=2.3769e-02)
  [correctness] swiglu seq=2048: PASS  (max_diff=2.1775e-02)

========================================================================
SwiGLU Benchmark  (M=seq_len, K=2048, N=5632, cuda)
========================================================================

Latency mean±std (ms) — lower is better  (* = best Triton variant)
+---------+--------------------+-----------------+-----------------+
| seq_len | template_autotuned | example_unfused | pytorch         |
+---------+--------------------+-----------------+-----------------+
| 64      | 0.233±0.004ms*     | 0.766±0.011ms   | 0.744±0.003ms   |
| 128     | 0.380±0.003ms*     | 1.187±0.003ms   | 1.178±0.009ms   |
| 256     | 0.721±0.002ms*     | 2.196±0.004ms   | 2.163±0.008ms   |
| 512     | 1.406±0.004ms*     | 4.190±0.006ms   | 4.124±0.007ms   |
| 1024    | 2.772±0.004ms*     | 7.759±0.011ms   | 7.625±0.008ms   |
| 2048    | 5.489±0.024ms*     | 15.385±0.017ms  | 15.116±0.018ms  |
+---------+--------------------+-----------------+-----------------+

Latency min–max (ms)
+---------+--------------------+-----------------+-----------------+
| seq_len | template_autotuned | example_unfused | pytorch         |
+---------+--------------------+-----------------+-----------------+
| 64      | 0.227–0.249ms      | 0.750–0.814ms   | 0.739–0.761ms   |
| 128     | 0.375–0.393ms      | 1.181–1.200ms   | 1.171–1.227ms   |
| 256     | 0.716–0.730ms      | 2.189–2.210ms   | 2.154–2.216ms   |
| 512     | 1.401–1.429ms      | 4.183–4.218ms   | 4.115–4.159ms   |
| 1024    | 2.766–2.784ms      | 7.748–7.831ms   | 7.615–7.661ms   |
| 2048    | 5.462–5.548ms      | 15.364–15.428ms | 15.098–15.234ms |
+---------+--------------------+-----------------+-----------------+

Speedup vs PyTorch  (>1.0 = faster than PyTorch)
+---------+--------------------+-----------------+---------+
| seq_len | template_autotuned | example_unfused | pytorch |
+---------+--------------------+-----------------+---------+
| 64      |   3.20x            |   0.97x         |   1.00x |
| 128     |   3.10x            |   0.99x         |   1.00x |
| 256     |   3.00x            |   0.99x         |   1.00x |
| 512     |   2.93x            |   0.98x         |   1.00x |
| 1024    |   2.75x            |   0.98x         |   1.00x |
| 2048    |   2.75x            |   0.98x         |   1.00x |
+---------+--------------------+-----------------+---------+

TFLOPS  (higher is better)
+---------+--------------------+-----------------+----------+
| seq_len | template_autotuned | example_unfused | pytorch  |
+---------+--------------------+-----------------+----------+
| 64      | 12.68 TF           | 3.86 TF         |  N/A  TF |
| 128     | 15.54 TF           | 4.98 TF         |  N/A  TF |
| 256     | 16.39 TF           | 5.38 TF         |  N/A  TF |
| 512     | 16.80 TF           | 5.64 TF         |  N/A  TF |
| 1024    | 17.05 TF           | 6.09 TF         |  N/A  TF |
| 2048    | 17.21 TF           | 6.14 TF         |  N/A  TF |
+---------+--------------------+-----------------+----------+
  Saved: /home/s2890639/projects/edin-mls-26-spring/results_kernels/run_2233732/kernels/swiglu.csv
  matplotlib not available; skipping plot
[2026-03-25 16:06:52] -- Kernel swiglu done.
[2026-03-25 16:06:52] -- Kernel: linear_gelu (block-sizes: 32,64,128)
========================================================================
GLM-ASR Kernel Benchmarking Framework
template  = glm_asr_triton_template  (student implementation)
example   = glm_asr_triton_example   (reference Triton)
pytorch   = torch.nn.functional      (vendor baseline)
========================================================================

Device: cuda
GPU:    NVIDIA H200 MIG 1g.18gb

────────────────────────────────────────────────────────────────────────
Benchmarking: linear_gelu  |  seq_lens=[64, 128, 256, 512, 1024, 2048]  |  block_sizes=[32, 64, 128]
Warmup=10, Runs=100
────────────────────────────────────────────────────────────────────────
  [correctness] linear_gelu seq=64: PASS  (max_diff=1.6072e-01)
  [correctness] linear_gelu seq=128: PASS  (max_diff=1.6498e-01)
  [correctness] linear_gelu seq=256: PASS  (max_diff=1.8137e-01)
  [correctness] linear_gelu seq=512: PASS  (max_diff=1.7381e-01)
  [correctness] linear_gelu seq=1024: PASS  (max_diff=1.8001e-01)
  [correctness] linear_gelu seq=2048: PASS  (max_diff=1.8303e-01)

========================================================================
LinearGELU Benchmark  (M=seq_len, K=2048, N=5632, cuda)
========================================================================

Latency mean±std (ms) — lower is better  (* = best Triton variant)
+---------+--------------------+-------------------+-------------------+--------------------+-----------------+----------------+
| seq_len | template_autotuned | example_fused_T32 | example_fused_T64 | example_fused_T128 | example_unfused | pytorch        |
+---------+--------------------+-------------------+-------------------+--------------------+-----------------+----------------+
| 64      | 0.255±0.003ms      | 0.244±0.005ms*    | 0.336±0.005ms     | 0.407±0.008ms      | 0.250±0.008ms   | 0.399±0.015ms  |
| 128     | 0.267±0.006ms*     | 0.383±0.002ms     | 0.523±0.002ms     | 0.375±0.002ms      | 0.389±0.002ms   | 0.590±0.002ms  |
| 256     | 0.475±0.003ms*     | 0.738±0.002ms     | 1.021±0.002ms     | 0.733±0.002ms      | 0.752±0.002ms   | 1.078±0.002ms  |
| 512     | 0.919±0.003ms*     | 1.450±0.002ms     | 2.018±0.003ms     | 1.339±0.003ms      | 1.482±0.003ms   | 2.057±0.008ms  |
| 1024    | 1.804±0.009ms*     | 2.902±0.010ms     | 4.033±0.007ms     | 2.676±0.004ms      | 2.966±0.016ms   | 3.796±0.004ms  |
| 2048    | 3.568±0.005ms*     | 5.825±0.011ms     | 8.046±0.008ms     | 5.401±0.010ms      | 6.169±0.013ms   | 7.518±0.012ms  |
+---------+--------------------+-------------------+-------------------+--------------------+-----------------+----------------+

Latency min–max (ms)
+---------+--------------------+-------------------+-------------------+--------------------+-----------------+---------------+
| seq_len | template_autotuned | example_fused_T32 | example_fused_T64 | example_fused_T128 | example_unfused | pytorch       |
+---------+--------------------+-------------------+-------------------+--------------------+-----------------+---------------+
| 64      | 0.251–0.267ms      | 0.238–0.268ms     | 0.327–0.364ms     | 0.391–0.441ms      | 0.240–0.291ms   | 0.385–0.517ms |
| 128     | 0.259–0.293ms      | 0.380–0.398ms     | 0.520–0.536ms     | 0.373–0.386ms      | 0.386–0.397ms   | 0.587–0.600ms |
| 256     | 0.470–0.486ms      | 0.734–0.747ms     | 1.017–1.027ms     | 0.729–0.742ms      | 0.747–0.760ms   | 1.074–1.088ms |
| 512     | 0.914–0.928ms      | 1.445–1.461ms     | 2.012–2.033ms     | 1.333–1.353ms      | 1.477–1.491ms   | 2.049–2.104ms |
| 1024    | 1.798–1.886ms      | 2.890–2.972ms     | 4.026–4.082ms     | 2.669–2.688ms      | 2.954–3.117ms   | 3.789–3.809ms |
| 2048    | 3.561–3.586ms      | 5.797–5.875ms     | 8.036–8.098ms     | 5.358–5.434ms      | 6.136–6.203ms   | 7.506–7.600ms |
+---------+--------------------+-------------------+-------------------+--------------------+-----------------+---------------+

Speedup vs PyTorch  (>1.0 = faster than PyTorch)
+---------+--------------------+-------------------+-------------------+--------------------+-----------------+---------+
| seq_len | template_autotuned | example_fused_T32 | example_fused_T64 | example_fused_T128 | example_unfused | pytorch |
+---------+--------------------+-------------------+-------------------+--------------------+-----------------+---------+
| 64      |   1.57x            |   1.63x           |   1.19x           |   0.98x            |   1.60x         |   1.00x |
| 128     |   2.21x            |   1.54x           |   1.13x           |   1.57x            |   1.52x         |   1.00x |
| 256     |   2.27x            |   1.46x           |   1.06x           |   1.47x            |   1.43x         |   1.00x |
| 512     |   2.24x            |   1.42x           |   1.02x           |   1.54x            |   1.39x         |   1.00x |
| 1024    |   2.10x            |   1.31x           |   0.94x           |   1.42x            |   1.28x         |   1.00x |
| 2048    |   2.11x            |   1.29x           |   0.93x           |   1.39x            |   1.22x         |   1.00x |
+---------+--------------------+-------------------+-------------------+--------------------+-----------------+---------+

Memory Bandwidth GB/s  (higher is better)
+---------+--------------------+-------------------+-------------------+--------------------+-----------------+-------------+
| seq_len | template_autotuned | example_fused_T32 | example_fused_T64 | example_fused_T128 | example_unfused | pytorch     |
+---------+--------------------+-------------------+-------------------+--------------------+-----------------+-------------+
| 64      | 188.69 GB/s        | 196.93 GB/s       | 143.20 GB/s       | 118.18 GB/s        | 192.22 GB/s     | 120.46 GB/s |
| 128     | 187.57 GB/s        | 130.61 GB/s       | 95.70 GB/s        | 133.51 GB/s        | 128.81 GB/s     | 84.82 GB/s  |
| 256     | 113.72 GB/s        | 73.15 GB/s        | 52.88 GB/s        | 73.67 GB/s         | 71.84 GB/s      | 50.10 GB/s  |
| 512     | 67.33 GB/s         | 42.66 GB/s        | 30.66 GB/s        | 46.21 GB/s         | 41.74 GB/s      | 30.08 GB/s  |
| 1024    | 43.01 GB/s         | 26.74 GB/s        | 19.24 GB/s        | 28.99 GB/s         | 26.16 GB/s      | 20.44 GB/s  |
| 2048    | 30.56 GB/s         | 18.72 GB/s        | 13.55 GB/s        | 20.19 GB/s         | 17.68 GB/s      | 14.50 GB/s  |
+---------+--------------------+-------------------+-------------------+--------------------+-----------------+-------------+

TFLOPS  (higher is better)
+---------+--------------------+-------------------+-------------------+--------------------+-----------------+---------+
| seq_len | template_autotuned | example_fused_T32 | example_fused_T64 | example_fused_T128 | example_unfused | pytorch |
+---------+--------------------+-------------------+-------------------+--------------------+-----------------+---------+
| 64      | 5.79 TF            | 6.05 TF           | 4.40 TF           | 3.63 TF            | 5.90 TF         | 3.70 TF |
| 128     | 11.06 TF           | 7.70 TF           | 5.65 TF           | 7.88 TF            | 7.60 TF         | 5.00 TF |
| 256     | 12.44 TF           | 8.00 TF           | 5.78 TF           | 8.06 TF            | 7.86 TF         | 5.48 TF |
| 512     | 12.86 TF           | 8.15 TF           | 5.85 TF           | 8.82 TF            | 7.97 TF         | 5.74 TF |
| 1024    | 13.10 TF           | 8.14 TF           | 5.86 TF           | 8.83 TF            | 7.97 TF         | 6.23 TF |
| 2048    | 13.24 TF           | 8.11 TF           | 5.87 TF           | 8.75 TF            | 7.66 TF         | 6.29 TF |
+---------+--------------------+-------------------+-------------------+--------------------+-----------------+---------+
  Saved: /home/s2890639/projects/edin-mls-26-spring/results_kernels/run_2233732/kernels/linear_gelu.csv
  matplotlib not available; skipping plot
[2026-03-25 16:07:24] -- Kernel linear_gelu done.
[2026-03-25 16:07:24] -- Kernel: softmax (block-sizes: <default>)
========================================================================
GLM-ASR Kernel Benchmarking Framework
template  = glm_asr_triton_template  (student implementation)
example   = glm_asr_triton_example   (reference Triton)
pytorch   = torch.nn.functional      (vendor baseline)
========================================================================

Device: cuda
GPU:    NVIDIA H200 MIG 1g.18gb

────────────────────────────────────────────────────────────────────────
Benchmarking: softmax  |  seq_lens=[64, 128, 256, 512, 1024, 2048]  |  block_sizes=[]
Warmup=10, Runs=100
────────────────────────────────────────────────────────────────────────
  [correctness] softmax seq=64: PASS  (max_diff=5.9605e-08)
  [correctness] softmax seq=128: PASS  (max_diff=2.9802e-08)
  [correctness] softmax seq=256: PASS  (max_diff=1.1176e-08)
  [correctness] softmax seq=512: PASS  (max_diff=7.4506e-09)
  [correctness] softmax seq=1024: PASS  (max_diff=7.4506e-09)
  [correctness] softmax seq=2048: PASS  (max_diff=1.8626e-09)

========================================================================
Softmax Benchmark  (batch_rows=256, sweep seq_len, cuda)
========================================================================

Latency mean±std (ms) — lower is better  (* = best Triton variant)
+---------+----------------+----------------+----------------+
| seq_len | template       | example        | pytorch        |
+---------+----------------+----------------+----------------+
| 64      | 0.020±0.003ms* | 0.072±0.009ms  | 0.045±0.005ms  |
| 128     | 0.071±0.007ms* | 0.073±0.009ms  | 0.047±0.007ms  |
| 256     | 0.072±0.009ms  | 0.072±0.010ms* | 0.045±0.006ms  |
| 512     | 0.071±0.009ms  | 0.069±0.005ms* | 0.044±0.003ms  |
| 1024    | 0.073±0.009ms  | 0.071±0.008ms* | 0.044±0.005ms  |
| 2048    | 0.073±0.011ms  | 0.070±0.007ms* | 0.043±0.005ms  |
+---------+----------------+----------------+----------------+

Latency min–max (ms)
+---------+---------------+---------------+---------------+
| seq_len | template      | example       | pytorch       |
+---------+---------------+---------------+---------------+
| 64      | 0.016–0.036ms | 0.062–0.118ms | 0.040–0.064ms |
| 128     | 0.064–0.101ms | 0.064–0.111ms | 0.038–0.066ms |
| 256     | 0.062–0.109ms | 0.063–0.123ms | 0.039–0.072ms |
| 512     | 0.063–0.108ms | 0.063–0.106ms | 0.040–0.054ms |
| 1024    | 0.065–0.129ms | 0.062–0.114ms | 0.040–0.064ms |
| 2048    | 0.060–0.129ms | 0.062–0.105ms | 0.039–0.064ms |
+---------+---------------+---------------+---------------+

Speedup vs PyTorch  (>1.0 = faster than PyTorch)
+---------+----------+---------+---------+
| seq_len | template | example | pytorch |
+---------+----------+---------+---------+
| 64      |   2.27x  |   0.62x |   1.00x |
| 128     |   0.65x  |   0.64x |   1.00x |
| 256     |   0.63x  |   0.63x |   1.00x |
| 512     |   0.61x  |   0.63x |   1.00x |
| 1024    |   0.61x  |   0.62x |   1.00x |
| 2048    |   0.59x  |   0.62x |   1.00x |
+---------+----------+---------+---------+

Memory Bandwidth GB/s  (higher is better)
+---------+------------+------------+------------+
| seq_len | template   | example    | pytorch    |
+---------+------------+------------+------------+
| 64      | 6.61 GB/s  | 1.81 GB/s  | 2.91 GB/s  |
| 128     | 3.67 GB/s  | 3.61 GB/s  | 5.63 GB/s  |
| 256     | 7.26 GB/s  | 7.32 GB/s  | 11.60 GB/s |
| 512     | 14.69 GB/s | 15.13 GB/s | 24.05 GB/s |
| 1024    | 28.88 GB/s | 29.60 GB/s | 47.69 GB/s |
| 2048    | 57.14 GB/s | 59.94 GB/s | 96.52 GB/s |
+---------+------------+------------+------------+

TFLOPS  (higher is better)
+---------+----------+---------+----------+
| seq_len | template | example | pytorch  |
+---------+----------+---------+----------+
| 64      | 0.00 TF  | 0.00 TF |  N/A  TF |
| 128     | 0.00 TF  | 0.00 TF |  N/A  TF |
| 256     | 0.00 TF  | 0.00 TF |  N/A  TF |
| 512     | 0.01 TF  | 0.01 TF |  N/A  TF |
| 1024    | 0.02 TF  | 0.02 TF |  N/A  TF |
| 2048    | 0.04 TF  | 0.04 TF |  N/A  TF |
+---------+----------+---------+----------+
  Saved: /home/s2890639/projects/edin-mls-26-spring/results_kernels/run_2233732/kernels/softmax.csv
  matplotlib not available; skipping plot
[2026-03-25 16:07:42] -- Kernel softmax done.
[2026-03-25 16:07:42] -- Kernel: conv1d (block-sizes: 32,64,128)
========================================================================
GLM-ASR Kernel Benchmarking Framework
template  = glm_asr_triton_template  (student implementation)
example   = glm_asr_triton_example   (reference Triton)
pytorch   = torch.nn.functional      (vendor baseline)
========================================================================

Device: cuda
GPU:    NVIDIA H200 MIG 1g.18gb

────────────────────────────────────────────────────────────────────────
Benchmarking: conv1d  |  seq_lens=[64, 128, 256, 512, 1024, 2048]  |  block_sizes=[32, 64, 128]
Warmup=10, Runs=100
────────────────────────────────────────────────────────────────────────
  Note: using synthetic config in_channels=16, kernel_size=3
  (model's actual config out_channels=1280 exceeds MAX_TILE_DIM=256)
  [correctness] conv1d oc=32 seq=64: PASS  (max_diff=1.9306e-02)
  [correctness] conv1d oc=64 seq=64: PASS  (max_diff=2.2799e-02)
  [correctness] conv1d oc=128 seq=64: PASS  (max_diff=2.9106e-02)
  [correctness] conv1d oc=32 seq=128: PASS  (max_diff=2.3630e-02)
  [correctness] conv1d oc=64 seq=128: PASS  (max_diff=2.0779e-02)
  [correctness] conv1d oc=128 seq=128: PASS  (max_diff=2.5055e-02)
  [correctness] conv1d oc=32 seq=256: PASS  (max_diff=2.3447e-02)
  [correctness] conv1d oc=64 seq=256: PASS  (max_diff=2.3409e-02)
  [correctness] conv1d oc=128 seq=256: PASS  (max_diff=2.2264e-02)
  [correctness] conv1d oc=32 seq=512: PASS  (max_diff=2.4715e-02)
  [correctness] conv1d oc=64 seq=512: PASS  (max_diff=2.4599e-02)
  [correctness] conv1d oc=128 seq=512: PASS  (max_diff=2.5404e-02)
  [correctness] conv1d oc=32 seq=1024: PASS  (max_diff=2.8164e-02)
  [correctness] conv1d oc=64 seq=1024: PASS  (max_diff=2.7922e-02)
  [correctness] conv1d oc=128 seq=1024: PASS  (max_diff=2.8584e-02)
  [correctness] conv1d oc=32 seq=2048: PASS  (max_diff=2.9110e-02)
  [correctness] conv1d oc=64 seq=2048: PASS  (max_diff=2.7416e-02)
  [correctness] conv1d oc=128 seq=2048: PASS  (max_diff=3.3649e-02)

========================================================================
Conv1d Benchmark  (in_channels=16, kernel_size=3, cuda)
========================================================================

Latency mean±std (ms) — lower is better  (* = best Triton variant)
+---------+----------------+----------------+----------------+----------------+----------------+----------------+----------------+
| seq_len | example_oc128  | example_oc32   | example_oc64   | pytorch        | template_oc128 | template_oc32  | template_oc64  |
+---------+----------------+----------------+----------------+----------------+----------------+----------------+----------------+
| 64      | 0.128±0.406ms  | 0.021±0.002ms* | 0.086±0.006ms  | 0.072±0.003ms  | 0.086±0.006ms  | 0.042±0.190ms  | 0.087±0.006ms  |
| 128     | 0.085±0.006ms  | 0.086±0.006ms  | 0.085±0.006ms  | 0.073±0.004ms  | 0.084±0.005ms  | 0.086±0.006ms  | 0.084±0.006ms* |
| 256     | 0.026±0.001ms  | 0.085±0.007ms  | 0.085±0.006ms  | 0.017±0.001ms  | 0.026±0.001ms* | 0.086±0.006ms  | 0.085±0.005ms  |
| 512     | 0.031±0.002ms  | 0.020±0.001ms* | 0.021±0.001ms  | 0.023±0.002ms  | 0.033±0.002ms  | 0.020±0.002ms  | 0.022±0.001ms  |
| 1024    | 0.026±0.001ms  | 0.023±0.002ms  | 0.023±0.002ms* | 0.017±0.001ms  | 0.026±0.001ms  | 0.024±0.002ms  | 0.023±0.001ms  |
| 2048    | 0.083±0.004ms  | 0.020±0.001ms* | 0.022±0.001ms  | 0.072±0.003ms  | 0.083±0.005ms  | 0.020±0.001ms  | 0.022±0.002ms  |
+---------+----------------+----------------+----------------+----------------+----------------+----------------+----------------+

Latency min–max (ms)
+---------+---------------+---------------+---------------+---------------+----------------+---------------+---------------+
| seq_len | example_oc128 | example_oc32  | example_oc64  | pytorch       | template_oc128 | template_oc32 | template_oc64 |
+---------+---------------+---------------+---------------+---------------+----------------+---------------+---------------+
| 64      | 0.078–4.168ms | 0.018–0.033ms | 0.081–0.135ms | 0.068–0.087ms | 0.080–0.127ms  | 0.019–1.934ms | 0.079–0.125ms |
| 128     | 0.077–0.131ms | 0.080–0.125ms | 0.074–0.130ms | 0.069–0.099ms | 0.077–0.124ms  | 0.076–0.137ms | 0.076–0.125ms |
| 256     | 0.024–0.033ms | 0.077–0.122ms | 0.079–0.128ms | 0.015–0.021ms | 0.024–0.033ms  | 0.077–0.131ms | 0.075–0.117ms |
| 512     | 0.028–0.038ms | 0.015–0.026ms | 0.019–0.028ms | 0.021–0.031ms | 0.030–0.044ms  | 0.017–0.029ms | 0.020–0.029ms |
| 1024    | 0.024–0.033ms | 0.020–0.031ms | 0.019–0.031ms | 0.014–0.024ms | 0.023–0.033ms  | 0.020–0.035ms | 0.021–0.031ms |
| 2048    | 0.078–0.105ms | 0.018–0.025ms | 0.020–0.025ms | 0.068–0.089ms | 0.074–0.119ms  | 0.017–0.026ms | 0.020–0.032ms |
+---------+---------------+---------------+---------------+---------------+----------------+---------------+---------------+

Speedup vs PyTorch  (>1.0 = faster than PyTorch)
+---------+---------------+--------------+--------------+---------+----------------+---------------+---------------+
| seq_len | example_oc128 | example_oc32 | example_oc64 | pytorch | template_oc128 | template_oc32 | template_oc64 |
+---------+---------------+--------------+--------------+---------+----------------+---------------+---------------+
| 64      |   0.56x       |   3.46x      |   0.84x      |   1.00x |   0.83x        |   1.72x       |   0.82x       |
| 128     |   0.86x       |   0.85x      |   0.86x      |   1.00x |   0.87x        |   0.86x       |   0.87x       |
| 256     |   0.64x       |   0.20x      |   0.20x      |   1.00x |   0.64x        |   0.20x       |   0.20x       |
| 512     |   0.74x       |   1.17x      |   1.08x      |   1.00x |   0.70x        |   1.16x       |   1.06x       |
| 1024    |   0.65x       |   0.75x      |   0.75x      |   1.00x |   0.65x        |   0.72x       |   0.73x       |
| 2048    |   0.87x       |   3.68x      |   3.32x      |   1.00x |   0.87x        |   3.64x       |   3.26x       |
+---------+---------------+--------------+--------------+---------+----------------+---------------+---------------+

TFLOPS  (higher is better)
+---------+---------------+--------------+--------------+----------+----------------+---------------+---------------+
| seq_len | example_oc128 | example_oc32 | example_oc64 | pytorch  | template_oc128 | template_oc32 | template_oc64 |
+---------+---------------+--------------+--------------+----------+----------------+---------------+---------------+
| 64      | 0.01 TF       | 0.01 TF      | 0.00 TF      |  N/A  TF | 0.01 TF        | 0.00 TF       | 0.00 TF       |
| 128     | 0.02 TF       | 0.00 TF      | 0.01 TF      |  N/A  TF | 0.02 TF        | 0.00 TF       | 0.01 TF       |
| 256     | 0.12 TF       | 0.01 TF      | 0.02 TF      |  N/A  TF | 0.12 TF        | 0.01 TF       | 0.02 TF       |
| 512     | 0.20 TF       | 0.08 TF      | 0.15 TF      |  N/A  TF | 0.19 TF        | 0.08 TF       | 0.15 TF       |
| 1024    | 0.48 TF       | 0.14 TF      | 0.28 TF      |  N/A  TF | 0.48 TF        | 0.13 TF       | 0.27 TF       |
| 2048    | 0.30 TF       | 0.32 TF      | 0.58 TF      |  N/A  TF | 0.30 TF        | 0.32 TF       | 0.57 TF       |
+---------+---------------+--------------+--------------+----------+----------------+---------------+---------------+
  Saved: /home/s2890639/projects/edin-mls-26-spring/results_kernels/run_2233732/kernels/conv1d.csv
  matplotlib not available; skipping plot
[2026-03-25 16:08:07] -- Kernel conv1d done.
[2026-03-25 16:08:07] -- Kernel: rope (block-sizes: 16,32,64)
========================================================================
GLM-ASR Kernel Benchmarking Framework
template  = glm_asr_triton_template  (student implementation)
example   = glm_asr_triton_example   (reference Triton)
pytorch   = torch.nn.functional      (vendor baseline)
========================================================================

Device: cuda
GPU:    NVIDIA H200 MIG 1g.18gb

────────────────────────────────────────────────────────────────────────
Benchmarking: rope  |  seq_lens=[64, 128, 256, 512, 1024, 2048]  |  block_sizes=[16, 32, 64]
Warmup=10, Runs=100
────────────────────────────────────────────────────────────────────────
  [correctness] rope_cos hd=16 seq=64: PASS  (max_diff=0.0000e+00)
  [correctness] rope_sin hd=16 seq=64: PASS  (max_diff=0.0000e+00)
  [correctness] rope_cos hd=32 seq=64: PASS  (max_diff=0.0000e+00)
  [correctness] rope_sin hd=32 seq=64: PASS  (max_diff=0.0000e+00)
  [correctness] rope_cos hd=64 seq=64: PASS  (max_diff=0.0000e+00)
  [correctness] rope_sin hd=64 seq=64: PASS  (max_diff=0.0000e+00)
  [correctness] rope_cos hd=16 seq=128: PASS  (max_diff=0.0000e+00)
  [correctness] rope_sin hd=16 seq=128: PASS  (max_diff=0.0000e+00)
  [correctness] rope_cos hd=32 seq=128: PASS  (max_diff=0.0000e+00)
  [correctness] rope_sin hd=32 seq=128: PASS  (max_diff=0.0000e+00)
  [correctness] rope_cos hd=64 seq=128: PASS  (max_diff=0.0000e+00)
  [correctness] rope_sin hd=64 seq=128: PASS  (max_diff=0.0000e+00)
  [correctness] rope_cos hd=16 seq=256: PASS  (max_diff=0.0000e+00)
  [correctness] rope_sin hd=16 seq=256: PASS  (max_diff=0.0000e+00)
  [correctness] rope_cos hd=32 seq=256: PASS  (max_diff=0.0000e+00)
  [correctness] rope_sin hd=32 seq=256: PASS  (max_diff=0.0000e+00)
  [correctness] rope_cos hd=64 seq=256: PASS  (max_diff=0.0000e+00)
  [correctness] rope_sin hd=64 seq=256: PASS  (max_diff=0.0000e+00)
  [correctness] rope_cos hd=16 seq=512: PASS  (max_diff=0.0000e+00)
  [correctness] rope_sin hd=16 seq=512: PASS  (max_diff=0.0000e+00)
  [correctness] rope_cos hd=32 seq=512: PASS  (max_diff=0.0000e+00)
  [correctness] rope_sin hd=32 seq=512: PASS  (max_diff=0.0000e+00)
  [correctness] rope_cos hd=64 seq=512: PASS  (max_diff=0.0000e+00)
  [correctness] rope_sin hd=64 seq=512: PASS  (max_diff=0.0000e+00)
  [correctness] rope_cos hd=16 seq=1024: PASS  (max_diff=0.0000e+00)
  [correctness] rope_sin hd=16 seq=1024: PASS  (max_diff=0.0000e+00)
  [correctness] rope_cos hd=32 seq=1024: PASS  (max_diff=0.0000e+00)
  [correctness] rope_sin hd=32 seq=1024: PASS  (max_diff=0.0000e+00)
  [correctness] rope_cos hd=64 seq=1024: PASS  (max_diff=0.0000e+00)
  [correctness] rope_sin hd=64 seq=1024: PASS  (max_diff=0.0000e+00)
  [correctness] rope_cos hd=16 seq=2048: PASS  (max_diff=0.0000e+00)
  [correctness] rope_sin hd=16 seq=2048: PASS  (max_diff=0.0000e+00)
  [correctness] rope_cos hd=32 seq=2048: PASS  (max_diff=0.0000e+00)
  [correctness] rope_sin hd=32 seq=2048: PASS  (max_diff=0.0000e+00)
  [correctness] rope_cos hd=64 seq=2048: PASS  (max_diff=0.0000e+00)
  [correctness] rope_sin hd=64 seq=2048: PASS  (max_diff=0.0000e+00)

========================================================================
RoPE Benchmark  hd=16  (cuda)
========================================================================

Latency mean±std (ms) — lower is better  (* = best Triton variant)
+---------+----------------+----------------+----------------+
| seq_len | template_hd16  | example_hd16   | pytorch_hd16   |
+---------+----------------+----------------+----------------+
| 64      | 0.032±0.005ms* | 0.080±0.010ms  | 0.094±0.006ms  |
| 128     | 0.076±0.006ms  | 0.062±0.004ms* | 0.063±0.005ms  |
| 256     | 0.025±0.002ms  | 0.024±0.002ms* | 0.028±0.002ms  |
| 512     | 0.018±0.002ms  | 0.018±0.002ms* | 0.022±0.001ms  |
| 1024    | 0.018±0.001ms* | 0.019±0.001ms  | 0.022±0.001ms  |
| 2048    | 0.020±0.001ms* | 0.020±0.001ms  | 0.023±0.001ms  |
+---------+----------------+----------------+----------------+

Latency min–max (ms)
+---------+---------------+---------------+---------------+
| seq_len | template_hd16 | example_hd16  | pytorch_hd16  |
+---------+---------------+---------------+---------------+
| 64      | 0.026–0.065ms | 0.072–0.166ms | 0.089–0.144ms |
| 128     | 0.064–0.101ms | 0.054–0.086ms | 0.054–0.081ms |
| 256     | 0.022–0.036ms | 0.020–0.031ms | 0.024–0.035ms |
| 512     | 0.016–0.028ms | 0.016–0.026ms | 0.020–0.027ms |
| 1024    | 0.016–0.027ms | 0.016–0.026ms | 0.020–0.027ms |
| 2048    | 0.017–0.024ms | 0.017–0.024ms | 0.021–0.028ms |
+---------+---------------+---------------+---------------+

Speedup vs PyTorch  (>1.0 = faster than PyTorch)
+---------+---------------+--------------+--------------+
| seq_len | template_hd16 | example_hd16 | pytorch_hd16 |
+---------+---------------+--------------+--------------+
| 64      |   2.93x       |   1.18x      |   1.00x      |
| 128     |   0.83x       |   1.01x      |   1.00x      |
| 256     |   1.11x       |   1.15x      |   1.00x      |
| 512     |   1.21x       |   1.23x      |   1.00x      |
| 1024    |   1.21x       |   1.21x      |   1.00x      |
| 2048    |   1.15x       |   1.13x      |   1.00x      |
+---------+---------------+--------------+--------------+
  Saved: /home/s2890639/projects/edin-mls-26-spring/results_kernels/run_2233732/kernels/rope_hd16.csv
  matplotlib not available; skipping plot

========================================================================
RoPE Benchmark  hd=32  (cuda)
========================================================================

Latency mean±std (ms) — lower is better  (* = best Triton variant)
+---------+----------------+----------------+----------------+
| seq_len | template_hd32  | example_hd32   | pytorch_hd32   |
+---------+----------------+----------------+----------------+
| 64      | 0.080±0.007ms* | 0.082±0.005ms  | 0.094±0.006ms  |
| 128     | 0.043±0.003ms  | 0.040±0.003ms* | 0.041±0.002ms  |
| 256     | 0.022±0.002ms  | 0.021±0.002ms* | 0.024±0.001ms  |
| 512     | 0.018±0.002ms  | 0.018±0.001ms* | 0.022±0.001ms  |
| 1024    | 0.019±0.001ms* | 0.019±0.001ms* | 0.023±0.002ms  |
| 2048    | 0.019±0.001ms* | 0.020±0.001ms  | 0.022±0.001ms  |
+---------+----------------+----------------+----------------+

Latency min–max (ms)
+---------+---------------+---------------+---------------+
| seq_len | template_hd32 | example_hd32  | pytorch_hd32  |
+---------+---------------+---------------+---------------+
| 64      | 0.071–0.119ms | 0.074–0.121ms | 0.089–0.140ms |
| 128     | 0.039–0.058ms | 0.035–0.052ms | 0.038–0.051ms |
| 256     | 0.018–0.030ms | 0.017–0.031ms | 0.022–0.030ms |
| 512     | 0.015–0.030ms | 0.015–0.022ms | 0.020–0.028ms |
| 1024    | 0.017–0.026ms | 0.017–0.027ms | 0.020–0.033ms |
| 2048    | 0.015–0.025ms | 0.018–0.027ms | 0.020–0.027ms |
+---------+---------------+---------------+---------------+

Speedup vs PyTorch  (>1.0 = faster than PyTorch)
+---------+---------------+--------------+--------------+
| seq_len | template_hd32 | example_hd32 | pytorch_hd32 |
+---------+---------------+--------------+--------------+
| 64      |   1.18x       |   1.15x      |   1.00x      |
| 128     |   0.94x       |   1.03x      |   1.00x      |
| 256     |   1.12x       |   1.19x      |   1.00x      |
| 512     |   1.21x       |   1.22x      |   1.00x      |
| 1024    |   1.21x       |   1.21x      |   1.00x      |
| 2048    |   1.16x       |   1.11x      |   1.00x      |
+---------+---------------+--------------+--------------+
  Saved: /home/s2890639/projects/edin-mls-26-spring/results_kernels/run_2233732/kernels/rope_hd32.csv
  matplotlib not available; skipping plot

========================================================================
RoPE Benchmark  hd=64  (cuda)
========================================================================

Latency mean±std (ms) — lower is better  (* = best Triton variant)
+---------+----------------+----------------+----------------+
| seq_len | template_hd64  | example_hd64   | pytorch_hd64   |
+---------+----------------+----------------+----------------+
| 64      | 0.092±0.123ms  | 0.081±0.007ms* | 0.093±0.003ms  |
| 128     | 0.031±0.003ms  | 0.029±0.002ms* | 0.033±0.003ms  |
| 256     | 0.019±0.002ms  | 0.018±0.001ms* | 0.023±0.002ms  |
| 512     | 0.018±0.002ms  | 0.018±0.001ms* | 0.023±0.001ms  |
| 1024    | 0.019±0.001ms* | 0.019±0.001ms  | 0.022±0.001ms  |
| 2048    | 0.022±0.001ms* | 0.022±0.001ms  | 0.025±0.001ms  |
+---------+----------------+----------------+----------------+

Latency min–max (ms)
+---------+---------------+---------------+---------------+
| seq_len | template_hd64 | example_hd64  | pytorch_hd64  |
+---------+---------------+---------------+---------------+
| 64      | 0.073–1.318ms | 0.075–0.136ms | 0.089–0.108ms |
| 128     | 0.027–0.048ms | 0.025–0.037ms | 0.028–0.042ms |
| 256     | 0.017–0.028ms | 0.016–0.025ms | 0.021–0.034ms |
| 512     | 0.016–0.028ms | 0.015–0.023ms | 0.020–0.029ms |
| 1024    | 0.016–0.025ms | 0.017–0.024ms | 0.020–0.029ms |
| 2048    | 0.020–0.026ms | 0.020–0.026ms | 0.022–0.030ms |
+---------+---------------+---------------+---------------+

Speedup vs PyTorch  (>1.0 = faster than PyTorch)
+---------+---------------+--------------+--------------+
| seq_len | template_hd64 | example_hd64 | pytorch_hd64 |
+---------+---------------+--------------+--------------+
| 64      |   1.01x       |   1.15x      |   1.00x      |
| 128     |   1.05x       |   1.14x      |   1.00x      |
| 256     |   1.21x       |   1.26x      |   1.00x      |
| 512     |   1.24x       |   1.27x      |   1.00x      |
| 1024    |   1.20x       |   1.20x      |   1.00x      |
| 2048    |   1.13x       |   1.11x      |   1.00x      |
+---------+---------------+--------------+--------------+
  Saved: /home/s2890639/projects/edin-mls-26-spring/results_kernels/run_2233732/kernels/rope_hd64.csv
  matplotlib not available; skipping plot
[2026-03-25 16:08:11] -- Kernel rope done.
[2026-03-25 16:08:12] -- Kernel: fused_qkv (block-sizes: <default>)
========================================================================
GLM-ASR Kernel Benchmarking Framework
template  = glm_asr_triton_template  (student implementation)
example   = glm_asr_triton_example   (reference Triton)
pytorch   = torch.nn.functional      (vendor baseline)
========================================================================

Device: cuda
GPU:    NVIDIA H200 MIG 1g.18gb

────────────────────────────────────────────────────────────────────────
Benchmarking: fused_qkv  |  seq_lens=[64, 128, 256, 512, 1024, 2048]  |  block_sizes=[16, 32, 64]
Warmup=10, Runs=100
────────────────────────────────────────────────────────────────────────
  [correctness] fused_qkv Q seq=64: PASS  (max_diff=8.2771e-02)
  [correctness] fused_qkv K seq=64: PASS  (max_diff=7.3524e-02)
  [correctness] fused_qkv V seq=64: PASS  (max_diff=7.5361e-02)
  [correctness] fused_qkv Q seq=128: PASS  (max_diff=8.2963e-02)
  [correctness] fused_qkv K seq=128: PASS  (max_diff=8.0326e-02)
  [correctness] fused_qkv V seq=128: PASS  (max_diff=8.1964e-02)
  [correctness] fused_qkv Q seq=256: PASS  (max_diff=8.2091e-02)
  [correctness] fused_qkv K seq=256: PASS  (max_diff=8.2794e-02)
  [correctness] fused_qkv V seq=256: PASS  (max_diff=8.1100e-02)
  [correctness] fused_qkv Q seq=512: PASS  (max_diff=9.3208e-02)
  [correctness] fused_qkv K seq=512: PASS  (max_diff=9.1736e-02)
  [correctness] fused_qkv V seq=512: PASS  (max_diff=8.7773e-02)
  [correctness] fused_qkv Q seq=1024: PASS  (max_diff=9.8052e-02)
  [correctness] fused_qkv K seq=1024: PASS  (max_diff=7.8707e-02)
  [correctness] fused_qkv V seq=1024: PASS  (max_diff=8.3050e-02)
  [correctness] fused_qkv Q seq=2048: PASS  (max_diff=8.9493e-02)
  [correctness] fused_qkv K seq=2048: PASS  (max_diff=8.6265e-02)
  [correctness] fused_qkv V seq=2048: PASS  (max_diff=9.0714e-02)

========================================================================
FusedQKV Benchmark  (M=seq_len, K=3584, N_Q=3584, N_KV=512, BK=64, cuda)
========================================================================

Latency mean±std (ms) — lower is better  (* = best Triton variant)
+---------+--------------------+-----------------+-----------------+
| seq_len | template_autotuned | example_unfused | pytorch         |
+---------+--------------------+-----------------+-----------------+
| 64      | 0.320±0.018ms*     | 0.525±0.018ms   | 0.568±0.007ms   |
| 128     | 0.334±0.002ms*     | 0.908±0.004ms   | 0.822±0.019ms   |
| 256     | 0.535±0.004ms*     | 1.654±0.002ms   | 1.873±0.003ms   |
| 512     | 0.966±0.028ms*     | 3.097±0.004ms   | 3.732±0.004ms   |
| 1024    | 1.824±0.011ms*     | 5.964±0.007ms   | 6.619±0.008ms   |
| 2048    | 3.860±0.029ms*     | 12.823±0.012ms  | 13.248±0.012ms  |
+---------+--------------------+-----------------+-----------------+

Latency min–max (ms)
+---------+--------------------+-----------------+-----------------+
| seq_len | template_autotuned | example_unfused | pytorch         |
+---------+--------------------+-----------------+-----------------+
| 64      | 0.283–0.361ms      | 0.490–0.576ms   | 0.556–0.593ms   |
| 128     | 0.330–0.345ms      | 0.899–0.919ms   | 0.791–0.871ms   |
| 256     | 0.525–0.548ms      | 1.648–1.665ms   | 1.867–1.880ms   |
| 512     | 0.946–1.108ms      | 3.086–3.109ms   | 3.724–3.758ms   |
| 1024    | 1.799–1.845ms      | 5.947–5.981ms   | 6.609–6.668ms   |
| 2048    | 3.810–3.955ms      | 12.809–12.869ms | 13.233–13.294ms |
+---------+--------------------+-----------------+-----------------+

Speedup vs PyTorch  (>1.0 = faster than PyTorch)
+---------+--------------------+-----------------+---------+
| seq_len | template_autotuned | example_unfused | pytorch |
+---------+--------------------+-----------------+---------+
| 64      |   1.78x            |   1.08x         |   1.00x |
| 128     |   2.46x            |   0.90x         |   1.00x |
| 256     |   3.50x            |   1.13x         |   1.00x |
| 512     |   3.86x            |   1.21x         |   1.00x |
| 1024    |   3.63x            |   1.11x         |   1.00x |
| 2048    |   3.43x            |   1.03x         |   1.00x |
+---------+--------------------+-----------------+---------+

TFLOPS  (higher is better)
+---------+--------------------+-----------------+---------+
| seq_len | template_autotuned | example_unfused | pytorch |
+---------+--------------------+-----------------+---------+
| 64      | 6.61 TF            | 4.03 TF         | 3.72 TF |
| 128     | 12.64 TF           | 4.65 TF         | 5.14 TF |
| 256     | 15.81 TF           | 5.11 TF         | 4.52 TF |
| 512     | 17.50 TF           | 5.46 TF         | 4.53 TF |
| 1024    | 18.54 TF           | 5.67 TF         | 5.11 TF |
| 2048    | 17.53 TF           | 5.28 TF         | 5.11 TF |
+---------+--------------------+-----------------+---------+
  Saved: /home/s2890639/projects/edin-mls-26-spring/results_kernels/run_2233732/kernels/fused_qkv.csv
  matplotlib not available; skipping plot
[2026-03-25 16:08:38] -- Kernel fused_qkv done.
[2026-03-25 16:08:38] ==== PHASE 1 complete. CSVs and quick plots in /home/s2890639/projects/edin-mls-26-spring/results_kernels/run_2233732/kernels ====
[2026-03-25 16:08:38] ==== PHASE 2: Model benchmark (audio=/home/s2890639/projects/edin-mls-26-spring/test_audio.wav, runs=20) ====
========================================================================
GLM-ASR Kernel Benchmarking Framework
template  = glm_asr_triton_template  (student implementation)
example   = glm_asr_triton_example   (reference Triton)
pytorch   = torch.nn.functional      (vendor baseline)
========================================================================

Device: cuda
GPU:    NVIDIA H200 MIG 1g.18gb

========================================================================
MODEL BENCHMARK: glm_asr_triton_template vs glm_asr_triton_example
========================================================================
  Audio file not found: /home/s2890639/projects/edin-mls-26-spring/test_audio.wav
  Skipping model benchmark. Provide --audio <path> to run this.
[2026-03-25 16:08:39] ==== PHASE 2 complete ====
[2026-03-25 16:08:39] ==== PHASE 3: Model sweep (seq-lens=10,25,50,75,100,150,200, runs=20) ====
========================================================================
GLM-ASR Kernel Benchmarking Framework
template  = glm_asr_triton_template  (student implementation)
example   = glm_asr_triton_example   (reference Triton)
pytorch   = torch.nn.functional      (vendor baseline)
========================================================================

Device: cuda
GPU:    NVIDIA H200 MIG 1g.18gb

========================================================================
PERFORMANCE SWEEP: template vs example  (decoder context scaling)
  gen_lens      = [10, 25, 50, 75, 100, 150, 200]
  warmup/runs   = 5/5
========================================================================
  [sweep] torchaudio not found – using synthetic silence.

[template] Loading model from glm_asr_triton_template...
Loading HuggingFace model: zai-org/GLM-ASR-Nano-2512
Creating Triton model with config:
  Audio: hidden=1280, heads=20, layers=32
  Text: hidden=2048, heads=16, kv_heads=4, layers=28
Loading HuggingFace weights...
Loading weights:   0%|          | 0/745 [00:00<?, ?it/s]Loading weights:   1%|          | 4/745 [00:00<01:32,  7.99it/s]Loading weights:   1%|          | 8/745 [00:01<01:40,  7.31it/s]Loading weights:   3%|▎         | 23/745 [00:01<00:50, 14.20it/s]Loading weights:   3%|▎         | 25/745 [00:02<01:12,  9.87it/s]Loading weights:   5%|▌         | 38/745 [00:03<00:50, 14.08it/s]Loading weights:   5%|▌         | 40/745 [00:13<07:29,  1.57it/s]Loading weights:   7%|▋         | 53/745 [00:14<03:47,  3.04it/s]Loading weights:   9%|▊         | 64/745 [00:14<02:22,  4.77it/s]Loading weights:   9%|▉         | 70/745 [00:15<02:16,  4.94it/s]Loading weights:  11%|█         | 83/745 [00:15<01:32,  7.19it/s]Loading weights:  13%|█▎        | 98/745 [00:16<01:06,  9.70it/s]Loading weights:  14%|█▎        | 101/745 [00:16<01:03, 10.11it/s]Loading weights:  15%|█▌        | 113/745 [00:17<00:50, 12.60it/s]Loading weights:  16%|█▌        | 116/745 [00:17<00:47, 13.12it/s]Loading weights:  17%|█▋        | 128/745 [00:18<00:40, 15.12it/s]Loading weights:  18%|█▊        | 131/745 [00:18<00:38, 15.98it/s]Loading weights:  19%|█▉        | 143/745 [00:18<00:33, 17.79it/s]Loading weights:  20%|█▉        | 146/745 [00:19<00:34, 17.41it/s]Loading weights:  21%|██        | 158/745 [00:19<00:36, 16.07it/s]Loading weights:  23%|██▎       | 173/745 [00:20<00:29, 19.51it/s]Loading weights:  24%|██▎       | 176/745 [00:20<00:28, 20.10it/s]Loading weights:  25%|██▌       | 188/745 [00:21<00:31, 17.88it/s]Loading weights:  26%|██▌       | 191/745 [00:21<00:31, 17.46it/s]Loading weights:  27%|██▋       | 203/745 [00:21<00:26, 20.71it/s]Loading weights:  28%|██▊       | 206/745 [00:22<00:26, 19.97it/s]Loading weights:  28%|██▊       | 212/745 [00:25<01:46,  5.00it/s]Loading weights:  29%|██▉       | 218/745 [00:26<01:32,  5.70it/s]Loading weights:  30%|██▉       | 220/745 [00:31<04:06,  2.13it/s]Loading weights:  32%|███▏      | 235/745 [00:37<03:36,  2.36it/s]Loading weights:  33%|███▎      | 248/745 [00:44<03:51,  2.14it/s]Loading weights:  35%|███▍      | 259/745 [00:45<02:49,  2.87it/s]Loading weights:  37%|███▋      | 278/745 [00:46<01:32,  5.03it/s]Loading weights:  38%|███▊      | 281/745 [00:46<01:32,  5.01it/s]Loading weights:  39%|███▉      | 293/745 [00:46<01:03,  7.09it/s]Loading weights:  40%|███▉      | 296/745 [00:47<01:00,  7.48it/s]Loading weights:  41%|████▏     | 308/745 [00:48<00:46,  9.30it/s]Loading weights:  43%|████▎     | 323/745 [00:48<00:32, 13.07it/s]Loading weights:  44%|████▍     | 326/745 [00:48<00:33, 12.69it/s]Loading weights:  45%|████▌     | 338/745 [00:49<00:29, 13.98it/s]Loading weights:  47%|████▋     | 353/745 [00:50<00:24, 16.30it/s]Loading weights:  48%|████▊     | 355/745 [00:50<00:24, 15.81it/s]Loading weights:  49%|████▉     | 368/745 [00:51<00:24, 15.16it/s]Loading weights:  51%|█████▏    | 383/745 [00:51<00:17, 20.31it/s]Loading weights:  52%|█████▏    | 386/745 [00:52<00:20, 17.31it/s]Loading weights:  53%|█████▎    | 398/745 [00:52<00:20, 17.19it/s]Loading weights:  54%|█████▎    | 400/745 [00:53<00:23, 14.67it/s]Loading weights:  55%|█████▌    | 413/745 [00:53<00:18, 18.05it/s]Loading weights:  57%|█████▋    | 428/745 [00:54<00:18, 17.56it/s]Loading weights:  58%|█████▊    | 430/745 [00:54<00:19, 16.45it/s]Loading weights:  59%|█████▉    | 443/745 [00:55<00:16, 18.13it/s]Loading weights:  61%|██████▏   | 458/745 [00:56<00:16, 17.65it/s]Loading weights:  62%|██████▏   | 460/745 [00:56<00:17, 16.54it/s]Loading weights:  63%|██████▎   | 473/745 [00:56<00:14, 18.76it/s]Loading weights:  64%|██████▍   | 475/745 [00:57<00:15, 17.63it/s]Loading weights:  64%|██████▍   | 475/745 [01:09<00:15, 17.63it/s]Loading weights:  65%|██████▌   | 487/745 [01:16<02:57,  1.46it/s]Loading weights:  66%|██████▌   | 488/745 [01:17<02:56,  1.45it/s]Loading weights:  71%|███████   | 526/745 [01:19<00:52,  4.19it/s]Loading weights:  71%|███████   | 528/745 [01:19<00:52,  4.14it/s]Loading weights:  72%|███████▏  | 535/745 [01:21<00:50,  4.13it/s]Loading weights:  72%|███████▏  | 536/745 [01:21<00:49,  4.18it/s]Loading weights:  72%|███████▏  | 537/745 [01:22<00:56,  3.71it/s]Loading weights:  73%|███████▎  | 544/745 [01:23<00:47,  4.23it/s]Loading weights:  73%|███████▎  | 545/745 [01:25<01:03,  3.16it/s]Loading weights:  74%|███████▍  | 553/745 [01:26<00:43,  4.43it/s]Loading weights:  74%|███████▍  | 554/745 [01:26<00:49,  3.87it/s]Loading weights:  75%|███████▌  | 562/745 [01:29<00:49,  3.72it/s]Loading weights:  76%|███████▌  | 563/745 [01:29<00:51,  3.52it/s]Loading weights:  77%|███████▋  | 571/745 [01:31<00:46,  3.73it/s]Loading weights:  77%|███████▋  | 572/745 [01:31<00:45,  3.84it/s]Loading weights:  77%|███████▋  | 573/745 [01:31<00:43,  3.95it/s]Loading weights:  78%|███████▊  | 580/745 [01:33<00:44,  3.70it/s]Loading weights:  78%|███████▊  | 581/745 [01:34<00:41,  3.91it/s]Loading weights:  79%|███████▉  | 589/745 [01:48<02:40,  1.03s/it]Loading weights:  80%|████████  | 599/745 [01:49<01:24,  1.73it/s]Loading weights:  81%|████████  | 600/745 [01:49<01:25,  1.70it/s]Loading weights:  81%|████████  | 604/745 [01:56<02:04,  1.13it/s]Loading weights:  81%|████████▏ | 607/745 [01:57<01:49,  1.26it/s]Loading weights:  82%|████████▏ | 608/745 [01:58<01:40,  1.36it/s]Loading weights:  82%|████████▏ | 609/745 [01:58<01:29,  1.52it/s]Loading weights:  83%|████████▎ | 616/745 [02:00<00:58,  2.20it/s]Loading weights:  84%|████████▍ | 625/745 [02:02<00:40,  2.94it/s]Loading weights:  84%|████████▍ | 627/745 [02:04<00:53,  2.22it/s]Loading weights:  85%|████████▌ | 634/745 [02:05<00:36,  3.06it/s]Loading weights:  86%|████████▌ | 640/745 [02:05<00:24,  4.29it/s]Loading weights:  86%|████████▋ | 643/745 [02:07<00:31,  3.26it/s]Loading weights:  86%|████████▋ | 644/745 [02:08<00:31,  3.21it/s]Loading weights:  88%|████████▊ | 652/745 [02:09<00:24,  3.80it/s]Loading weights:  88%|████████▊ | 653/745 [02:09<00:23,  3.91it/s]Loading weights:  88%|████████▊ | 654/745 [02:10<00:21,  4.17it/s]Loading weights:  89%|████████▊ | 661/745 [02:11<00:21,  3.99it/s]Loading weights:  89%|████████▉ | 662/745 [02:12<00:20,  4.12it/s]Loading weights:  89%|████████▉ | 663/745 [02:12<00:19,  4.15it/s]Loading weights:  90%|████████▉ | 670/745 [02:13<00:17,  4.22it/s]Loading weights:  90%|█████████ | 671/745 [02:14<00:16,  4.40it/s]Loading weights:  90%|█████████ | 672/745 [02:14<00:16,  4.31it/s]Loading weights:  91%|█████████ | 679/745 [02:16<00:15,  4.13it/s]Loading weights:  91%|█████████▏| 680/745 [02:16<00:15,  4.27it/s]Loading weights:  91%|█████████▏| 681/745 [02:16<00:18,  3.52it/s]Loading weights:  92%|█████████▏| 688/745 [02:17<00:12,  4.63it/s]Loading weights:  93%|█████████▎| 690/745 [02:18<00:11,  4.98it/s]Loading weights:  93%|█████████▎| 694/745 [02:18<00:07,  6.81it/s]Loading weights:  94%|█████████▎| 697/745 [02:19<00:11,  4.30it/s]Loading weights:  94%|█████████▎| 698/745 [02:20<00:11,  4.22it/s]Loading weights:  94%|█████████▍| 699/745 [02:21<00:20,  2.20it/s]Loading weights:  95%|█████████▍| 707/745 [02:22<00:07,  5.36it/s]Loading weights:  95%|█████████▌| 709/745 [02:22<00:08,  4.18it/s]Loading weights:  95%|█████████▌| 711/745 [02:23<00:08,  4.03it/s]Loading weights:  96%|█████████▌| 715/745 [02:24<00:07,  4.18it/s]Loading weights:  96%|█████████▌| 716/745 [02:25<00:08,  3.59it/s]Loading weights:  97%|█████████▋| 724/745 [02:26<00:04,  4.29it/s]Loading weights:  97%|█████████▋| 725/745 [02:27<00:05,  3.81it/s]Loading weights:  98%|█████████▊| 733/745 [02:28<00:02,  4.46it/s]Loading weights:  99%|█████████▊| 734/745 [02:29<00:02,  4.29it/s]Loading weights:  99%|█████████▊| 735/745 [02:29<00:02,  4.53it/s]Loading weights: 100%|█████████▉| 743/745 [02:30<00:00,  4.71it/s]Loading weights: 100%|██████████| 745/745 [02:30<00:00,  4.94it/s]
Loading audio encoder weights...
Loading multi-modal projector weights...
Loading text decoder weights...
Weight loading complete!
  Fixed audio: 20.0s | encoder ctx: 375 tokens
  gen_len=  10  warming up...  334.9ms  29.9tok/s  33.49ms/tok  12710MB
    hyp (  0 words): 
    WER=0.000  CER=0.000
  gen_len=  25  warming up...  334.9ms  74.7tok/s  13.39ms/tok  12710MB
    hyp (  0 words): 
    WER=0.000  CER=0.000
  gen_len=  50  warming up...  335.1ms  149.2tok/s  6.70ms/tok  12710MB
    hyp (  0 words): 
    WER=0.000  CER=0.000
  gen_len=  75  warming up...  334.8ms  224.0tok/s  4.46ms/tok  12710MB
    hyp (  0 words): 
    WER=0.000  CER=0.000
  gen_len= 100  warming up...  334.8ms  298.7tok/s  3.35ms/tok  12710MB
    hyp (  0 words): 
    WER=0.000  CER=0.000
  gen_len= 150  warming up...  334.8ms  448.0tok/s  2.23ms/tok  12710MB
    hyp (  0 words): 
    WER=0.000  CER=0.000
  gen_len= 200  warming up...  335.2ms  596.7tok/s  1.68ms/tok  12710MB
    hyp (  0 words): 
    WER=0.000  CER=0.000

[example] Loading model from glm_asr_triton_example...
Loading HuggingFace model: zai-org/GLM-ASR-Nano-2512
Creating Triton model with config:
  Audio: hidden=1280, heads=20, layers=32
  Text: hidden=2048, heads=16, kv_heads=4, layers=28
Loading HuggingFace weights...
Loading weights:   0%|          | 0/745 [00:00<?, ?it/s]Loading weights:   1%|          | 4/745 [00:00<01:49,  6.80it/s]Loading weights:   1%|          | 8/745 [00:00<01:24,  8.72it/s]Loading weights:   1%|▏         | 10/745 [00:01<01:14,  9.90it/s]Loading weights:   3%|▎         | 23/745 [00:01<00:46, 15.40it/s]Loading weights:   5%|▌         | 38/745 [00:02<00:37, 18.77it/s]Loading weights:   5%|▌         | 40/745 [00:02<00:37, 18.56it/s]Loading weights:   7%|▋         | 53/745 [00:03<00:37, 18.48it/s]Loading weights:   9%|▉         | 68/745 [00:03<00:33, 20.46it/s]Loading weights:   9%|▉         | 70/745 [00:03<00:33, 20.27it/s]Loading weights:  11%|█         | 83/745 [00:04<00:33, 19.66it/s]Loading weights:  13%|█▎        | 98/745 [00:05<00:31, 20.70it/s]Loading weights:  14%|█▍        | 107/745 [00:05<00:24, 25.84it/s]Loading weights:  15%|█▌        | 113/745 [00:06<00:34, 18.18it/s]Loading weights:  17%|█▋        | 128/745 [00:06<00:31, 19.73it/s]Loading weights:  19%|█▉        | 143/745 [00:07<00:31, 19.35it/s]Loading weights:  21%|██        | 158/745 [00:08<00:29, 20.12it/s]Loading weights:  22%|██▏       | 161/745 [00:08<00:28, 20.70it/s]Loading weights:  23%|██▎       | 173/745 [00:09<00:30, 19.06it/s]Loading weights:  24%|██▎       | 176/745 [00:09<00:29, 19.41it/s]Loading weights:  25%|██▌       | 188/745 [00:09<00:27, 20.00it/s]Loading weights:  27%|██▋       | 203/745 [00:10<00:27, 19.83it/s]Loading weights:  28%|██▊       | 206/745 [00:10<00:26, 20.17it/s]Loading weights:  29%|██▉       | 218/745 [00:11<00:26, 20.24it/s]Loading weights:  31%|███▏      | 233/745 [00:12<00:25, 19.88it/s]Loading weights:  32%|███▏      | 236/745 [00:12<00:25, 19.82it/s]Loading weights:  33%|███▎      | 248/745 [00:12<00:25, 19.49it/s]Loading weights:  35%|███▌      | 263/745 [00:13<00:26, 18.14it/s]Loading weights:  36%|███▌      | 265/745 [00:13<00:27, 17.63it/s]Loading weights:  37%|███▋      | 278/745 [00:14<00:27, 17.10it/s]Loading weights:  39%|███▉      | 293/745 [00:15<00:26, 17.30it/s]Loading weights:  40%|███▉      | 295/745 [00:15<00:25, 17.33it/s]Loading weights:  41%|████▏     | 308/745 [00:16<00:24, 17.67it/s]Loading weights:  43%|████▎     | 323/745 [00:17<00:23, 18.30it/s]Loading weights:  44%|████▎     | 325/745 [00:17<00:22, 18.32it/s]Loading weights:  45%|████▌     | 338/745 [00:18<00:22, 18.10it/s]Loading weights:  47%|████▋     | 353/745 [00:18<00:20, 18.97it/s]Loading weights:  48%|████▊     | 355/745 [00:18<00:20, 18.98it/s]Loading weights:  49%|████▉     | 368/745 [00:19<00:21, 17.68it/s]Loading weights:  51%|█████▏    | 383/745 [00:20<00:18, 19.41it/s]Loading weights:  52%|█████▏    | 385/745 [00:20<00:19, 18.81it/s]Loading weights:  53%|█████▎    | 398/745 [00:21<00:19, 17.86it/s]Loading weights:  55%|█████▌    | 413/745 [00:21<00:17, 19.37it/s]Loading weights:  56%|█████▌    | 415/745 [00:22<00:17, 19.23it/s]Loading weights:  57%|█████▋    | 428/745 [00:22<00:17, 18.09it/s]Loading weights:  59%|█████▉    | 443/745 [00:23<00:15, 19.27it/s]Loading weights:  60%|█████▉    | 445/745 [00:23<00:15, 19.30it/s]Loading weights:  61%|██████▏   | 458/745 [00:24<00:16, 17.58it/s]Loading weights:  63%|██████▎   | 473/745 [00:25<00:14, 18.76it/s]Loading weights:  63%|██████▎   | 473/745 [00:42<00:14, 18.76it/s]Loading weights:  65%|██████▌   | 487/745 [00:46<02:21,  1.83it/s]Loading weights:  66%|██████▌   | 488/745 [00:46<02:17,  1.87it/s]Loading weights:  71%|███████   | 528/745 [00:46<00:40,  5.37it/s]Loading weights:  72%|███████▏  | 535/745 [00:48<00:40,  5.18it/s]Loading weights:  72%|███████▏  | 540/745 [00:48<00:35,  5.83it/s]Loading weights:  73%|███████▎  | 545/745 [00:50<00:40,  4.88it/s]Loading weights:  74%|███████▍  | 553/745 [00:51<00:39,  4.82it/s]Loading weights:  75%|███████▍  | 556/745 [00:52<00:36,  5.14it/s]Loading weights:  75%|███████▌  | 562/745 [00:54<00:40,  4.51it/s]Loading weights:  76%|███████▌  | 564/745 [00:54<00:38,  4.76it/s]Loading weights:  77%|███████▋  | 571/745 [00:56<00:39,  4.44it/s]Loading weights:  77%|███████▋  | 576/745 [00:56<00:28,  5.85it/s]Loading weights:  78%|███████▊  | 580/745 [00:58<00:39,  4.14it/s]Loading weights:  79%|███████▉  | 589/745 [00:59<00:35,  4.42it/s]Loading weights:  79%|███████▉  | 591/745 [01:00<00:32,  4.72it/s]Loading weights:  80%|████████  | 598/745 [01:01<00:33,  4.41it/s]Loading weights:  80%|████████  | 599/745 [01:01<00:31,  4.59it/s]Loading weights:  81%|████████  | 600/745 [01:02<00:30,  4.74it/s]Loading weights:  81%|████████▏ | 607/745 [01:04<00:34,  4.04it/s]Loading weights:  82%|████████▏ | 609/745 [01:04<00:30,  4.48it/s]Loading weights:  83%|████████▎ | 616/745 [01:06<00:34,  3.71it/s]Loading weights:  84%|████████▍ | 625/745 [01:08<00:28,  4.21it/s]Loading weights:  84%|████████▍ | 626/745 [01:08<00:27,  4.29it/s]Loading weights:  85%|████████▌ | 634/745 [01:10<00:26,  4.18it/s]Loading weights:  85%|████████▌ | 635/745 [01:10<00:25,  4.35it/s]Loading weights:  85%|████████▌ | 636/745 [01:10<00:24,  4.48it/s]Loading weights:  86%|████████▋ | 643/745 [01:12<00:23,  4.36it/s]Loading weights:  87%|████████▋ | 645/745 [01:12<00:20,  4.82it/s]Loading weights:  88%|████████▊ | 652/745 [01:14<00:22,  4.20it/s]Loading weights:  89%|████████▊ | 661/745 [01:16<00:20,  4.03it/s]Loading weights:  89%|████████▉ | 662/745 [01:17<00:20,  4.08it/s]Loading weights:  90%|████████▉ | 670/745 [01:19<00:18,  3.96it/s]Loading weights:  90%|█████████ | 671/745 [01:19<00:18,  4.02it/s]Loading weights:  90%|█████████ | 672/745 [01:19<00:17,  4.12it/s]Loading weights:  91%|█████████ | 679/745 [01:21<00:16,  4.00it/s]Loading weights:  91%|█████████▏| 681/745 [01:21<00:14,  4.48it/s]Loading weights:  92%|█████████▏| 688/745 [01:23<00:13,  4.26it/s]Loading weights:  94%|█████████▎| 697/745 [01:25<00:10,  4.51it/s]Loading weights:  95%|█████████▍| 706/745 [01:27<00:08,  4.54it/s]Loading weights:  95%|█████████▍| 707/745 [01:27<00:08,  4.66it/s]Loading weights:  95%|█████████▌| 708/745 [01:27<00:07,  4.79it/s]Loading weights:  96%|█████████▌| 715/745 [01:29<00:06,  4.50it/s]Loading weights:  96%|█████████▌| 717/745 [01:29<00:05,  5.00it/s]Loading weights:  97%|█████████▋| 724/745 [01:31<00:05,  3.92it/s]Loading weights:  98%|█████████▊| 733/745 [01:33<00:02,  4.07it/s]Loading weights:  99%|█████████▊| 734/745 [01:33<00:02,  4.20it/s]Loading weights: 100%|█████████▉| 743/745 [01:36<00:00,  3.50it/s]Loading weights: 100%|██████████| 745/745 [01:36<00:00,  7.69it/s]
/var/spool/slurmd/job2233732/slurm_script: line 226: 3246556 Killed                  python "$HW1_DIR/benchmark_kernels.py" --kernel model_sweep --seq-lens "$MODEL_SWEEP_SEQ_LENS" --runs "$MODEL_RUNS" --warmup "$MODEL_WARMUP" --save "$OUTPUT_DIR/model_sweep" --plot
[2026-03-25 16:16:18] ERROR: command failed (exit=137) at line 220
[2026-03-25 16:16:18] ERROR: last command: python "$HW1_DIR/benchmark_kernels.py" --kernel model_sweep --seq-lens "$MODEL_SWEEP_SEQ_LENS" --runs "$MODEL_RUNS" --warmup "$MODEL_WARMUP" --save "$OUTPUT_DIR/model_sweep" --plot
[2026-03-25 16:16:18] ERROR: full log: /home/s2890639/projects/edin-mls-26-spring/results_kernels/run_2233732/logs/benchmark_run_2233732_20260325_160358.log
[2026-03-25 16:16:18] Benchmark suite exited with status 137.
[2026-03-25 16:16:18] Check log file: /home/s2890639/projects/edin-mls-26-spring/results_kernels/run_2233732/logs/benchmark_run_2233732_20260325_160358.log
